06-09 05:03:25.277   600   614 D vold    : Found matching PID 635
06-09 05:03:25.277   600   614 W vold    : Skipping due to root namespace
06-09 05:03:25.277   600   614 D vold    : Found matching PID 707
06-09 05:03:25.277   600   614 W vold    : Skipping due to root namespace
06-09 05:03:25.278   600   614 D vold    : Found matching PID 844
06-09 05:03:25.278   600   614 W vold    : Skipping due to root namespace
06-09 05:03:25.278   600   614 D vold    : Found matching PID 845
06-09 05:03:25.278   600   614 W vold    : Skipping due to root namespace
06-09 05:03:25.278   600   614 D vold    : Found matching PID 848
06-09 05:03:25.278   600   614 W vold    : Skipping due to root namespace
06-09 05:03:25.278   600   614 D vold    : Found matching PID 849
06-09 05:03:25.278   600   614 W vold    : Skipping due to root namespace
06-09 05:03:25.278   600   614 D vold    : Found matching PID 853
06-09 05:03:25.279   600   614 W vold    : Skipping due to root namespace
06-09 05:03:25.279   600   614 D vold    : Found matching PID 859
06-09 05:03:25.279   600   614 W vold    : Skipping due to root namespace
06-09 05:03:25.279   600   614 D vold    : Found matching PID 860
06-09 05:03:25.279   600   614 W vold    : Skipping due to root namespace
06-09 05:03:25.279   600   614 D vold    : Found matching PID 861
06-09 05:03:25.279   600   614 W vold    : Skipping due to root namespace
06-09 05:03:25.279   600   614 D vold    : Found matching PID 862
06-09 05:03:25.279   600   614 W vold    : Skipping due to root namespace
06-09 05:03:25.279   600   614 D vold    : Found matching PID 863
06-09 05:03:25.279   600   614 W vold    : Skipping due to root namespace
06-09 05:03:25.279   600   614 D vold    : Found matching PID 864
06-09 05:03:25.279   600   614 W vold    : Skipping due to root namespace
06-09 05:03:25.279   600   614 D vold    : Found matching PID 865
06-09 05:03:25.279   600   614 W vold    : Skipping due to root namespace
06-09 05:03:25.279   600   614 D vold    : Found matching PID 868
06-09 05:03:25.279   600   614 W vold    : Skipping due to root namespace
06-09 05:03:25.279   600   614 D vold    : Found matching PID 869
06-09 05:03:25.279   600   614 W vold    : Skipping due to root namespace
06-09 05:03:25.279   600   614 D vold    : Found matching PID 871
06-09 05:03:25.279   600   614 W vold    : Skipping due to root namespace
06-09 05:03:25.280   600   614 D vold    : Found matching PID 873
06-09 05:03:25.280   600   614 W vold    : Skipping due to root namespace
06-09 05:03:25.280   600   614 D vold    : Found matching PID 876
06-09 05:03:25.280   600   614 W vold    : Skipping due to root namespace
06-09 05:03:25.280   600   614 D vold    : Found matching PID 880
06-09 05:03:25.280   600   614 W vold    : Skipping due to root namespace
06-09 05:03:25.280   600   614 D vold    : Found matching PID 886
06-09 05:03:25.280   600   614 W vold    : Skipping due to root namespace
06-09 05:03:25.280   600   614 D vold    : Found matching PID 887
06-09 05:03:25.280   600   614 W vold    : Skipping due to root namespace
06-09 05:03:25.280   600   614 D vold    : Found matching PID 889
06-09 05:03:25.280   600   614 W vold    : Skipping due to root namespace
06-09 05:03:25.280   600   614 D vold    : Found matching PID 891
06-09 05:03:25.280   600   614 W vold    : Skipping due to root namespace
06-09 05:03:25.280   600   614 D vold    : Found matching PID 893
06-09 05:03:25.280   600   614 W vold    : Skipping due to root namespace
06-09 05:03:25.280   600   614 D vold    : Found matching PID 895
06-09 05:03:25.280   600   614 W vold    : Skipping due to root namespace
06-09 05:03:25.280   600   614 D vold    : Found matching PID 896
06-09 05:03:25.280   600   614 W vold    : Skipping due to root namespace
06-09 05:03:25.280   600   614 D vold    : Found matching PID 899
06-09 05:03:25.280   600   614 W vold    : Skipping due to root namespace
06-09 05:03:25.281   600   614 D vold    : Found matching PID 905
06-09 05:03:25.281   600   614 W vold    : Skipping due to root namespace
06-09 05:03:25.281   600   614 D vold    : Found matching PID 908
06-09 05:03:25.281   600   614 W vold    : Skipping due to root namespace
06-09 05:03:25.281   600   614 D vold    : Found matching PID 916
06-09 05:03:25.281   600   614 W vold    : Skipping due to root namespace
06-09 05:03:25.281   600   614 D vold    : Found matching PID 931
06-09 05:03:25.281   600   614 W vold    : Skipping due to root namespace
06-09 05:03:25.281   600   614 D vold    : Found matching PID 934
06-09 05:03:25.281   600   614 W vold    : Skipping due to root namespace
06-09 05:03:25.281   600   614 D vold    : Found matching PID 935
06-09 05:03:25.281   600   614 W vold    : Skipping due to root namespace
06-09 05:03:25.281   600   614 D vold    : Found matching PID 950
06-09 05:03:25.281   600   614 W vold    : Skipping due to root namespace
06-09 05:03:25.281   600   614 D vold    : Found matching PID 968
06-09 05:03:25.281   600   614 W vold    : Skipping due to root namespace
06-09 05:03:25.282   600   614 D vold    : Found matching PID 1014
06-09 05:03:25.282   600   614 W vold    : Skipping due to root namespace
06-09 05:03:25.282   600   614 D vold    : Found matching PID 1015
06-09 05:03:25.282   600   614 W vold    : Skipping due to root namespace
06-09 05:03:25.282   600   614 D vold    : Found matching PID 1023
06-09 05:03:25.282   600   614 W vold    : Skipping due to root namespace
06-09 05:03:25.282   600   614 D vold    : Found matching PID 1061
06-09 05:03:25.282   600   614 W vold    : Skipping due to root namespace
06-09 05:03:25.283   600   614 D vold    : Found matching PID 1068
06-09 05:03:25.283   600   614 W vold    : Skipping due to root namespace
06-09 05:03:25.283   600   614 D vold    : Found matching PID 1072
06-09 05:03:25.283   600   614 W vold    : Skipping due to root namespace
06-09 05:03:25.283   600   614 D vold    : Found matching PID 1074
06-09 05:03:25.283   600   614 W vold    : Skipping due to root namespace
06-09 05:03:25.283   600   614 D vold    : Found matching PID 1075
06-09 05:03:25.283   600   614 W vold    : Skipping due to root namespace
06-09 05:03:25.283   600   614 D vold    : Found matching PID 1096
06-09 05:03:25.283   600   614 W vold    : Skipping due to root namespace
06-09 05:03:25.283   600   614 D vold    : Found matching PID 1100
06-09 05:03:25.284   600   614 W vold    : Skipping due to root namespace
06-09 05:03:25.284   600   614 D vold    : Found matching PID 1103
06-09 05:03:25.284   600   614 W vold    : Skipping due to root namespace
06-09 05:03:25.284   600   614 D vold    : Found matching PID 1120
06-09 05:03:25.284   600   614 W vold    : Skipping due to root namespace
06-09 05:03:25.284   600   614 D vold    : Found matching PID 1134
06-09 05:03:25.284   600   614 W vold    : Skipping due to root namespace
06-09 05:03:25.284   600   614 D vold    : Found matching PID 1135
06-09 05:03:25.284   600   614 W vold    : Skipping due to root namespace
06-09 05:03:25.284   600   614 D vold    : Found matching PID 1142
06-09 05:03:25.295   600   614 D vold    : Found matching PID 1157
06-09 05:03:25.295   600   614 W vold    : Skipping due to root namespace
06-09 05:03:25.295   600   614 D vold    : Found matching PID 1159
06-09 05:03:25.295   600   614 W vold    : Skipping due to root namespace
06-09 05:03:25.295   600   614 D vold    : Found matching PID 1162
06-09 05:03:25.296   600   614 W vold    : Skipping due to root namespace
06-09 05:03:25.296   600   614 D vold    : Found matching PID 1214
06-09 05:03:25.296   600   614 W vold    : Skipping due to root namespace
06-09 05:03:25.296   600   614 D vold    : Found matching PID 1574
06-09 05:03:25.296   600   614 W vold    : Skipping due to root namespace
06-09 05:03:25.296   600   614 D vold    : Found matching PID 2458
06-09 05:03:25.307   600   614 D vold    : Found matching PID 2493
06-09 05:03:25.318   600   614 D vold    : Found matching PID 2560
06-09 05:03:25.329   600   614 D vold    : Found matching PID 2749
06-09 05:03:25.329   600   614 W vold    : Skipping due to root namespace
06-09 05:03:25.329   600   614 D vold    : Found matching PID 2798
06-09 05:03:25.329   600   614 W vold    : Skipping due to root namespace
06-09 05:03:25.330   600   696 D vold    : Remounting 1000 as mode full
06-09 05:03:25.342   600   696 D vold    : Found matching PID 588
06-09 05:03:25.342   600   696 W vold    : Skipping due to root namespace
06-09 05:03:25.342   600   696 D vold    : Found matching PID 589
06-09 05:03:25.342   600   696 W vold    : Skipping due to root namespace
06-09 05:03:25.342   600   696 D vold    : Found matching PID 590
06-09 05:03:25.342   600   696 W vold    : Skipping due to root namespace
06-09 05:03:25.342   600   696 D vold    : Found matching PID 593
06-09 05:03:25.342   600   696 W vold    : Skipping due to root namespace
06-09 05:03:25.342   600   696 D vold    : Found matching PID 596
06-09 05:03:25.342   600   696 W vold    : Skipping due to root namespace
06-09 05:03:25.342   600   696 D vold    : Found matching PID 597
06-09 05:03:25.342   600   696 W vold    : Skipping due to root namespace
06-09 05:03:25.342   600   696 D vold    : Found matching PID 598
06-09 05:03:25.342   600   696 W vold    : Skipping due to root namespace
06-09 05:03:25.343   600   696 D vold    : Found matching PID 624
06-09 05:03:25.343   600   696 W vold    : Skipping due to root namespace
06-09 05:03:25.343   600   696 D vold    : Found matching PID 625
06-09 05:03:25.343   600   696 W vold    : Skipping due to root namespace
06-09 05:03:25.343   600   696 D vold    : Found matching PID 628
06-09 05:03:25.343   600   696 W vold    : Skipping due to root namespace
06-09 05:03:25.343   600   696 D vold    : Found matching PID 629
06-09 05:03:25.343   600   696 W vold    : Skipping due to root namespace
06-09 05:03:25.343   600   696 D vold    : Found matching PID 635
06-09 05:03:25.343   600   696 W vold    : Skipping due to root namespace
06-09 05:03:25.343   600   696 D vold    : Found matching PID 707
06-09 05:03:25.343   600   696 W vold    : Skipping due to root namespace
06-09 05:03:25.344   600   696 D vold    : Found matching PID 844
06-09 05:03:25.344   600   696 W vold    : Skipping due to root namespace
06-09 05:03:25.344   600   696 D vold    : Found matching PID 845
06-09 05:03:25.344   600   696 W vold    : Skipping due to root namespace
06-09 05:03:25.344   600   696 D vold    : Found matching PID 848
06-09 05:03:25.344   600   696 W vold    : Skipping due to root namespace
06-09 05:03:25.344   600   696 D vold    : Found matching PID 849
06-09 05:03:25.344   600   696 W vold    : Skipping due to root namespace
06-09 05:03:25.345   600   696 D vold    : Found matching PID 853
06-09 05:03:25.345   600   696 W vold    : Skipping due to root namespace
06-09 05:03:25.345   600   696 D vold    : Found matching PID 859
06-09 05:03:25.345   600   696 W vold    : Skipping due to root namespace
06-09 05:03:25.345   600   696 D vold    : Found matching PID 860
06-09 05:03:25.345   600   696 W vold    : Skipping due to root namespace
06-09 05:03:25.345   600   696 D vold    : Found matching PID 861
06-09 05:03:25.345   600   696 W vold    : Skipping due to root namespace
06-09 05:03:25.345   600   696 D vold    : Found matching PID 862
06-09 05:03:25.345   600   696 W vold    : Skipping due to root namespace
06-09 05:03:25.345   600   696 D vold    : Found matching PID 863
06-09 05:03:25.345   600   696 W vold    : Skipping due to root namespace
06-09 05:03:25.345   600   696 D vold    : Found matching PID 864
06-09 05:03:25.345   600   696 W vold    : Skipping due to root namespace
06-09 05:03:25.345   600   696 D vold    : Found matching PID 865
06-09 05:03:25.345   600   696 W vold    : Skipping due to root namespace
06-09 05:03:25.345   600   696 D vold    : Found matching PID 868
06-09 05:03:25.345   600   696 W vold    : Skipping due to root namespace
06-09 05:03:25.345   600   696 D vold    : Found matching PID 869
06-09 05:03:25.345   600   696 W vold    : Skipping due to root namespace
06-09 05:03:25.346   600   696 D vold    : Found matching PID 871
06-09 05:03:25.346   600   696 W vold    : Skipping due to root namespace
06-09 05:03:25.346   600   696 D vold    : Found matching PID 873
06-09 05:03:25.346   600   696 W vold    : Skipping due to root namespace
06-09 05:03:25.346   600   696 D vold    : Found matching PID 876
06-09 05:03:25.346   600   696 W vold    : Skipping due to root namespace
06-09 05:03:25.346   600   696 D vold    : Found matching PID 880
06-09 05:03:25.346   600   696 W vold    : Skipping due to root namespace
06-09 05:03:25.346   600   696 D vold    : Found matching PID 886
06-09 05:03:25.346   600   696 W vold    : Skipping due to root namespace
06-09 05:03:25.346   600   696 D vold    : Found matching PID 887
06-09 05:03:25.346   600   696 W vold    : Skipping due to root namespace
06-09 05:03:25.346   600   696 D vold    : Found matching PID 889
06-09 05:03:25.346   600   696 W vold    : Skipping due to root namespace
06-09 05:03:25.346   600   696 D vold    : Found matching PID 891
06-09 05:03:25.346   600   696 W vold    : Skipping due to root namespace
06-09 05:03:25.346   600   696 D vold    : Found matching PID 893
06-09 05:03:25.346   600   696 W vold    : Skipping due to root namespace
06-09 05:03:25.346   600   696 D vold    : Found matching PID 895
06-09 05:03:25.346   600   696 W vold    : Skipping due to root namespace
06-09 05:03:25.346   600   696 D vold    : Found matching PID 896
06-09 05:03:25.346   600   696 W vold    : Skipping due to root namespace
06-09 05:03:25.346   600   696 D vold    : Found matching PID 899
06-09 05:03:25.346   600   696 W vold    : Skipping due to root namespace
06-09 05:03:25.346   600   696 D vold    : Found matching PID 905
06-09 05:03:25.346   600   696 W vold    : Skipping due to root namespace
06-09 05:03:25.346   600   696 D vold    : Found matching PID 908
06-09 05:03:25.346   600   696 W vold    : Skipping due to root namespace
06-09 05:03:25.347   600   696 D vold    : Found matching PID 916
06-09 05:03:25.347   600   696 W vold    : Skipping due to root namespace
06-09 05:03:25.347   600   696 D vold    : Found matching PID 931
06-09 05:03:25.347   600   696 W vold    : Skipping due to root namespace
06-09 05:03:25.347   600   696 D vold    : Found matching PID 934
06-09 05:03:25.347   600   696 W vold    : Skipping due to root namespace
06-09 05:03:25.347   600   696 D vold    : Found matching PID 935
06-09 05:03:25.347   600   696 W vold    : Skipping due to root namespace
06-09 05:03:25.347   600   696 D vold    : Found matching PID 950
06-09 05:03:25.347   600   696 W vold    : Skipping due to root namespace
06-09 05:03:25.347   600   696 D vold    : Found matching PID 968
06-09 05:03:25.347   600   696 W vold    : Skipping due to root namespace
06-09 05:03:25.347   600   696 D vold    : Found matching PID 1014
06-09 05:03:25.347   600   696 W vold    : Skipping due to root namespace
06-09 05:03:25.347   600   696 D vold    : Found matching PID 1015
06-09 05:03:25.347   600   696 W vold    : Skipping due to root namespace
06-09 05:03:25.348   600   696 D vold    : Found matching PID 1023
06-09 05:03:25.348   600   696 W vold    : Skipping due to root namespace
06-09 05:03:25.348   600   696 D vold    : Found matching PID 1061
06-09 05:03:25.348   600   696 W vold    : Skipping due to root namespace
06-09 05:03:25.348   600   696 D vold    : Found matching PID 1068
06-09 05:03:25.348   600   696 W vold    : Skipping due to root namespace
06-09 05:03:25.349   600   696 D vold    : Found matching PID 1072
06-09 05:03:25.349   600   696 W vold    : Skipping due to root namespace
06-09 05:03:25.349   600   696 D vold    : Found matching PID 1074
06-09 05:03:25.349   600   696 W vold    : Skipping due to root namespace
06-09 05:03:25.349   600   696 D vold    : Found matching PID 1075
06-09 05:03:25.349   600   696 W vold    : Skipping due to root namespace
06-09 05:03:25.349   600   696 D vold    : Found matching PID 1096
06-09 05:03:25.349   600   696 W vold    : Skipping due to root namespace
06-09 05:03:25.349   600   696 D vold    : Found matching PID 1100
06-09 05:03:25.349   600   696 W vold    : Skipping due to root namespace
06-09 05:03:25.349   600   696 D vold    : Found matching PID 1103
06-09 05:03:25.349   600   696 W vold    : Skipping due to root namespace
06-09 05:03:25.350   600   696 D vold    : Found matching PID 1120
06-09 05:03:25.350   600   696 W vold    : Skipping due to root namespace
06-09 05:03:25.350   600   696 D vold    : Found matching PID 1134
06-09 05:03:25.350   600   696 W vold    : Skipping due to root namespace
06-09 05:03:25.350   600   696 D vold    : Found matching PID 1135
06-09 05:03:25.350   600   696 W vold    : Skipping due to root namespace
06-09 05:03:25.350   600   696 D vold    : Found matching PID 1142
06-09 05:03:25.360   600   696 D vold    : Found matching PID 1157
06-09 05:03:25.360   600   696 W vold    : Skipping due to root namespace
06-09 05:03:25.360   600   696 D vold    : Found matching PID 1159
06-09 05:03:25.360   600   696 W vold    : Skipping due to root namespace
06-09 05:03:25.360   600   696 D vold    : Found matching PID 1162
06-09 05:03:25.360   600   696 W vold    : Skipping due to root namespace
06-09 05:03:25.360   600   696 D vold    : Found matching PID 1214
06-09 05:03:25.360   600   696 W vold    : Skipping due to root namespace
06-09 05:03:25.360   600   696 D vold    : Found matching PID 1574
06-09 05:03:25.360   600   696 W vold    : Skipping due to root namespace
06-09 05:03:25.361   600   696 D vold    : Found matching PID 2458
06-09 05:03:25.370   600   696 D vold    : Found matching PID 2493
06-09 05:03:25.386   600   696 D vold    : Found matching PID 2560
06-09 05:03:25.402   600   696 D vold    : Found matching PID 2749
06-09 05:03:25.403   600   696 W vold    : Skipping due to root namespace
06-09 05:03:25.403   600   696 D vold    : Found matching PID 2798
06-09 05:03:25.403   600   696 W vold    : Skipping due to root namespace
06-09 05:03:25.406   600   696 D vold    : Remounting 10057 as mode write
06-09 05:03:25.424  1067  1067 I wificond: wifi generation capability mask: 255
06-09 05:03:25.443   600  2893 D vold    : Remounting 1002 as mode full
06-09 05:03:25.458   600  2893 D vold    : Found matching PID 850
06-09 05:03:25.458   600  2893 W vold    : Skipping due to root namespace
06-09 05:03:25.459   600  2893 D vold    : Found matching PID 872
06-09 05:03:25.459   600  2893 W vold    : Skipping due to root namespace
06-09 05:03:25.462   600  2893 D vold    : Found matching PID 2103
06-09 05:03:25.475   600  2893 D vold    : Remounting 1002 as mode full
06-09 05:03:25.488   600  2893 D vold    : Found matching PID 850
06-09 05:03:25.488   600  2893 W vold    : Skipping due to root namespace
06-09 05:03:25.489   600  2893 D vold    : Found matching PID 872
06-09 05:03:25.489   600  2893 W vold    : Skipping due to root namespace
06-09 05:03:25.492   600  2893 D vold    : Found matching PID 2103
06-09 05:03:25.504   600  2075 D vold    : Remounting 10130 as mode default
06-09 05:03:25.521   600  2075 D vold    : Found matching PID 2618
06-09 05:03:25.533   600  2893 D vold    : Remounting 10132 as mode default
06-09 05:03:25.551   600  2075 D vold    : Remounting 10123 as mode default
06-09 05:03:25.569   600  2893 D vold    : Remounting 10094 as mode default
06-09 05:03:25.587   600  2075 D vold    : Remounting 10126 as mode default
06-09 05:03:25.606   600  2893 D vold    : Remounting 10127 as mode read
06-09 05:03:25.622   600  2075 D vold    : Remounting 10060 as mode write
06-09 05:03:25.638   600  2893 D vold    : Remounting 10133 as mode default
06-09 05:03:25.655   600  2893 D vold    : Remounting 10052 as mode default
06-09 05:03:25.673   600  2893 D vold    : Remounting 10050 as mode full
06-09 05:03:25.689   600  2075 D vold    : Remounting 10050 as mode full
06-09 05:03:25.703   600  2893 D vold    : Remounting 10050 as mode full
06-09 05:03:25.719   600  2075 D vold    : Remounting 10050 as mode full
06-09 05:03:25.734   600  2893 D vold    : Remounting 10063 as mode full
06-09 05:03:25.750   600  2893 D vold    : Remounting 10086 as mode default
06-09 05:03:25.768   600  2893 D vold    : Remounting 1027 as mode default
06-09 05:03:25.779   600  2893 D vold    : Found matching PID 870
06-09 05:03:25.779   600  2893 W vold    : Skipping due to root namespace
06-09 05:03:25.782   600  2075 D vold    : Remounting 10112 as mode default
06-09 05:03:25.797   600  2893 D vold    : Remounting 10044 as mode full
06-09 05:03:25.812   600  2075 D vold    : Remounting 10061 as mode default
06-09 05:03:25.826   600  2893 D vold    : Remounting 10110 as mode default
06-09 05:03:25.841   600  2893 D vold    : Remounting 2000 as mode full
06-09 05:03:25.854   600  2893 D vold    : Found matching PID 1010
06-09 05:03:25.854   600  2893 W vold    : Skipping due to root namespace
06-09 05:03:25.856   600  2893 D vold    : Found matching PID 2801
06-09 05:03:25.856   600  2893 W vold    : Skipping due to root namespace
06-09 05:03:25.856   600  2075 D vold    : Remounting 10114 as mode default
06-09 05:03:25.871   600  2075 D vold    : Found matching PID 2127
06-09 05:03:25.882   600  2075 D vold    : Remounting 10100 as mode default
06-09 05:03:25.897   600  2893 D vold    : Remounting 10098 as mode default
06-09 05:03:25.912  1142  1142 D BluetoothManagerService: Bluetooth Adapter name changed to QCOM-BTD
06-09 05:03:25.913  1142  1142 D BluetoothManagerService: Stored Bluetooth name: QCOM-BTD
06-09 05:03:25.917  1142  1433 W LocationProviderProxy: Odd, no component found for service com.android.location.service.v3.NetworkLocationProvider
06-09 05:03:25.920  1142  1142 D BluetoothManagerService: Bluetooth Adapter address changed to 22:22:90:7A:A3:4B
06-09 05:03:25.920  1142  1142 D BluetoothManagerService: Stored Bluetoothaddress: 22:22:90:7A:A3:4B
06-09 05:03:25.920  1142  1142 D BluetoothManagerService: Bluetooth Adapter name changed to QCOM-BTD
06-09 05:03:25.920  1142  1142 D BluetoothManagerService: Stored Bluetooth name: QCOM-BTD
06-09 05:03:25.920  1142  1492 I ActivityManager: Force stopping com.android.providers.media appid=10050 user=-1: vold reset
06-09 05:03:25.920  1142  1142 D BluetoothManagerService: Bluetooth Adapter address changed to 22:22:90:7A:A3:4B
06-09 05:03:25.920  1142  1142 D BluetoothManagerService: Stored Bluetoothaddress: 22:22:90:7A:A3:4B
06-09 05:03:25.921  1142  1142 V SettingsProvider: Notifying for 0: content://settings/global/network_recommendations_enabled
06-09 05:03:25.921  1142  1492 I SystemServiceManager: Calling onUnlockUser u0
06-09 05:03:25.921  1142  1492 D SystemServiceManager: onUnlockUser-0 com.android.server.pm.Installer took to complete: 0ms
06-09 05:03:25.921  1142  1492 D SystemServiceManager: onUnlockUser-0 com.android.server.os.DeviceIdentifiersPolicyService took to complete: 0ms
06-09 05:03:25.921  1142  1492 D SystemServiceManager: onUnlockUser-0 com.android.server.uri.UriGrantsManagerService$Lifecycle took to complete: 0ms
06-09 05:03:25.921  1142  1492 I LaunchParamsPersister: Didn't find launch param folder for user 0
06-09 05:03:25.921  1142  1492 D SystemServiceManager: onUnlockUser-0 com.android.server.wm.ActivityTaskManagerService$Lifecycle took to complete: 1ms
06-09 05:03:25.922  1142  2345 W ActivityManager: Receiver with filter android.content.IntentFilter@b507cff already registered for pid 2127, callerPackage is com.android.systemui
06-09 05:03:25.922  1142  1492 D SystemServiceManager: onUnlockUser-0 com.android.server.am.ActivityManagerService$Lifecycle took to complete: 0ms
06-09 05:03:25.922  1142  1492 D SystemServiceManager: onUnlockUser-0 com.android.server.power.PowerManagerService took to complete: 0ms
06-09 05:03:25.922  1142  1492 D SystemServiceManager: onUnlockUser-0 com.android.server.power.ThermalManagerService took to complete: 0ms
06-09 05:03:25.922  1142  1492 D SystemServiceManager: onUnlockUser-0 com.android.server.RecoverySystemService took to complete: 0ms
06-09 05:03:25.922  1142  1492 D SystemServiceManager: onUnlockUser-0 com.android.server.lights.LightsService took to complete: 0ms
06-09 05:03:25.922  1142  1492 D SystemServiceManager: onUnlockUser-0 com.android.server.display.DisplayManagerService took to complete: 0ms
06-09 05:03:25.922  1142  1492 D SystemServiceManager: onUnlockUser-0 com.android.server.pm.UserManagerService$LifeCycle took to complete: 0ms
06-09 05:03:25.922  1142  1492 D SystemServiceManager: onUnlockUser-0 com.android.server.om.OverlayManagerService took to complete: 0ms
06-09 05:03:25.922  1142  1492 D SystemServiceManager: onUnlockUser-0 com.android.server.SensorPrivacyService took to complete: 0ms
06-09 05:03:25.922  1142  1492 D SystemServiceManager: onUnlockUser-0 com.android.server.BatteryService took to complete: 0ms
06-09 05:03:25.922  1142  1492 D SystemServiceManager: onUnlockUser-0 com.android.server.usage.UsageStatsService took to complete: 0ms
06-09 05:03:25.922  1142  1492 D SystemServiceManager: onUnlockUser-0 com.android.server.webkit.WebViewUpdateService took to complete: 0ms
06-09 05:03:25.922  1142  1492 D SystemServiceManager: onUnlockUser-0 com.android.server.CachedDeviceStateService took to complete: 0ms
06-09 05:03:25.922  1142  1492 D SystemServiceManager: onUnlockUser-0 com.android.server.BinderCallsStatsService$LifeCycle took to complete: 0ms
06-09 05:03:25.922  1142  1492 D SystemServiceManager: onUnlockUser-0 com.android.server.LooperStatsService$Lifecycle took to complete: 0ms
06-09 05:03:25.922  1142  1492 D SystemServiceManager: onUnlockUser-0 com.android.server.rollback.RollbackManagerService took to complete: 0ms
06-09 05:03:25.922  1142  1492 D SystemServiceManager: onUnlockUser-0 com.android.server.os.BugreportManagerService took to complete: 0ms
06-09 05:03:25.922  1142  1492 D SystemServiceManager: onUnlockUser-0 com.android.server.gpu.GpuService took to complete: 0ms
06-09 05:03:25.922  1142  1492 D SystemServiceManager: onUnlockUser-0 com.android.server.security.KeyChainSystemService took to complete: 0ms
06-09 05:03:25.922  1142  1492 D SystemServiceManager: onUnlockUser-0 com.android.server.telecom.TelecomLoaderService took to complete: 0ms
06-09 05:03:25.922  1142  1492 D SystemServiceManager: onUnlockUser-0 com.android.server.accounts.AccountManagerService$Lifecycle took to complete: 0ms
06-09 05:03:25.922  1142  1492 D SystemServiceManager: onUnlockUser-0 com.android.server.content.ContentService$Lifecycle took to complete: 0ms
06-09 05:03:25.922  1142  1492 D SystemServiceManager: onUnlockUser-0 com.android.server.DropBoxManagerService took to complete: 0ms
06-09 05:03:25.922  1142  1492 D SystemServiceManager: onUnlockUser-0 com.android.server.AlarmManagerService took to complete: 0ms
06-09 05:03:25.922  1142  1492 D BluetoothManagerService: User 0 unlocked
06-09 05:03:25.922  1142  1492 D SystemServiceManager: onUnlockUser-0 com.android.server.BluetoothService took to complete: 0ms
06-09 05:03:25.922  1142  1492 D SystemServiceManager: onUnlockUser-0 com.android.server.connectivity.IpConnectivityMetrics took to complete: 0ms
06-09 05:03:25.923  1142  1492 D SystemServiceManager: onUnlockUser-0 com.android.server.net.watchlist.NetworkWatchlistService$Lifecycle took to complete: 0ms
06-09 05:03:25.923  1142  1435 D BluetoothManagerService: MESSAGE_USER_UNLOCKED
06-09 05:03:25.923  1142  1492 D SystemServiceManager: onUnlockUser-0 com.android.server.PinnerService took to complete: 0ms
06-09 05:03:25.923  1142  1492 D SystemServiceManager: onUnlockUser-0 com.android.server.ActivityTriggerService took to complete: 0ms
06-09 05:03:25.923  1142  1492 D SystemServiceManager: onUnlockUser-0 com.android.server.inputmethod.InputMethodManagerService$Lifecycle took to complete: 0ms
06-09 05:03:25.923  1142  1492 D SystemServiceManager: onUnlockUser-0 com.android.server.accessibility.AccessibilityManagerService$Lifecycle took to complete: 0ms
06-09 05:03:25.923  1142  1492 D StorageManagerService: onUnlockUser 0
06-09 05:03:25.923   600  2893 D vold    : Linking /storage/emulated/0 to /mnt/user/0/primary
06-09 05:03:25.924  1142  1492 D SystemServiceManager: onUnlockUser-0 com.android.server.StorageManagerService$Lifecycle took to complete: 2ms
06-09 05:03:25.924  1142  1492 D SystemServiceManager: onUnlockUser-0 com.android.server.usage.StorageStatsService$Lifecycle took to complete: 0ms
06-09 05:03:25.925  1142  1492 D SystemServiceManager: onUnlockUser-0 com.android.server.UiModeManagerService took to complete: 0ms
06-09 05:03:25.925  1142  1492 D SystemServiceManager: onUnlockUser-0 com.android.server.locksettings.LockSettingsService$Lifecycle took to complete: 0ms
06-09 05:03:25.925  1142  1492 D SystemServiceManager: onUnlockUser-0 com.android.server.PersistentDataBlockService took to complete: 0ms
06-09 05:03:25.925  1142  1492 D SystemServiceManager: onUnlockUser-0 com.android.server.testharness.TestHarnessModeService took to complete: 0ms
06-09 05:03:25.925  1142  1492 D SystemServiceManager: onUnlockUser-0 com.android.server.oemlock.OemLockService took to complete: 0ms
06-09 05:03:25.925  1142  1492 D SystemServiceManager: onUnlockUser-0 com.android.server.DeviceIdleController took to complete: 0ms
06-09 05:03:25.926  1142  1492 D SystemServiceManager: onUnlockUser-0 com.android.server.devicepolicy.DevicePolicyManagerService$Lifecycle took to complete: 2ms
06-09 05:03:25.926  1142  1142 E TrustManagerService: EXTRA_USER_HANDLE missing or invalid, value=0
06-09 05:03:25.930  1142  1142 V NotificationListeners: enabling notification listener for 0: ComponentInfo{com.android.launcher3/com.android.launcher3.notification.NotificationListener}
06-09 05:03:25.930  1142  1142 V NotificationListeners: binding: Intent { act=android.service.notification.NotificationListenerService cmp=com.android.launcher3/.notification.NotificationListener (has extras) }
06-09 05:03:25.931  1142  1492 D SystemServiceManager: onUnlockUser-0 com.android.server.textservices.TextServicesManagerService$Lifecycle took to complete: 4ms
06-09 05:03:25.931  1142  1492 D SystemServiceManager: onUnlockUser-0 com.android.server.textclassifier.TextClassificationManagerService$Lifecycle took to complete: 0ms
06-09 05:03:25.931  1142  1492 D SystemServiceManager: onUnlockUser-0 com.android.server.NetworkScoreService$Lifecycle took to complete: 0ms
06-09 05:03:25.931  1142  1492 D SystemServiceManager: onUnlockUser-0 com.android.server.wifi.WifiService took to complete: 0ms
06-09 05:03:25.931  1142  1492 D SystemServiceManager: onUnlockUser-0 com.android.server.wifi.scanner.WifiScanningService took to complete: 0ms
06-09 05:03:25.931  1142  1492 D SystemServiceManager: onUnlockUser-0 com.android.server.wifi.rtt.RttService took to complete: 0ms
06-09 05:03:25.931  1142  1492 D SystemServiceManager: onUnlockUser-0 com.android.server.wifi.aware.WifiAwareService took to complete: 0ms
06-09 05:03:25.931  1142  1492 D SystemServiceManager: onUnlockUser-0 com.android.server.wifi.p2p.WifiP2pService took to complete: 0ms
06-09 05:03:25.931  1142  1492 D SystemServiceManager: onUnlockUser-0 com.android.server.ethernet.EthernetService took to complete: 1ms
06-09 05:03:25.931  1142  1492 D SystemServiceManager: onUnlockUser-0 com.android.server.notification.NotificationManagerService took to complete: 0ms
06-09 05:03:25.931  1142  1492 D SystemServiceManager: onUnlockUser-0 com.android.server.storage.DeviceStorageMonitorService took to complete: 0ms
06-09 05:03:25.931  1142  1492 D SystemServiceManager: onUnlockUser-0 com.android.server.timedetector.TimeDetectorService$Lifecycle took to complete: 0ms
06-09 05:03:25.931  1142  1492 D SystemServiceManager: onUnlockUser-0 com.android.server.search.SearchManagerService$Lifecycle took to complete: 0ms
06-09 05:03:25.931  1142  1492 D SystemServiceManager: onUnlockUser-0 com.android.server.wallpaper.WallpaperManagerService$Lifecycle took to complete: 0ms
06-09 05:03:25.931  1142  1492 D SystemServiceManager: onUnlockUser-0 com.android.server.audio.AudioService$Lifecycle took to complete: 0ms
06-09 05:03:25.932  1142  1492 D SystemServiceManager: onUnlockUser-0 com.android.server.DockObserver took to complete: 0ms
06-09 05:03:25.941  1142  1142 V NotificationAssistants: disabling notification assistant for user 0: ComponentInfo{android.ext.services/android.ext.services.notification.Assistant}
06-09 05:03:25.941  1142  1142 D NotificationListeners: Removing active service ComponentInfo{android.ext.services/android.ext.services.notification.Assistant}
06-09 05:03:25.946  1142  1142 V NotificationAssistants: enabling notification assistant for 0: ComponentInfo{android.ext.services/android.ext.services.notification.Assistant}
06-09 05:03:25.947  1142  1142 V NotificationAssistants: binding: Intent { act=android.service.notification.NotificationAssistantService cmp=android.ext.services/.notification.Assistant (has extras) }
06-09 05:03:25.947  1142  1492 D SystemServiceManager: onUnlockUser-0 com.android.server.midi.MidiService$Lifecycle took to complete: 16ms
06-09 05:03:25.947  1142  1492 D SystemServiceManager: onUnlockUser-0 com.android.server.adb.AdbService$Lifecycle took to complete: 0ms
06-09 05:03:25.947  1142  1492 D SystemServiceManager: onUnlockUser-0 com.android.server.usb.UsbService$Lifecycle took to complete: 0ms
06-09 05:03:25.947  1142  1492 D SystemServiceManager: onUnlockUser-0 com.android.server.twilight.TwilightService took to complete: 0ms
06-09 05:03:25.947  1142  1492 D SystemServiceManager: onUnlockUser-0 com.android.server.display.color.ColorDisplayService took to complete: 0ms
06-09 05:03:25.947  1142  1492 D SystemServiceManager: onUnlockUser-0 com.android.server.job.JobSchedulerService took to complete: 0ms
06-09 05:03:25.948  1142  1492 D SystemServiceManager: onUnlockUser-0 com.android.server.soundtrigger.SoundTriggerService took to complete: 0ms
06-09 05:03:25.948  1142  1492 D SystemServiceManager: onUnlockUser-0 com.android.server.trust.TrustManagerService took to complete: 0ms
06-09 05:03:25.948  1142  1492 D SystemServiceManager: onUnlockUser-0 com.android.server.backup.BackupManagerService$Lifecycle took to complete: 0ms
06-09 05:03:25.948  1142  1492 D SystemServiceManager: onUnlockUser-0 com.android.server.appwidget.AppWidgetService took to complete: 0ms
06-09 05:03:25.948  1142  1492 D SystemServiceManager: onUnlockUser-0 com.android.server.role.RoleManagerService took to complete: 0ms
06-09 05:03:25.948  1142  1492 D VoiceInteractionManagerService: initForUser(0) took to complete: 0ms
06-09 05:03:25.954  1142  1494 I ActivityManager: Start proc 3001:com.android.deskclock/u0a133 for broadcast {com.android.deskclock/com.android.deskclock.AlarmInitReceiver}
06-09 05:03:25.959  1142  2061 I BackupManagerService: Starting service for user: 0
06-09 05:03:25.960  1142  2061 V BackupManagerService: Starting with transport com.android.localtransport/.LocalTransport
06-09 05:03:25.961  1142  2061 D BackupManagerService: Started thread backup-0 for user 0
06-09 05:03:25.967  1142  2061 E BackupPasswordManager: Unable to read backup pw version
06-09 05:03:25.968  1142  2061 E BackupPasswordManager: Unable to read saved backup pw hash
06-09 05:03:25.975  1142  2061 V BackupManagerService: No ancestral data
06-09 05:03:25.995  1142  1494 W ActivityManager: Slow operation: 54ms so far, now at startProcess: done updating battery stats
06-09 05:03:25.995  1142  1494 W ActivityManager: Slow operation: 54ms so far, now at startProcess: building log message
06-09 05:03:25.995  1142  1494 I ActivityManager: Start proc 3027:com.android.launcher3/u0a112 for service {com.android.launcher3/com.android.launcher3.notification.NotificationListener}
06-09 05:03:25.995  1142  1494 W ActivityManager: Slow operation: 54ms so far, now at startProcess: starting to update pids map
06-09 05:03:25.995  1142  1494 W ActivityManager: Slow operation: 55ms so far, now at startProcess: done updating pids map
06-09 05:03:25.998  1142  2694 I DropBoxManagerService: add tag=system_server_wtf isTagEnabled=true flags=0x2
06-09 05:03:26.002  1142  3010 V BackupManagerConstants: getKeyValueBackupIntervalMilliseconds(...) returns 14400000
06-09 05:03:26.002  1142  3010 V BackupManagerConstants: getKeyValueBackupFuzzMilliseconds(...) returns 600000
06-09 05:03:26.002  1142  3010 V BackupManagerConstants: getKeyValueBackupRequiredNetworkType(...) returns 1
06-09 05:03:26.002  1142  3010 V BackupManagerConstants: getKeyValueBackupRequireCharging(...) returns true
06-09 05:03:26.002  1142  3010 V KeyValueBackupJob: Scheduling k/v pass in 241 minutes
06-09 05:03:26.002  1142  2694 I DropBoxManagerService: add tag=system_server_wtf isTagEnabled=true flags=0x2
06-09 05:03:26.005  1142  1142 V SettingsProvider: Notifying for 0: content://settings/secure/bluetooth_address
06-09 05:03:26.008  1142  1492 D VoiceInteractionManagerService: switchImplementation(0) took to complete: 60ms
06-09 05:03:26.008  1142  1492 W SystemServiceManager: Service com.android.server.voiceinteraction.VoiceInteractionManagerService took 60 ms in onUnlockUser 
06-09 05:03:26.008  1142  1492 D SystemServiceManager: onUnlockUser-0 com.android.server.voiceinteraction.VoiceInteractionManagerService took to complete: 60ms
06-09 05:03:26.008  1142  1492 D SystemServiceManager: onUnlockUser-0 com.android.server.SensorNotificationService took to complete: 0ms
06-09 05:03:26.008  1142  1492 D SystemServiceManager: onUnlockUser-0 com.android.server.ContextHubSystemService took to complete: 0ms
06-09 05:03:26.008  1142  1492 D SystemServiceManager: onUnlockUser-0 com.android.server.emergency.EmergencyAffordanceService took to complete: 0ms
06-09 05:03:26.008  1142  1492 D SystemServiceManager: onUnlockUser-0 com.android.server.dreams.DreamManagerService took to complete: 0ms
06-09 05:03:26.008  1142  1492 D SystemServiceManager: onUnlockUser-0 com.android.server.print.PrintManagerService took to complete: 0ms
06-09 05:03:26.009  1142  1492 D SystemServiceManager: onUnlockUser-0 com.android.server.companion.CompanionDeviceManagerService took to complete: 0ms
06-09 05:03:26.009  1142  1492 D SystemServiceManager: onUnlockUser-0 com.android.server.restrictions.RestrictionsManagerService took to complete: 0ms
06-09 05:03:26.009  1142  1492 D SystemServiceManager: onUnlockUser-0 com.android.server.media.MediaSessionService took to complete: 0ms
06-09 05:03:26.009  1142  1492 D SystemServiceManager: onUnlockUser-0 com.android.server.media.MediaResourceMonitorService took to complete: 0ms
06-09 05:03:26.012  1142  1142 D AutofillManagerService: Restriction did not change for user 0
06-09 05:03:26.013  1142  1492 D SystemServiceManager: onUnlockUser-0 com.android.server.pm.ShortcutService$Lifecycle took to complete: 4ms
06-09 05:03:26.013  1142  1492 D SystemServiceManager: onUnlockUser-0 com.android.server.pm.LauncherAppsService took to complete: 0ms
06-09 05:03:26.013  1142  1492 D SystemServiceManager: onUnlockUser-0 com.android.server.pm.CrossProfileAppsService took to complete: 0ms
06-09 05:03:26.013  1142  1492 D SystemServiceManager: onUnlockUser-0 com.android.server.media.projection.MediaProjectionManagerService took to complete: 0ms
06-09 05:03:26.013  1142  1492 D SystemServiceManager: onUnlockUser-0 com.android.server.slice.SliceManagerService$Lifecycle took to complete: 0ms
06-09 05:03:26.013  1142  1492 D SystemServiceManager: onUnlockUser-0 com.android.server.camera.CameraServiceProxy took to complete: 0ms
06-09 05:03:26.013  1142  1492 D SystemServiceManager: onUnlockUser-0 com.android.server.stats.StatsCompanionService$Lifecycle took to complete: 0ms
06-09 05:03:26.013  1142  1492 D SystemServiceManager: onUnlockUser-0 com.android.server.incident.IncidentCompanionService took to complete: 0ms
06-09 05:03:26.013  1142  1434 D AutofillUI: destroySaveUiUiThread(): already destroyed
06-09 05:03:26.013  1142  1492 D AutofillManagerServiceImpl: Reset component for user 0:
06-09 05:03:26.013  1142  1492 D FieldClassificationStrategy: reset(): service is not bound. Do nothing.
06-09 05:03:26.013  1142  1492 D SystemServiceManager: onUnlockUser-0 com.android.server.autofill.AutofillManagerService took to complete: 1ms
06-09 05:03:26.013  1142  1492 D SystemServiceManager: onUnlockUser-0 com.android.server.clipboard.ClipboardService took to complete: 0ms
06-09 05:03:26.014  1142  1492 W AppBindingService: [Default SMS app] u0 Target package not found
06-09 05:03:26.014  1142  1492 D SystemServiceManager: onUnlockUser-0 com.android.server.appbinding.AppBindingService$Lifecycle took to complete: 0ms
06-09 05:03:26.014  1142  1492 D SystemServiceManager: onUnlockUser-0 com.android.server.policy.PermissionPolicyService took to complete: 0ms
06-09 05:03:26.014  1142  1492 D SystemServiceManager: ssm.unlockUser-0 took to complete: 93ms
06-09 05:03:26.014  1142  1492 D ActivityManager: UserController event: finishUserUnlocked(0)
06-09 05:03:26.014  1142  1492 I ActivityManager: User 0 state changed from RUNNING_UNLOCKING to RUNNING_UNLOCKED
06-09 05:03:26.014  1142  1492 D SystemServerTiming: SystemUserUnlock took to complete: 3027ms
06-09 05:03:26.014  1142  1433 I ActivityTaskManager: Loading recents for user 0 into memory.
06-09 05:03:26.014  1142  1433 E TaskPersister: restoreTasksForUserLocked: Unable to list files from /data/system_ce/0/recent_tasks
06-09 05:03:26.020  1142  1492 I PreBootBroadcaster: Pre-boot of {com.android.documentsui/com.android.documentsui.PreBootReceiver} for user 0
06-09 05:03:26.025  1142  1142 V SettingsProvider: Notifying for 0: content://settings/secure/accessibility_enabled
06-09 05:03:26.027  1142  2061 I BackupManagerService: isBackupEnabled() => false due to absent settings file
06-09 05:03:26.027  1142  1435 I DropBoxManagerService: add tag=system_server_strictmode isTagEnabled=true flags=0x2
06-09 05:03:26.027  1142  2061 I BackupManagerService: Backup enabled => false
06-09 05:03:26.027  1142  1142 V SettingsProvider: Notifying for 0: content://settings/secure/selected_spell_checker
06-09 05:03:26.027  1142  1142 V SettingsProvider: Notifying for 0: content://settings/secure/selected_spell_checker_subtype
06-09 05:03:26.027  1142  1142 V NotificationAssistants: 0 notification assistant service connected: ComponentInfo{android.ext.services/android.ext.services.notification.Assistant}
06-09 05:03:26.028  1142  1142 V SettingsProvider: Notifying for 0: content://settings/global/sysui_demo_allowed
06-09 05:03:26.029  1142  1142 V SettingsProvider: Notifying for 0: content://settings/secure/sysui_volume_up_silent
06-09 05:03:26.029  1142  1435 I DropBoxManagerService: add tag=system_server_strictmode isTagEnabled=true flags=0x2
06-09 05:03:26.029  1142  1142 V SettingsProvider: Notifying for 0: content://settings/secure/input_methods_subtype_history
06-09 05:03:26.029  1142  1142 V SettingsProvider: Notifying for 0: content://settings/secure/selected_input_method_subtype
06-09 05:03:26.029  1142  1142 V SettingsProvider: Notifying for 0: content://settings/secure/default_input_method
06-09 05:03:26.030  1142  1492 I DropBoxManagerService: add tag=system_server_wtf isTagEnabled=true flags=0x2
06-09 05:03:26.031  1142  1142 V SettingsProvider: Notifying for 0: content://settings/secure/accessibility_display_inversion_enabled
06-09 05:03:26.031  1142  1142 V SettingsProvider: Notifying for 0: content://settings/secure/notification_dismiss_rtl
06-09 05:03:26.031  1142  1142 V SettingsProvider: Notifying for 0: content://settings/secure/enabled_input_methods
06-09 05:03:26.032  1142  1142 V SettingsProvider: Notifying for 0: content://settings/secure/keyguard_slice_uri
06-09 05:03:26.032  1142  1142 V SettingsProvider: Notifying for 0: content://settings/secure/input_methods_subtype_history
06-09 05:03:26.032  1142  1142 V SettingsProvider: Notifying for 0: content://settings/secure/selected_input_method_subtype
06-09 05:03:26.033  1142  1142 V SettingsProvider: Notifying for 0: content://settings/secure/default_input_method
06-09 05:03:26.033  1142  1142 V SettingsProvider: Notifying for 0: content://settings/secure/sysui_qs_fancy_anim
06-09 05:03:26.034  1142  1142 V SettingsProvider: Notifying for 0: content://settings/secure/sysui_do_not_disturb
06-09 05:03:26.034  1142  1142 V SettingsProvider: Notifying for 0: content://settings/secure/show_media_when_bypassing
06-09 05:03:26.034  1142  1494 I ActivityManager: Start proc 3043:com.qualcomm.qti.sva/u0a93 for service {com.qualcomm.qti.sva/com.qualcomm.qti.sva.service.WakeupService}
06-09 05:03:26.037  1142  1436 I ActivityTaskManager: Config changes=20 {1.0 ?mcc?mnc [en_US] ldltr sw1080dp w1080dp h1896dp 160dpi xlrg long hdr port finger -keyb/v/h -nav/h winConfig={ mBounds=Rect(0, 0 - 1080, 1920) mAppBounds=Rect(0, 0 - 1080, 1920) mWindowingMode=fullscreen mDisplayWindowingMode=fullscreen mActivityType=undefined mAlwaysOnTop=undefined mRotation=ROTATION_90} s.28}
06-09 05:03:26.039  1142  1433 W LocationProviderProxy: Odd, no component found for service com.android.location.service.v3.NetworkLocationProvider
06-09 05:03:26.042  1142  1436 I ActivityTaskManager: Override config changes=20 {1.0 ?mcc?mnc [en_US] ldltr sw1080dp w1080dp h1896dp 160dpi xlrg long hdr port finger -keyb/v/h -nav/h winConfig={ mBounds=Rect(0, 0 - 1080, 1920) mAppBounds=Rect(0, 0 - 1080, 1920) mWindowingMode=fullscreen mDisplayWindowingMode=fullscreen mActivityType=undefined mAlwaysOnTop=undefined mRotation=ROTATION_90} s.28} for displayId=0
06-09 05:03:26.048  1142  1142 V SettingsProvider: Notifying for 0: content://settings/secure/clock_seconds
06-09 05:03:26.048  1142  1142 V SettingsProvider: Notifying for 0: content://settings/secure/sysui_qqs_count
06-09 05:03:26.048  1142  1142 V SettingsProvider: Notifying for 0: content://settings/secure/doze_tap_gesture
06-09 05:03:26.049  1142  1142 V SettingsProvider: Notifying for 0: content://settings/secure/sysui_qs_move_whole_rows
06-09 05:03:26.075  1142  1142 V SettingsProvider: Notifying for 0: content://settings/secure/sysui_volume_down_silent
06-09 05:03:26.084  1142  1142 V SettingsProvider: Notifying for 0: content://settings/secure/sysui_keyguard_right
06-09 05:03:26.085  1142  1494 W ActivityManager: Slow operation: 70ms so far, now at startProcess: returned from zygote!
06-09 05:03:26.087  1142  1142 V SettingsProvider: Notifying for 0: content://settings/secure/sysui_keyguard_left
06-09 05:03:26.095  1142  1494 W ActivityManager: Slow operation: 80ms so far, now at startProcess: done updating battery stats
06-09 05:03:26.095  1142  1494 W ActivityManager: Slow operation: 80ms so far, now at startProcess: building log message
06-09 05:03:26.095  1142  1494 I ActivityManager: Start proc 3079:com.android.phone/1001 for added application com.android.phone
06-09 05:03:26.095  1142  1494 W ActivityManager: Slow operation: 80ms so far, now at startProcess: starting to update pids map
06-09 05:03:26.095  1142  3010 V BackupManagerConstants: getKeyValueBackupIntervalMilliseconds(...) returns 14400000
06-09 05:03:26.095  1142  3010 V BackupManagerConstants: getKeyValueBackupFuzzMilliseconds(...) returns 600000
06-09 05:03:26.095  1142  3010 V BackupManagerConstants: getKeyValueBackupRequiredNetworkType(...) returns 1
06-09 05:03:26.095  1142  1494 W ActivityManager: Slow operation: 80ms so far, now at startProcess: done updating pids map
06-09 05:03:26.095  1142  3010 V BackupManagerConstants: getKeyValueBackupRequireCharging(...) returns true
06-09 05:03:26.095  1142  3010 V KeyValueBackupJob: Scheduling k/v pass in 243 minutes
06-09 05:03:26.095  1142  1494 W ActivityManager: Slow operation: 80ms so far, now at startProcess: asking zygote to start proc
06-09 05:03:26.096  1142  1142 V SettingsProvider: Notifying for 0: content://settings/secure/icon_blacklist
06-09 05:03:26.096  1142  1142 V SettingsProvider: Notifying for 0: content://settings/secure/qs_show_brightness
06-09 05:03:26.097  1142  1142 V SettingsProvider: Notifying for 0: content://settings/secure/high_priority
06-09 05:03:26.097  1142  1142 V SettingsProvider: Notifying for 0: content://settings/secure/doze_pulse_on_double_tap
06-09 05:03:26.106  1142  2651 W ActivityTaskManager: Finishing task with all activities already finished
06-09 05:03:26.106  1142  2651 W ActivityTaskManager: Duplicate finish request for ActivityRecord{35a3aa8 u0 com.android.settings/.FallbackHome t2 f}
06-09 05:03:26.111  1142  1142 V NotificationAssistants: disabling notification assistant for user 0: ComponentInfo{android.ext.services/android.ext.services.notification.Assistant}
06-09 05:03:26.111  1142  1142 D NotificationListeners: Removing active service ComponentInfo{android.ext.services/android.ext.services.notification.Assistant}
06-09 05:03:26.112  1142  2345 I ActivityTaskManager: START u0 {act=android.intent.action.MAIN cat=[android.intent.category.HOME] flg=0x10000100 cmp=com.android.provision/.DefaultActivity} from uid 0
06-09 05:03:26.138  1142  1494 W ActivityManager: Slow operation: 122ms so far, now at startProcess: returned from zygote!
06-09 05:03:26.138  1142  1142 V NotificationAssistants: enabling notification assistant for 0: ComponentInfo{android.ext.services/android.ext.services.notification.Assistant}
06-09 05:03:26.138  1142  1142 V NotificationAssistants: binding: Intent { act=android.service.notification.NotificationAssistantService cmp=android.ext.services/.notification.Assistant (has extras) }
06-09 05:03:26.143  1142  1142 V NotificationListeners: enabling notification listener for 0: ComponentInfo{com.android.launcher3/com.android.launcher3.notification.NotificationListener}
06-09 05:03:26.143  1142  1142 V NotificationListeners: Not registering ComponentInfo{com.android.launcher3/com.android.launcher3.notification.NotificationListener} is already bound
