06-09 05:03:27.686  3043  3043 D SVA-ExtendedSmMgr: addSoundModel: smFullName = sm4_1stStage47k_2ndStagePDK4_HeySnapdragon.uim
06-09 05:03:27.686  3043  3043 D SVA-ExtendedSmMgr: getSoundModel: smFullName = sm4_1stStage47k_2ndStagePDK4_HeySnapdragon.uim
06-09 05:03:27.686  3043  3043 D SVA-ExtendedSmMgr: addSoundModel: new one sound model
06-09 05:03:27.686  3043  3043 D SVA-SmModel: SmModel: mSmFullFileName = sm4_1stStage47k_2ndStagePDK4_HeySnapdragon.uim mSmSuffix = .uim mSmUUID = 3bbf9a49-0efe-4195-bd3f-1aefc5a9fef4
06-09 05:03:27.686  3043  3043 D SVA-ExtendedSmMgr: updateSoundModel: soundModel = com.qualcomm.qti.sva.data.ExtendedSmModel@c21380d
06-09 05:03:27.686  3043  3043 D SVA-ExtendedSmMgr: query: smFullName = sm4_1stStage47k_2ndStagePDK4_HeySnapdragon.uim
06-09 05:03:27.704  3043  3043 D ListenSoundModel: query() getTypeVersion
06-09 05:03:27.704  3043  3043 V ListenSM-JNI: Java_com_qualcomm_listen_ListenSoundModel_getTypeVersion entered
06-09 05:03:27.704  3043  3043 V SoundModel-helper-JNI: getSMFromByteBuff entered
06-09 05:03:27.704  3043  3043 V SoundModel-helper-JNI: Call ByteBuffer.hasArray()...
06-09 05:03:27.704  3043  3043 V SoundModel-helper-JNI: ... returns true
06-09 05:03:27.704  3043  3043 V SoundModel-helper-JNI: Call CallObjectMethod -> ByteBuffer.arrayOffset()...
06-09 05:03:27.704  3043  3043 V SoundModel-helper-JNI: ByteBuffer.arrayOffset() returned 4
06-09 05:03:27.704  3043  3043 V SoundModel-helper-JNI: Call CallObjectMethod -> ByteBuffer.array()...
06-09 05:03:27.704  3043  3043 V SoundModel-helper-JNI: cast jArrayObj = 0x89 to byteArray
06-09 05:03:27.704  3043  3043 V SoundModel-helper-JNI: GetArrayLength
06-09 05:03:27.704  3043  3043 V SoundModel-helper-JNI: Allocate byte array of size 6859719
06-09 05:03:27.704  3043  3043 V SoundModel-helper-JNI: GetByteArrayRegion w/ byteArray=0x89, len=6859719, into ppData=0x70a10f7f80
06-09 05:03:27.707  3448  3476 I ContactsProviderV1: Bootstrapping database legacy support
06-09 05:03:27.713  3043  3043 V SoundModel-helper-JNI: ... ByteBuffer.array() returns size, data (6859719, 0x70a10f7f80)
06-09 05:03:27.713  3043  3043 V SoundModel-helper-JNI: checkSoundModel entered
06-09 05:03:27.713  3043  3043 D SoundModel-helper-JNI: checkSoundModel: NEW querySoundModel() called
06-09 05:03:27.713  3043  3043 I SoundModel-helper-JNI: querySoundModel() SM returned type 6: (Keyword=1, User=2, Mult-KW=4)
06-09 05:03:27.713  3043  3043 I SoundModel-helper-JNI:                                 returned version 1024, size 6859712
06-09 05:03:27.713  3043  3043 V SoundModel-helper-JNI: checkSoundModel returns 0
06-09 05:03:27.713  3043  3043 V SoundModel-helper-JNI: getSMFromByteBuff returns type = 6, version = 1024, size = 6859712
06-09 05:03:27.713  3043  3043 V ListenSM-JNI: _getTypeVersion: SetIntField type
06-09 05:03:27.713  3043  3043 V ListenSM-JNI: _getTypeVersion: SetIntField version
06-09 05:03:27.713  3043  3043 V ListenSM-JNI: _getTypeVersion: SetIntField size
06-09 05:03:27.713  3043  3043 V ListenSM-JNI: Java_com_qualcomm_listen_ListenSoundModel_getTypeVersion returns 0
06-09 05:03:27.713  3043  3043 D ListenSoundModel: query() getInfoV2 called
06-09 05:03:27.713  3043  3043 V ListenSM-JNI: Java_com_qualcomm_listen_ListenSoundModel_getInfo entered
06-09 05:03:27.713  3043  3043 V SoundModel-helper-JNI: getSMFromByteBuff entered
06-09 05:03:27.713  3043  3043 V SoundModel-helper-JNI: Call ByteBuffer.hasArray()...
06-09 05:03:27.713  3043  3043 V SoundModel-helper-JNI: ... returns true
06-09 05:03:27.713  3043  3043 V SoundModel-helper-JNI: Call CallObjectMethod -> ByteBuffer.arrayOffset()...
06-09 05:03:27.713  3043  3043 V SoundModel-helper-JNI: ByteBuffer.arrayOffset() returned 4
06-09 05:03:27.713  3043  3043 V SoundModel-helper-JNI: Call CallObjectMethod -> ByteBuffer.array()...
06-09 05:03:27.713  3043  3043 V SoundModel-helper-JNI: cast jArrayObj = 0x81 to byteArray
06-09 05:03:27.713  3043  3043 V SoundModel-helper-JNI: GetArrayLength
06-09 05:03:27.713  3043  3043 V SoundModel-helper-JNI: Allocate byte array of size 6859719
06-09 05:03:27.713  3043  3043 V SoundModel-helper-JNI: GetByteArrayRegion w/ byteArray=0x81, len=6859719, into ppData=0x70a10f7b40
06-09 05:03:27.714  3043  3043 V SoundModel-helper-JNI: ... ByteBuffer.array() returns size, data (6859719, 0x70a10f7b40)
06-09 05:03:27.714  3043  3043 V SoundModel-helper-JNI: checkSoundModel entered
06-09 05:03:27.714  3043  3043 D SoundModel-helper-JNI: checkSoundModel: NEW querySoundModel() called
06-09 05:03:27.714  3043  3043 I SoundModel-helper-JNI: querySoundModel() SM returned type 6: (Keyword=1, User=2, Mult-KW=4)
06-09 05:03:27.714  3043  3043 I SoundModel-helper-JNI:                                 returned version 1024, size 6859712
06-09 05:03:27.714  3043  3043 V SoundModel-helper-JNI: checkSoundModel returns 0
06-09 05:03:27.714  3043  3043 V SoundModel-helper-JNI: getSMFromByteBuff returns type = 6, version = 1024, size = 6859712
06-09 05:03:27.714  3043  3043 V SoundModel-helper-JNI: getSMInfoV2 entered
06-09 05:03:27.716  1142  1435 I DropBoxManagerService: add tag=system_app_strictmode isTagEnabled=true flags=0x2
06-09 05:03:27.724  3043  3043 D SoundModel-helper-JNI: getSMInfoV2: numKeyphrasesHeader = 1, numUsersHeader = 0, numPairs = 0
06-09 05:03:27.724  3043  3043 D SoundModel-helper-JNI: getSMInfoV2: getKeywordPhrases 
06-09 05:03:27.724  3043  3043 V SoundModel-helper-JNI: allocStrArr enters - size 1, write into 0x7fc4ffb920
06-09 05:03:27.724  3043  3043 V SoundModel-helper-JNI: allocStrArr malloc's each element in Array
06-09 05:03:27.724  3043  3043 V SoundModel-helper-JNI: allocStrArr returns
06-09 05:03:27.724  3448  3476 D ContactsDatabaseHelper: WAL enabled for profile.db: false
06-09 05:03:27.725  3043  3043 D SoundModel-helper-JNI: getSMInfoV2: getKeywordPhrase output 1 KW strings
06-09 05:03:27.725  3043  3043 D SoundModel-helper-JNI: getSMInfoV2: KeywordPhrase[0] = HeySnapdragon
06-09 05:03:27.725  3043  3043 D SoundModel-helper-JNI: getSMInfoV2: allocate arrays
06-09 05:03:27.725  3043  3043 D SoundModel-helper-JNI: getSMInfoV2: place userNameArr within soundModelInfo
06-09 05:03:27.725  3043  3043 D SoundModel-helper-JNI: getSMInfoV2: place kwInfoArr within soundModelInfo
06-09 05:03:27.725  3043  3043 D SoundModel-helper-JNI: getSMInfoV2: place counts within soundModelInfo
06-09 05:03:27.725  3043  3043 D SoundModel-helper-JNI: getSMInfoV2: fill 1 KWs
06-09 05:03:27.725  3043  3043 D SoundModel-helper-JNI: getSMInfoV2 fill 0 users
06-09 05:03:27.725  3043  3043 V SoundModel-helper-JNI: freeStrArr 0x70fb538798
06-09 05:03:27.725  3043  3043 V SoundModel-helper-JNI: freeStrArr free each element in Array size 1
06-09 05:03:27.725  3043  3043 V SoundModel-helper-JNI: freeStrArr returns
06-09 05:03:27.725  3043  3043 V SoundModel-helper-JNI: getSMInfoV2 returns 0
06-09 05:03:27.725  3043  3043 V ListenSM-JNI: Java_com_qualcomm_listen_ListenSoundModel_getInfo returns 0
06-09 05:03:27.725  3043  3043 D SVA-ExtendedSmMgr: convertVersion: version = 1024 convertedVersion = VERSION_4_0
06-09 05:03:27.726  3043  3043 D SVA-ExtendedSmMgr: generateKeyphraseUserIndicesArray: HeySnapdragon index = 0
06-09 05:03:27.726  3043  3043 D SVA-SmModel: addKeyphrase: keyphrase = HeySnapdragon keyphraseId = 0
06-09 05:03:27.726  3043  3043 D SVA-SmModel: getKeyphraseModel: keyphrase = HeySnapdragon
06-09 05:03:27.726  3043  3043 D SVA-KeyphraseModel: setKeyphraseId: id = 0
06-09 05:03:27.726  3043  3043 E SVA-ExtendedSmMgr: addKeyphraseAndUsers: keyphrase com.qualcomm.listen.ListenTypes$KeywordInfo@b6de5d3 's keyphraseId = 0
06-09 05:03:27.726  3043  3043 E SVA-ExtendedSmMgr: addKeyphraseAndUsers: add HeySnapdragon to mUIMKeyphraseList
06-09 05:03:27.726  3043  3043 D SVA-ExtendedSmMgr: getSoundModel: smFullName = sm4_1stStage47k_2ndStagePDK4_HeySnapdragon.uim
06-09 05:03:27.727  3043  3043 D SVA-SettingsDAO: getActionIntent: result = null
06-09 05:03:27.727  3043  3043 D SVA-ExtendedSmMgr: getSoundModel: smFullName = sm4_1stStage47k_2ndStagePDK4_HeySnapdragon.uim
06-09 05:03:27.727  3043  3043 D SVA-ExtendedSmMgr: addSoundModel: 3.0 and 4.0 model set opaque data transfer enabled
06-09 05:03:27.727  3043  3043 D SVA-WakeupService: onCreate: based on legacy STModule API session impl
06-09 05:03:27.731   943  1308 D PermissionCache: checking android.permission.CAPTURE_AUDIO_HOTWORD for uid=10093 => granted (367 us)
06-09 05:03:27.733  1142  1435 I chatty  : uid=1000(system) android.io identical 3 lines
06-09 05:03:27.734  3043  3043 D SVA-LegacyWakeupSession: attachModule: moduleProperties.get(0) = ModuleProperties [id=1, implementor=QUALCOMM Technologies, Inc, description=Sound Trigger HAL, uuid=68ab2d40-e860-11e3-95ef-0002a5d5c51b, version=257, maxSoundModels=8, maxKeyphrases=23, maxUsers=13, recognitionModes=9, supportsCaptureTransition=true, maxBufferMs=240, supportsConcurrentCapture=false, powerConsumptionMw=0, returnsTriggerInEvent=false]
06-09 05:03:27.736  1142  1435 I DropBoxManagerService: add tag=system_app_strictmode isTagEnabled=true flags=0x2
06-09 05:03:27.737  3043  3043 D SVA-LegacyWakeupSession: addWakeupListener: add listener com.qualcomm.qti.sva.service.WakeupService@e035510
06-09 05:03:27.739  3043  3043 D SVA-TonePlayer: TonePlayer: i = 0 mSoundIdArray[i] = 1
06-09 05:03:27.739  3043  3043 D SVA-TonePlayer: TonePlayer: i = 1 mSoundIdArray[i] = 2
06-09 05:03:27.740  3043  3089 W Parcel  : **** enforceInterface() expected 'android.os.IMessenger' but read 'android.service.voice.IVoiceInteractionService'
06-09 05:03:27.742  3043  3043 D SVA-LegacyWakeupSession: onServiceStateChange: state = 0
06-09 05:03:27.742  3043  3043 D SVA-WakeupService: onServiceStateChange: state= 0
06-09 05:03:27.742   880  3265 I SDM     : HWCDisplayBuiltIn::GetOptimalRefreshRate: active_refresh_rate_: 60
06-09 05:03:27.742  3043  3089 W Binder  : Caught a RuntimeException from the binder stub implementation.
06-09 05:03:27.742  3043  3089 W Binder  : java.lang.SecurityException: Binder invocation to an incorrect interface
06-09 05:03:27.742  3043  3089 W Binder  : 	at android.os.Parcel.nativeEnforceInterface(Native Method)
06-09 05:03:27.742  3043  3089 W Binder  : 	at android.os.Parcel.enforceInterface(Parcel.java:623)
06-09 05:03:27.742  3043  3089 W Binder  : 	at android.os.IMessenger$Stub.onTransact(IMessenger.java:79)
06-09 05:03:27.742  3043  3089 W Binder  : 	at android.os.Binder.execTransactInternal(Binder.java:1021)
06-09 05:03:27.742  3043  3089 W Binder  : 	at android.os.Binder.execTransact(Binder.java:994)
06-09 05:03:27.755  1054  2675 I MMParserExtractor: Created(0x23e4a35290)
06-09 05:03:27.758   880  3265 I SDM     : HWCDisplayBuiltIn::GetOptimalRefreshRate: active_refresh_rate_: 60
06-09 05:03:27.773  3043  3490 I OMXClient: IOmx service obtained
06-09 05:03:27.774  1069  2674 I OMXMaster: makeComponentInstance(OMX.google.raw.decoder) in android.hardwar process
06-09 05:03:27.777  3448  3476 I ContactDirectoryManager: deleted 0 stale rows which don't have any relevant directory
06-09 05:03:27.778  3448  3476 I ContactDirectoryManager: Discovered 0 contact directories in 1ms
06-09 05:03:27.779  3448  3476 I ContactsProvider: Locale has changed from null to [en_US]
06-09 05:03:27.779  1069  1347 E OMXNodeInstance: getConfig(0xec5d6180:google.raw.decoder, ConfigAndroidVendorExtension(0x6f100004)) ERROR: Undefined(0x80001001)
06-09 05:03:27.780  3043  3490 W ExtendedACodec: Failed to get extension for extradata parameter
06-09 05:03:27.781  3448  3476 I ContactsDatabaseHelper: Switching to locale [en_US] (ICU v63.2.0.0)
06-09 05:03:27.800  1054  2675 D MediaBufferGroup: creating MemoryDealer
06-09 05:03:27.808  1257  1257 E QTI_SDM_INFO: [qti_rmnet_peripheral.c:758] qti_file_open():Could not open device file. Errno 2 error msg=No such file or directory
06-09 05:03:27.810  3448  3477 E SQLiteLog: (11) database corruption at line 65483 of [68b898381a]
06-09 05:03:27.810  3448  3477 E SQLiteLog: (11) statement aborts at 2: [] database disk image is malformed
06-09 05:03:27.812  3448  3476 I ContactsDatabaseHelper: Locale change completed in 31ms
06-09 05:03:27.813  3448  3476 I ContactsDatabaseHelper: Switching to locale [en_US] (ICU v63.2.0.0)
06-09 05:03:27.813  3448  3477 I ContactsProvider: Locale has changed from null to [en_US]
06-09 05:03:27.831  1054  1054 I MMParserExtractor: Created(0x23e4a2ff70)
06-09 05:03:27.833  3448  3476 I ContactsDatabaseHelper: Locale change completed in 20ms
06-09 05:03:27.839  3448  3476 I ContactsFTS: Rebuild contact search index in 5ms, 0 contacts
06-09 05:03:27.840   880  3265 I SDM     : HWCDisplayBuiltIn::GetOptimalRefreshRate: active_refresh_rate_: 60
06-09 05:03:27.842  3043  3495 I OMXClient: IOmx service obtained
06-09 05:03:27.842  1069  1347 I OMXMaster: makeComponentInstance(OMX.google.raw.decoder) in android.hardwar process
06-09 05:03:27.846  3448  3476 I ContactsProvider: Upgrading aggregation algorithm
06-09 05:03:27.848  1069  1347 E OMXNodeInstance: getConfig(0xee520320:google.raw.decoder, ConfigAndroidVendorExtension(0x6f100004)) ERROR: Undefined(0x80001001)
06-09 05:03:27.850  3043  3495 W ExtendedACodec: Failed to get extension for extradata parameter
06-09 05:03:27.855  3448  3476 I ContactAggregator: Marked all visible contacts for aggregation: 0 raw contacts, 1 ms
06-09 05:03:27.856  3448  3476 I ContactsProvider: Aggregation algorithm upgraded for 0 raw contacts in 9ms
06-09 05:03:27.873  3448  3477 I ContactsFTS: Rebuild contact search index in 13ms, 0 contacts
06-09 05:03:27.874  1054  1054 D MediaBufferGroup: creating MemoryDealer
06-09 05:03:28.026   880  3265 I SDM     : HWCDisplayBuiltIn::GetOptimalRefreshRate: active_refresh_rate_: 60
06-09 05:03:28.110   880  1011 I SDM     : HWCDisplayBuiltIn::GetOptimalRefreshRate: active_refresh_rate_: 60
06-09 05:03:28.455  3079  3079 D TelephonyProvider: Checksum for /product/etc/apns-conf.xml is 4015872298
06-09 05:03:28.455  3079  3079 D TelephonyProvider: Checksum after adding resource is 4077168300
06-09 05:03:28.457  3079  3079 D TelephonyProvider: dbh.onCreate:- db=SQLiteDatabase: /data/user_de/0/com.android.providers.telephony/databases/telephony.db
06-09 05:03:28.470  3079  3079 D TelephonyProvider: dbh.onOpen: ok, queried table=siminfo
06-09 05:03:28.470  3079  3079 D TelephonyProvider: dbh.onOpen: ok, queried table=carriers
06-09 05:03:28.470  3079  3079 D TelephonyProvider: Load APNs from /system/etc/apns-conf.xml instead of /oem/telephony/apns-conf.xml
06-09 05:03:28.471  3079  3079 D TelephonyProvider: Load APNs from /product/etc/apns-conf.xml instead of /system/etc/apns-conf.xml
06-09 05:03:28.471  3079  3079 D TelephonyProvider: Load APNs from /product/etc/apns-conf.xml instead of /data/misc/apns/apns-conf.xml
06-09 05:03:28.487  1134  1134 I Atfwd_Daemon: 
06-09 05:03:28.487  1134  1134 I Atfwd_Daemon:  Out of sleep...
06-09 05:03:28.487  1134  1134 I Atfwd_Daemon: 
06-09 05:03:28.487  1134  1134 I Atfwd_Daemon: 
06-09 05:03:28.487  1134  1134 I Atfwd_Daemon:  TrtyInit: retryCnt: 3
06-09 05:03:28.501  3079  3079 D TelephonyProvider: Checksum for /product/etc/apns-conf.xml is 4015872298
06-09 05:03:28.501  3079  3079 D TelephonyProvider: Checksum after adding resource is 4077168300
06-09 05:03:28.501  3079  3079 D TelephonyProvider: newChecksum: 4077168300
06-09 05:03:28.501  3079  3079 D TelephonyProvider: oldChecksum: 4077168300
06-09 05:03:28.501  3079  3079 D TelephonyProvider: Skipping apn db update since apn-conf has not changed.
06-09 05:03:28.501  3079  3079 D TelephonyProvider: addAllApnSharedPrefToLocalLog
06-09 05:03:28.568  3079  3079 I m.android.phon: The ClassLoaderContext is a special shared library.
06-09 05:03:28.574  3079  3079 D ONSAutoboot: Received android.intent.action.LOCKED_BOOT_COMPLETED
06-09 05:03:28.704  1142  1142 W Looper  : Slow dispatch took 128ms main h=android.app.ActivityThread$H c=null m=113
06-09 05:03:28.707  1142  3506 I chatty  : uid=1000(system) LBSSystemMonito expire 7 lines
06-09 05:03:28.712   857   857 I chatty  : uid=1021(gps) gnss@2.0-servic expire 27 lines
06-09 05:03:28.722  1142  3508 I chatty  : uid=1000(system) LocationService expire 24 lines
06-09 05:03:28.724   857   897 I chatty  : uid=1021(gps) Loc_hal_worker expire 6 lines
06-09 05:03:28.730   714   714 D Zygote  : Forked child process 3509
06-09 05:03:28.732  1142  1494 I ActivityManager: Start proc 3509:com.qualcomm.qcrilmsgtunnel/1001 for broadcast {com.qualcomm.qcrilmsgtunnel/com.qualcomm.qcrilmsgtunnel.QcrilMsgTunnelAutoboot}
06-09 05:03:28.740  3509  3509 I Zygote  : seccomp disabled by setenforce 0
06-09 05:03:28.798  3509  3509 W ApplicationLoaders: Unexpected environment for cached library: (null|[dalvik.system.PathClassLoader[DexPathList[[zip file "/system/framework/android.hidl.base-V1.0-java.jar"],nativeLibraryDirectories=[/system/lib64, /product/lib64]]]])
06-09 05:03:28.804  3509  3509 I .qcrilmsgtunne: The ClassLoaderContext is a special shared library.
06-09 05:03:28.809  1257  1257 E QTI_SDM_INFO: [qti_rmnet_peripheral.c:758] qti_file_open():Could not open device file. Errno 2 error msg=No such file or directory
06-09 05:03:28.813  3509  3509 D ApplicationLoaders: Returning zygote-cached class loader: /system/framework/android.hidl.base-V1.0-java.jar
06-09 05:03:28.818  3509  3509 I .qcrilmsgtunne: The ClassLoaderContext is a special shared library.
06-09 05:03:28.828  3509  3509 I chatty  : uid=1001(radio) com.qualcomm.qcrilmsgtunnel identical 1 line
06-09 05:03:28.840  3509  3509 I .qcrilmsgtunne: The ClassLoaderContext is a special shared library.
06-09 05:03:28.851  3509  3509 I Perf    : Connecting to perf service.
06-09 05:03:28.870  3509  3509 D QcrilMsgTunnelAutoboot: ComponentInfo{com.qualcomm.qcrilmsgtunnel/com.qualcomm.qcrilmsgtunnel.QcrilMsgTunnelService} started successfully
06-09 05:03:28.871  3509  3509 D QcrilMsgTunnelService: onCreate method
06-09 05:03:28.873  3509  3509 D QcrilMsgTunnelIfaceManager: :Instantiated
06-09 05:03:28.878  3509  3509 I QcrilOemhookMsgTunnel: [null]Starting QcrilOemhookMsgTunnel
06-09 05:03:28.880  3509  3509 I android_os_HwBinder: HwBinder: Starting thread pool for getting: vendor.qti.hardware.radio.qcrilhook@1.0::IQtiOemHook/oemhook0
06-09 05:03:28.882  3509  3509 I QcrilOemhookMsgTunnel: [0]initOemHook:setCallback vendor.qti.hardware.radio.qcrilhook@1.0::IQtiOemHookResponse@Stub vendor.qti.hardware.radio.qcrilhook@1.0::IQtiOemHookIndication@Stub
06-09 05:03:28.885  3509  3509 I android_os_HwBinder: HwBinder: Starting thread pool for getting: android.hidl.manager@1.0::IServiceManager/default
06-09 05:03:28.886  3509  3509 I QcrilOemhookMsgTunnel: [0]registerForServiceNotifications: ret=true
06-09 05:03:28.886  3509  3509 D QcrilMsgTunnelIfaceManager: Registered SUB0 for UNSOL OEM HOOK to deliver external apps
06-09 05:03:28.886  3509  3509 I QcrilOemhookMsgTunnel: [null]Starting QcrilOemhookMsgTunnel
06-09 05:03:28.888  3509  3509 I android_os_HwBinder: HwBinder: Starting thread pool for getting: vendor.qti.hardware.radio.qcrilhook@1.0::IQtiOemHook/oemhook1
06-09 05:03:28.889  3509  3509 I QcrilOemhookMsgTunnel: [1]initOemHook:setCallback vendor.qti.hardware.radio.qcrilhook@1.0::IQtiOemHookResponse@Stub vendor.qti.hardware.radio.qcrilhook@1.0::IQtiOemHookIndication@Stub
06-09 05:03:28.891  3509  3509 I android_os_HwBinder: HwBinder: Starting thread pool for getting: android.hidl.manager@1.0::IServiceManager/default
06-09 05:03:28.893  3509  3509 I QcrilOemhookMsgTunnel: [1]registerForServiceNotifications: ret=true
06-09 05:03:28.893  3509  3509 D QcrilMsgTunnelIfaceManager: Registered SUB1 for UNSOL OEM HOOK to deliver external apps
06-09 05:03:28.902   714   714 D Zygote  : Forked child process 3533
06-09 05:03:28.905  1142  1494 I ActivityManager: Start proc 3533:com.qualcomm.qti.biometrics.fingerprint.service/u0a105 for broadcast {com.qualcomm.qti.biometrics.fingerprint.service/com.qualcomm.qti.biometrics.fingerprint.service.ShutdownReceiver}
06-09 05:03:28.914  3533  3533 I Zygote  : seccomp disabled by setenforce 0
06-09 05:03:28.970  3533  3533 W System  : ClassLoader referenced unknown path: /system/framework/vendor.qti.hardware.fingerprint-V1.0-java.jar
06-09 05:03:28.985  3533  3533 D libnativeloader: classloader namespace configured for unbundled vendor apk. library_path=/vendor/app/QFingerprintService/lib/arm64:/vendor/lib64
06-09 05:03:28.995  3533  3533 I Perf    : Connecting to perf service.
06-09 05:03:29.009  3533  3533 I qfp-service: ShutdownReceiver event received: android.intent.action.LOCKED_BOOT_COMPLETED
06-09 05:03:29.013  3533  3533 I android_os_HwBinder: HwBinder: Starting thread pool for getting: vendor.qti.hardware.fingerprint@1.0::IQtiExtendedFingerprint/default
06-09 05:03:29.018  2379  2379 W ApplicationLoaders: Unexpected environment for cached library: (null|[dalvik.system.PathClassLoader[DexPathList[[zip file "/system/framework/android.hidl.base-V1.0-java.jar"],nativeLibraryDirectories=[/system/lib64, /product/lib64]]]])
06-09 05:03:29.018  2379  2379 D ApplicationLoaders: Returning zygote-cached class loader: /system/framework/android.hidl.base-V1.0-java.jar
06-09 05:03:29.028  2379  2379 D libnativeloader: classloader namespace configured for unbundled vendor apk. library_path=/vendor/app/CneApp/lib/arm64:/vendor/lib64
06-09 05:03:29.039  2379  2379 D QCNEJ/CneAppReceiver: ACTION_LOCKED_BOOT_COMPLETED or ACTION_BOOT_COMPLETED received
06-09 05:03:29.040  2379  2379 D QCNEJ/CneAppReceiver: START CneApp
06-09 05:03:29.043  2379  2379 D QCNEJ/CneAppReceiver: CneApp Started Successfully
06-09 05:03:29.044  2379  2379 W QCNEJ/CneApp: CneApp created
06-09 05:03:29.045  2379  2379 I QCNEJ/NativeHalConnector: NativeHalConnector()
06-09 05:03:29.054   714   714 D Zygote  : Forked child process 3559
06-09 05:03:29.057  1142  1494 I ActivityManager: Start proc 3559:com.android.localtransport/1000 for service {com.android.localtransport/com.android.localtransport.LocalTransportService}
06-09 05:03:29.058  1142  2246 D ConnectivityService: requestNetwork for uid/pid:1001/2379 NetworkRequest [ TRACK_DEFAULT id=14, [ Capabilities: INTERNET&NOT_RESTRICTED&TRUSTED Uid: 1001] ]
06-09 05:03:29.059  1142  2069 I chatty  : uid=1000(system) wifiAwareServic expire 3 lines
06-09 05:03:29.061  1142  2070 I chatty  : uid=1000(system) EthernetService expire 3 lines
06-09 05:03:29.062  2379  3564 D QCNEJ/WlanStaInfoRelay: Received action: android.net.wifi.STATE_CHANGE
06-09 05:03:29.063  2379  3564 D QCNEJ/WlanStaInfoRelay: reset CountryCodeRetriever
06-09 05:03:29.064  2379  2379 I QCNEJ/NativeHalServerCallback: Listen for cmdId: 7
06-09 05:03:29.069  3559  3559 I Zygote  : seccomp disabled by setenforce 0
06-09 05:03:29.070  2379  2379 D QCNEJ/DataCallAgent: phoneCount: 2
06-09 05:03:29.071  2379  2379 D QCNEJ/DataCallAgent: subs for 0th slot: null
06-09 05:03:29.071  2379  2379 D QCNEJ/DataCallAgent: subs for 1th slot: null
06-09 05:03:29.072  2379  2379 I QCNEJ/NativeHalServerCallback: Listen for cmdId: 5
06-09 05:03:29.073  2379  2379 I QCNEJ/NativeHalServerCallback: Listen for cmdId: 6
06-09 05:03:29.073  2379  2379 I QCNEJ/NativeHalServerCallback: Listen for cmdId: 3
06-09 05:03:29.073  2379  2379 I QCNEJ/NativeHalServerCallback: Listen for cmdId: 4
06-09 05:03:29.073  2379  2379 I QCNEJ/NativeHalServerCallback: Listen for cmdId: 1
06-09 05:03:29.073  2379  2379 I QCNEJ/NativeHalServerCallback: Listen for cmdId: 2
06-09 05:03:29.076  2379  2379 I QCNEJ/NativeHalServerCallback: Listen for cmdId: 8
06-09 05:03:29.076  2379  3556 I QCNEJ/NativeHalConnector: handling GET_SERVICE in ServiceFetcher
06-09 05:03:29.078  2379  3556 I android_os_HwBinder: HwBinder: Starting thread pool for getting: vendor.qti.data.factory@2.0::IFactory/default
06-09 05:03:29.079  2379  3556 V QCNEJ/NativeHalConnector: IServiceNotification.onRegistration
06-09 05:03:29.079  2379  3557 I QCNEJ/NativeHalConnector: handling CND_SERVER_UP
06-09 05:03:29.080  2379  3557 I QCNEJ/NativeHalConnector: createCneIService success mCnd=vendor.qti.hardware.data.cne.internal.server@1.0::ICneService@Proxy
06-09 05:03:29.081  2379  3557 D QCNEJ/NativeHalConnector: Connected to service SUCC
06-09 05:03:29.081  2379  3557 I QCNEJ/InfoRelay: Native connection is up, restore information
06-09 05:03:29.081  2379  3557 I chatty  : uid=1001(radio) NativeReceiver identical 1 line
06-09 05:03:29.085  2379  3557 I QCNEJ/InfoRelay: Native connection is up, restore information
06-09 05:03:29.085  2379  3557 I QCNEJ/NativeHalConnector: -> SND notifyWifiP2pStateChanged(0)
06-09 05:03:29.086   714   714 D Zygote  : Forked child process 3568
06-09 05:03:29.086  2379  3557 I QCNEJ/InfoRelay: Native connection is up, restore information
06-09 05:03:29.087  2379  3557 I QCNEJ/NativeHalConnector: -> SND notifyWifiApStateChanged(0, 0)
06-09 05:03:29.087  2379  3557 E QCNEJ/NativeHalConnector: Failed to parse input for notifyWifiApStateChanged:java.lang.IllegalArgumentException: WIFI_AP_STATE is out of bounds: 0
06-09 05:03:29.087  2379  3557 I QCNEJ/InfoRelay: Native connection is up, restore information
06-09 05:03:29.088  1142  1494 W ActivityManager: Slow operation: 61ms so far, now at startProcess: returned from zygote!
06-09 05:03:29.088  1142  1494 W ActivityManager: Slow operation: 61ms so far, now at startProcess: done updating battery stats
06-09 05:03:29.088  1142  1494 W ActivityManager: Slow operation: 61ms so far, now at startProcess: building log message
06-09 05:03:29.088  1142  1494 I ActivityManager: Start proc 3568:com.qualcomm.qti.biometrics.fingerprint.service:remote/u0a105 for service {com.qualcomm.qti.biometrics.fingerprint.service/com.qualcomm.qti.biometrics.fingerprint.service.FingerprintService}
06-09 05:03:29.088  1142  1494 W ActivityManager: Slow operation: 61ms so far, now at startProcess: starting to update pids map
06-09 05:03:29.088  1142  1494 W ActivityManager: Slow operation: 61ms so far, now at startProcess: done updating pids map
06-09 05:03:29.090  2379  3557 D QCNEJ/RssiOffloadAgent: Get override settingfailed with exception android.provider.Settings$SettingNotFoundException: ims_profile_override
06-09 05:03:29.090  2379  3557 D QCNEJ/NativeHalConnector: -> SND notifyIMSProfileOverrideSettingChanged(0)
06-09 05:03:29.098  3568  3568 I Zygote  : seccomp disabled by setenforce 0
06-09 05:03:29.112   714   714 D Zygote  : Forked child process 3588
06-09 05:03:29.115  1142  1494 W ActivityManager: Slow operation: 71ms so far, now at startProcess: returned from zygote!
06-09 05:03:29.115  1142  1494 W ActivityManager: Slow operation: 71ms so far, now at startProcess: done updating battery stats
06-09 05:03:29.115  1142  1494 W ActivityManager: Slow operation: 72ms so far, now at startProcess: building log message
06-09 05:03:29.115  1142  1494 I ActivityManager: Start proc 3588:com.qualcomm.qti.performancemode/u0a125 for broadcast {com.qualcomm.qti.performancemode/com.qualcomm.qti.performancemode.SystemEventReceiver}
06-09 05:03:29.115  1142  1494 W ActivityManager: Slow operation: 72ms so far, now at startProcess: starting to update pids map
06-09 05:03:29.116  1142  1494 W ActivityManager: Slow operation: 73ms so far, now at startProcess: done updating pids map
06-09 05:03:29.118  3559  3559 I .localtranspor: The ClassLoaderContext is a special shared library.
06-09 05:03:29.125  3588  3588 I Zygote  : seccomp disabled by setenforce 0
06-09 05:03:29.127  3559  3559 I Perf    : Connecting to perf service.
06-09 05:03:29.143  1142  1142 I TransportClient: LocalTransportService#0: Notifying [TransportManager.registerTransport()] transport = IBackupTransport
06-09 05:03:29.145  1142  3010 I chatty  : uid=1000(system) backup-0 expire 1 line
06-09 05:03:29.148  1142  3010 D BackupTransportManager: Transport com.android.localtransport/.LocalTransportService registered
06-09 05:03:29.148  1142  3010 D BackupManagerService: Transport com.android.localtransport/.LocalTransport registered 3173ms after first request (delay = 3000ms)
06-09 05:03:29.150  3568  3568 W System  : ClassLoader referenced unknown path: /system/framework/vendor.qti.hardware.fingerprint-V1.0-java.jar
06-09 05:03:29.166  3568  3568 D libnativeloader: classloader namespace configured for unbundled vendor apk. library_path=/vendor/app/QFingerprintService/lib/arm64:/vendor/lib64
06-09 05:03:29.174  3588  3588 I performancemod: The ClassLoaderContext is a special shared library.
06-09 05:03:29.178  3568  3568 I Perf    : Connecting to perf service.
06-09 05:03:29.188  3588  3588 I Perf    : Connecting to perf service.
06-09 05:03:29.192  3568  3568 D qfp-service: onCreate
06-09 05:03:29.192  3568  3568 D qfp-service: registerScreenToggle
06-09 05:03:29.198  3568  3568 I android_os_HwBinder: HwBinder: Starting thread pool for getting: vendor.qti.hardware.fingerprint@1.0::IQtiExtendedFingerprint/default
06-09 05:03:29.201  1159  1159 I QFP     : registerAndroidServices: entry
06-09 05:03:29.201  1159  1159 I QFP     : getPersistPropVal: persist.vendor.qfp = true (default false)
06-09 05:03:29.202  3568  3568 D qfp-service: onBind with intent null
06-09 05:03:29.203  3568  3629 I android_os_HwBinder: HwBinder: Starting thread pool for getting: vendor.qti.hardware.fingerprint@1.0::IQtiExtendedFingerprint/default
06-09 05:03:29.206  3533  3533 I qfp-service: onServiceConnected: ComponentInfo{com.qualcomm.qti.biometrics.fingerprint.service/com.qualcomm.qti.biometrics.fingerprint.service.FingerprintService}
06-09 05:03:29.207  1159  1159 I qfp-daemon: type=1400 audit(0.0:1196): avc: denied { read write } for name="qseecom" dev="tmpfs" ino=6433 scontext=u:r:qfp-daemon:s0 tcontext=u:object_r:qseecom_device:s0 tclass=chr_file permissive=1
06-09 05:03:29.207  1159  1159 I qfp-daemon: type=1400 audit(0.0:1197): avc: denied { open } for path="/dev/qseecom" dev="tmpfs" ino=6433 scontext=u:r:qfp-daemon:s0 tcontext=u:object_r:qseecom_device:s0 tclass=chr_file permissive=1
06-09 05:03:29.207  1159  1159 I qfp-daemon: type=1400 audit(0.0:1198): avc: denied { ioctl } for path="/dev/qseecom" dev="tmpfs" ino=6433 ioctlcmd=0x970a scontext=u:r:qfp-daemon:s0 tcontext=u:object_r:qseecom_device:s0 tclass=chr_file permissive=1
06-09 05:03:29.207  1159  1159 I QFP     : registerAndroidServices: entry
06-09 05:03:29.207  1159  1159 I QFP     : getPersistPropVal: persist.vendor.qfp = true (default false)
06-09 05:03:29.207  1159  1159 I QFP     : notifyPowerState: entry
06-09 05:03:29.207  1159  1159 I QFP     : getPersistPropVal: persist.vendor.qfp = true (default false)
06-09 05:03:29.208  1159  1159 I QFP     : getPersistPropVal: persist.vendor.qfp.wup_display = 0 (default 0)
06-09 05:03:29.208  1159  1159 I QFP     : notifyPowerState: wake isEnableFD=true
06-09 05:03:29.208  1159  1159 I QFP     : Initializing QFP framework
06-09 05:03:29.208  1159  1159 I QFP     : getPersistPropVal: persist.vendor.qfp.qbt_fd_name = /dev/qbt_fd (default /dev/qbt_fd)
06-09 05:03:29.208  1159  1159 I QFP     : getPersistPropVal: persist.vendor.qfp.qbt_ipc_name = /dev/qbt_ipc (default /dev/qbt_ipc)
06-09 05:03:29.208  1159  1159 E QFP     : Dropping unsupported QBT command
06-09 05:03:29.210  1159  1159 D QSEECOMAPI: QSEECom_get_handle sb_length = 0x40000
06-09 05:03:29.210  1159  1159 D QSEECOMAPI: App is not loaded in QSEE
06-09 05:03:29.210  1159  1159 D QSEECOMAPI: app_arch = 2, total_files = 9
06-09 05:03:29.210  1159  1159 E ion     : ioctl c0044901 failed with code -1: Not a typewriter
06-09 05:03:29.215  1142  3052 D PackageManager: Instant App installer not found with android.intent.action.INSTALL_INSTANT_APP_PACKAGE
06-09 05:03:29.215  1142  3052 D PackageManager: Clear ephemeral installer activity
06-09 05:03:29.256   714   714 D Zygote  : Forked child process 3632
06-09 05:03:29.260  1142  1494 I ActivityManager: Start proc 3632:com.qualcomm.qti.qdma/1000 for broadcast {com.qualcomm.qti.qdma/com.qualcomm.qti.qdma.app.BootReceiver}
06-09 05:03:29.271  3632  3632 I Zygote  : seccomp disabled by setenforce 0
06-09 05:03:29.329  1159  1159 D QSEECOMAPI: Loaded image: APP id = 8
06-09 05:03:29.331  1159  1159 I qfp-daemon: type=1400 audit(0.0:1199): avc: denied { ioctl } for path="/dev/qseecom" dev="tmpfs" ino=6433 ioctlcmd=0x9708 scontext=u:r:qfp-daemon:s0 tcontext=u:object_r:qseecom_device:s0 tclass=chr_file permissive=1
06-09 05:03:29.337  1159  1159 I QFP     : qsc_start_app: Loading app [fingerpr] succeeded
06-09 05:03:29.339  3632  3632 I chatty  : uid=1000(system) com.qualcomm.qti.qdma expire 73 lines
06-09 05:03:29.348   597   615 D DrmLibTime: got the req here! ret=0
06-09 05:03:29.349   597   615 D DrmLibTime: command id, time_cmd_id = 770
06-09 05:03:29.349   597   615 D DrmLibTime: time_getutcsec starts!
06-09 05:03:29.349   597   615 D DrmLibTime: QSEE Time Listener: time_getutcsec
06-09 05:03:29.349   597   615 D DrmLibTime: QSEE Time Listener: get_utc_seconds
06-09 05:03:29.349   597   615 D DrmLibTime: QSEE Time Listener: time_get_modem_time
06-09 05:03:29.349   597   615 D DrmLibTime: QSEE Time Listener: Checking if ATS_MODEM is set or not.
06-09 05:03:29.349   597   615 D QC-time-services: Lib:time_genoff_operation: pargs->base = 13
06-09 05:03:29.349   597   615 D QC-time-services: Lib:time_genoff_operation: pargs->operation = 2
06-09 05:03:29.349   597   615 D QC-time-services: Lib:time_genoff_operation: pargs->ts_val = 0
06-09 05:03:29.350   597   615 D QC-time-services: Lib:time_genoff_operation: Send to server  passed!!
06-09 05:03:29.350   707   966 D QC-time-services: Daemon: Connection accepted:time_genoff
06-09 05:03:29.352   707  3653 D QC-time-services: Daemon:Received base = 13, unit = 1, operation = 2,value = 0
06-09 05:03:29.352   707  3653 D QC-time-services: Daemon:genoff_opr: Base = 13, val = 0, operation = 2
06-09 05:03:29.352   707  3653 D QC-time-services: offset is: 0 for base: 13
06-09 05:03:29.352   597   615 E QC-time-services: Receive Passed == base = 13, unit = 1, operation = 2, result = 0
06-09 05:03:29.352   597   615 D DrmLibTime: QSEE Time Listener: ATS_MODEM is not set. Fallback to Android system time.
06-09 05:03:29.352   597   615 D DrmLibTime: QSEE Time Listener: Retrieved Android system time: 1686287009
06-09 05:03:29.352   597   615 D DrmLibTime: time_getutcsec returns 0, sec = 1686287009; nsec = 0
06-09 05:03:29.352   597   615 D DrmLibTime: time_getutcsec finished! 
06-09 05:03:29.352   597   615 D DrmLibTime: iotcl_continue_command finished! and return 0 
06-09 05:03:29.353   597   615 D DrmLibTime: before calling ioctl to read the next time_cmd
06-09 05:03:29.353   707   966 E QC-time-services: Daemon: Time-services: Waiting to acceptconnection
06-09 05:03:29.355   597   597 I qseecomd: type=1400 audit(0.0:1200): avc: denied { read } for name="/" dev="dm-4" ino=2 scontext=u:r:tee:s0 tcontext=u:object_r:rootfs:s0 tclass=dir permissive=1
06-09 05:03:29.355   597   597 I qseecomd: type=1400 audit(0.0:1201): avc: denied { open } for path="/" dev="dm-4" ino=2 scontext=u:r:tee:s0 tcontext=u:object_r:rootfs:s0 tclass=dir permissive=1
06-09 05:03:29.390  3632  3655 I chatty  : uid=1000(system) pool-1-thread-1 expire 3 lines
06-09 05:03:29.431  1159  1159 E QFP     : qfpCommand: error from send_command_to_tz: 0, QFP result -11
06-09 05:03:29.434  1157  1811 I qdmastatsd: /data/vendor/qdma/up is now ready
06-09 05:03:29.436  1159  1159 D QSEECOMAPI: QSEECom_dealloc_memory 
06-09 05:03:29.436  1159  1159 D QSEECOMAPI: QSEECom_shutdown_app, app_id = 8
06-09 05:03:29.456  1159  1159 E QFP     : Dropping unsupported QBT command
06-09 05:03:29.456  1159  1159 I QFP     : openFramework:QFP TZ VERSION: 3.0.3.35
06-09 05:03:29.456  1159  1159 E QFP     : releaseWakelock: qbt sensor handle is invalid
06-09 05:03:29.456  1159  1159 E QFP     : qfp_init failed -1
06-09 05:03:29.478   714   714 D Zygote  : Forked child process 3659
06-09 05:03:29.481  1142  1494 I ActivityManager: Start proc 3659:com.qualcomm.qti.smq/1000 for content provider {com.qualcomm.qti.smq/com.qualcomm.qti.smq.providers.SMQContentProvider}
06-09 05:03:29.487  1134  1134 I Atfwd_Daemon: qmi_client_init_instance status retry : 3
06-09 05:03:29.487  1134  1134 I Atfwd_Daemon: 
06-09 05:03:29.487  1134  1134 I Atfwd_Daemon:  qmi_client_init_instance....
06-09 05:03:29.495  3659  3659 I Zygote  : seccomp disabled by setenforce 0
06-09 05:03:29.500  1134  1134 I Atfwd_Daemon: qmi_client_init_instance status: -3, num_retries: 4, retryCnt: 3
06-09 05:03:29.501  1134  1134 I Atfwd_Daemon: result : -3 	 ,Init step :1 	 ,qmiErrorCode: 0
06-09 05:03:29.501  1134  1134 I Atfwd_Daemon: 
06-09 05:03:29.501  1134  1134 I Atfwd_Daemon:  Sleeping...
06-09 05:03:29.551  3659  3659 D libnativeloader: classloader namespace configured for unbundled vendor apk. library_path=/vendor/app/QDMA-UI/lib/arm64:/vendor/app/QDMA-UI/QDMA-UI.apk!/lib/arm64-v8a:/vendor/lib64
06-09 05:03:29.563  3659  3659 I Perf    : Connecting to perf service.
06-09 05:03:29.583  3659  3659 D QDMA_UI : SMQContentProvider onCreate
06-09 05:03:29.585  3659  3678 D QDMA_UI : SMQContentProvider query
06-09 05:03:29.625  1157  1812 I qdmastatsd: /data/vendor/qdma/down/101/ is now ready
06-09 05:03:29.626  1157  1812 D qdmastatsd: In function campaign_mgr_load_campaigns_from_storage
06-09 05:03:29.627  1157  1812 D qdmastatsd: campaign_mgr_load_campaigns_from_storage Directory opened succesfully
06-09 05:03:29.627  1157  1812 E qdmastatsd: Not a recongnizable campaign file .
06-09 05:03:29.627  1157  1812 E qdmastatsd: Not a recongnizable campaign file ..
06-09 05:03:29.627  1157  1812 D qdmastatsd: Waiting Thread
06-09 05:03:29.628  1157  1809 I qdmastatsd: /data/vendor/qdma/down/51 is now ready
06-09 05:03:29.630  1157  1809 I qdmastatsd: enabled /data/vendor/qdma/down/51
06-09 05:03:29.630  1157  1809 I qdmastatsd-mbl: mccbandlist_wait_next_turn: test run
06-09 05:03:29.630  1157  1809 I qdmastatsd-mbl: mccbandlist_wait_next_turn: periodicInterval 300000 ms
06-09 05:03:29.630  1157  1809 I qdmastatsd-mbl: no info file
06-09 05:03:29.630  1157  1809 I qdmastatsd-mbl: mccbandlist_wait_next_turn: curr 1686287009630 ms
06-09 05:03:29.630  1157  1809 I qdmastatsd-mbl: mccbandlist_wait_next_turn: last 0 ms
06-09 05:03:29.630  1157  1809 I qdmastatsd-mbl: mccbandlist_wait_next_turn: first run
06-09 05:03:29.631  1157  1809 I qdmastatsd: enabled /data/vendor/qdma/down/51
06-09 05:03:29.631  1157  1812 D qdmastatsd: Current local time and date: Fri Jun  9 05:03:29 2023
06-09 05:03:29.631  1157  1812 D qdmastatsd: Nearest Activity secs 86400 Module 1 Activity type 0
06-09 05:03:29.631  1157  1812 D qdmastatsd: qdmastats_wait_file_updates:Going into poll
06-09 05:03:29.631  1157  1809 I qdmastatsd: qdmastats_dl_cleanup: removed /data/vendor/qdma/down/51/.
06-09 05:03:29.631  1157  1809 I qdmastatsd: qdmastats_dl_cleanup: removed /data/vendor/qdma/down/51/..
06-09 05:03:29.631  1157  1809 I qdmastatsd-mbl: mccbandlist_send_dload_req: test run 
06-09 05:03:29.631  1157  1809 I qdmastatsd-mbl: mccbandlist_send_dload_req: client_id=51, ver=1.0, key=mccbandlist.bin
06-09 05:03:29.631  1157  1809 I qdmastatsd-mbl: mccbandlist_send_dload_req: req_type=0, conn_type=1
06-09 05:03:29.631  1157  1809 I qdmastatsd-mbl: mccbandlist_send_dload_req: req_timer=1740, conn_timer=300 seconds
06-09 05:03:29.632  1157  1809 I qdmastatsd-mbl: mccbandlist_monitor: mbl_dl_req_cnt 1 
06-09 05:03:29.632  1157  1809 I qdmastatsd-mbl: mccbandlist_monitor: wait for new mccbandlist and check if disabled.
06-09 05:03:29.633  3659  3678 D QDMA_UI : SMQContentProvider query
06-09 05:03:29.637  3632  3632 W ContextImpl: Calling a method in the system process without a qualified user: android.app.ContextImpl.startService:1570 android.content.ContextWrapper.startService:669 com.qualcomm.qti.qdma.app.ApplicationManager.onCreate:402 android.app.Instrumentation.callApplicationOnCreate:1190 android.app.ActivityThread.handleBindApplication:6479 
06-09 05:03:29.641  3632  3632 W ContextImpl: Calling a method in the system process without a qualified user: android.app.ContextImpl.startService:1570 android.content.ContextWrapper.startService:669 com.qualcomm.qti.qdma.app.ApplicationManager.onCreate:406 android.app.Instrumentation.callApplicationOnCreate:1190 android.app.ActivityThread.handleBindApplication:6479 
06-09 05:03:29.664  3659  3678 D QDMA_UI : SMQContentProvider query
06-09 05:03:29.678  3659  3678 D QDMA_UI : SMQContentProvider query
06-09 05:03:29.683  3632  3632 W ContextImpl: Calling a method in the system process without a qualified user: android.app.ContextImpl.startService:1570 android.content.ContextWrapper.startService:669 android.content.ContextWrapper.startService:669 com.qualcomm.qti.qdma.app.BootReceiver.onBootReceived:128 com.qualcomm.qti.innodme.InnoBootReceiver.onReceive:22 
06-09 05:03:29.690   589   589 I hwservicemanager: getTransport: Cannot find entry android.hardware.drm@1.2::IDrmFactory/clearkey in either framework or device manifest.
06-09 05:03:29.691  3659  3659 D QDMA_UI : BootReceiver
06-09 05:03:29.692  3659  3659 D QDMA_UI - bootReceiver : : android.intent.action.LOCKED_BOOT_COMPLETED intent received
06-09 05:03:29.692  3659  3659 D QDMA_UI : bootReceiver : registerReceiver for QtiNotificationRecv
06-09 05:03:29.692   589   589 I hwservicemanager: getTransport: Cannot find entry android.hardware.drm@1.0::IDrmFactory/default in either framework or device manifest.
06-09 05:03:29.693  1049  1081 E DrmHal  : Failed to find any drm factories
06-09 05:03:29.695  3632  3682 I chatty  : uid=1000(system) com.qualcomm.qti.qdma expire 1 line
06-09 05:03:29.696  3632  3632 I QDMA:UploaderReceiver: getUploaderIntervalMs : 43200000
06-09 05:03:29.697  3632  3632 I QDMA:UploaderReceiver: startPeriodicScheduler - elaspedTimeMs:49620 / elaspedTargetTimeMs : 43249620
06-09 05:03:29.697  3632  3632 I QDMA:UploaderReceiver: setLastUploaderTimeMs :1686287009690
06-09 05:03:29.698  3632  3632 I QDMA:UploaderReceiver: setLastUploaderTimeMs : 2023-06-09T05:03:29 AM
06-09 05:03:29.699  2346  2346 D RCSService BC-Receiver: Boot Complete Event Received
06-09 05:03:29.699  2346  2346 D RCSService BC-Receiver: START RCS SERVICE ON BOOTUP
06-09 05:03:29.703   589   589 I hwservicemanager: getTransport: Cannot find entry vendor.qti.hardware.servicetracker@1.0::IServicetracker/default in either framework or device manifest.
06-09 05:03:29.708  3632  3632 I QDMA:DMEFacade: === startQdmaFileServiceNative ===
06-09 05:03:29.709  3632  3632 I QDMA:OmaDMNative: Java_com_qualcomm_qti_innodme_DMEFacade_doStartQdmaFileServiceNative()
06-09 05:03:29.709  3632  3632 D qdma_file_service: create receive path
06-09 05:03:29.710  3632  3632 I qdma_file_service: create socket_listener thread id: 483737451856
06-09 05:03:29.710  3632  3632 I QDMA:OmaDMNative: start socket listener pid: 483737451856
06-09 05:03:29.711  3632  3632 I QDMA:QDMAJobScheduler: checkSetJobSchedule clientID:200
06-09 05:03:29.711  2458  2458 I USTA_AutoBoot_Receiver: Device is booted. Trying to start USTA Service
06-09 05:03:29.711  3632  3632 I QDMA:QDMAJobScheduler: checkSetJobSchedule ret : false
06-09 05:03:29.711  2458  2458 W ContextImpl: Calling a method in the system process without a qualified user: android.app.ContextImpl.startService:1570 android.content.ContextWrapper.startService:669 android.content.ContextWrapper.startService:669 com.qualcomm.qti.ustaservice.USATAServiceAutoBootReceiver.onReceive:21 android.app.ActivityThread.handleReceiver:3789 
06-09 05:03:29.712  3632  3632 I QDMA:EventsManager: Received WIFI_STATE_CHANGE_ACTION
06-09 05:03:29.713   589   589 I hwservicemanager: getTransport: Cannot find entry vendor.qti.hardware.servicetracker@1.0::IServicetracker/default in either framework or device manifest.
06-09 05:03:29.715  2346  2346 I QRCSService: onCreate: Attempt to start service
06-09 05:03:29.717  3632  3686 I qdma_file_server: listen to qdma socket: 54
06-09 05:03:29.719  2346  2346 I QRCSService: onStartCommand- Call
06-09 05:03:29.721   589   589 I hwservicemanager: getTransport: Cannot find entry vendor.qti.hardware.servicetracker@1.0::IServicetracker/default in either framework or device manifest.
06-09 05:03:29.722  1142  2246 D ConnectivityService: requestNetwork for uid/pid:1000/3632 NetworkRequest [ TRACK_DEFAULT id=17, [ Capabilities: INTERNET&NOT_RESTRICTED&TRUSTED Uid: 1000] ]
06-09 05:03:29.726  3632  3691 I QDMA:OmaDMNative: DME Framework initializing...
06-09 05:03:29.727  3632  3691 I QDMA:OmaDMNative: DME Version 3.0 Build QDMA3.0.0-200217
06-09 05:03:29.727  3632  3691 I QDMA:OmaDMNative: Working directory: /data/user_de/0/com.qualcomm.qti.qdma/app_dme
06-09 05:03:29.727  3632  3691 I QDMA:OmaDMNative: Default MTree: mgmtree
06-09 05:03:29.727  3632  3691 I QDMA:OmaDMNative: Recovery Storage: dme_main.bak
06-09 05:03:29.727  3632  3691 D QDMA:OmaDMNative: ipth_HALLogInit 
06-09 05:03:29.727  3632  3691 W QDMA:OmaDMNative: /data/vendor/qdma/conf/debug.conf is not exist, set from ddf level by default 
06-09 05:03:29.727  3632  3691 D QDMA:OmaDMNative: loglevel is set from conf : ddfLevel 
06-09 05:03:29.729  3632  3691 V QDMA:OmaDMNative: file open .tmplog 2
06-09 05:03:29.731  2379  2379 I android_os_HwBinder: HwBinder: Starting thread pool for default
06-09 05:03:29.737  2346  3689 I android_os_HwBinder: HwBinder: Starting thread pool for getting: android.hidl.manager@1.0::IServiceManager/default
06-09 05:03:29.741  2346  2398 I QRCSService: IServiceNotification.onRegistration
06-09 05:03:29.742  2346  2398 I QRCSService: Attempting to get HIDL-IUceService V2_2
06-09 05:03:29.745  2346  2398 I android_os_HwBinder: HwBinder: Starting thread pool for getting: com.qualcomm.qti.uceservice@2.2::IUceService/com.qualcomm.qti.uceservice
06-09 05:03:29.745  2346  2398 I QRCSService: Received HIDL-UCEService V2_2
06-09 05:03:29.746  2346  2398 I QRCSService: setHidlUceService failed
06-09 05:03:29.746  3632  3691 D QDMA:OmaDMNative: ipth_HALLog_getConsoleLevel : 0 
06-09 05:03:29.746  3632  3691 I QDMA:OmaDMNative: ipth_GetDeviceIdType - device id type: RGST 
06-09 05:03:29.746  3632  3691 I QDMA:OmaDMNative: ipth_ClientGetDeviceId: uuid generation.
06-09 05:03:29.746  3632  3691 I QDMA:DMEFacade: devCtl: prop=UUID,cmd=get,param=null
06-09 05:03:29.748  3632  3691 I QDMA:DMEFacade: devCtl: prop=UUID,cmd=get,param=null
06-09 05:03:29.748  3632  3691 I QDMA:OmaDMNative: DevId: UUID:730fd567-5810-4201-8ef4-f031acd8393f
06-09 05:03:29.751   714   714 D Zygote  : Forked child process 3693
06-09 05:03:29.754  3693  3693 I Zygote  : seccomp disabled by setenforce 0
06-09 05:03:29.755  1142  1494 I ActivityManager: Start proc 3693:com.android.documentsui/u0a55 for broadcast {com.android.documentsui/com.android.documentsui.PreBootReceiver}
06-09 05:03:29.761  1142  1436 D ColorDisplayService: NightDisplayTintController Animation cancelled: false to matrix: 
06-09 05:03:29.761  1142  1436 D ColorDisplayService:        1.000000 0.000000 0.000000 0.000000 0.000000 1.000000 0.000000 0.000000 0.000000 0.000000 1.000000 0.000000 0.000000 0.000000 0.000000 1.000000 min matrix coefficients: 
06-09 05:03:29.761  1142  1436 D ColorDisplayService:        1.000000 0.000000 0.000000 0.000000 0.000000 1.000000 0.000000 0.000000 0.000000 0.000000 1.000000 0.000000 0.000000 0.000000 0.000000 1.000000 max matrix coefficients: 
06-09 05:03:29.761  1142  1436 D ColorDisplayService:        1.000000 0.000000 0.000000 0.000000 0.000000 1.000000 0.000000 0.000000 0.000000 0.000000 1.000000 0.000000 0.000000 0.000000 0.000000 1.000000
06-09 05:03:29.762  3632  3691 I QDMA:OmaDMNative: anotherURI = ./DMAcc/AppAuth/Client
06-09 05:03:29.762  3632  3691 I QDMA:OmaDMNative: workURI2 = ./DMAcc/AppAuth/Client/AAuthLevel
06-09 05:03:29.762  3632  3691 I QDMA:OmaDMNative: workURI = ./DMAcc/AppAuth/Client/AAuthName
06-09 05:03:29.762  3632  3691 I QDMA:OmaDMNative: originalAuthName = 
06-09 05:03:29.762  3632  3691 I QDMA:OmaDMNative: deviceID from ./DevInfo/DevId = 730fd567-5810-4201-8ef4-f031acd8393f
06-09 05:03:29.762  3632  3691 I QDMA:OmaDMNative: update AuthName: workURI=./DMAcc/AppAuth/Client/AAuthName, new AuthName=730fd567-5810-4201-8ef4-f031acd8393f
06-09 05:03:29.762  3632  3691 I QDMA:OmaDMNative: ipth_dme_initialize: success
06-09 05:03:29.763  3632  3691 I QDMA:DMEFacade: devCtl: prop=MANUFACTURER,cmd=get,param=null
06-09 05:03:29.767  2458  2458 I USTA_Native_Info: JNI_OnLoad Start
06-09 05:03:29.767  2458  2458 I USTA_Native_Info: JNI_OnLoad End
06-09 05:03:29.768  3632  3691 I QDMA:DMEFacade: devCtl: prop=MODEL,cmd=get,param=null
06-09 05:03:29.779  3632  3691 I QDMA:OmaDMNative: ipth_OverrideNode: succeeded
06-09 05:03:29.779  3632  3691 I QDMA:OmaDMNative: ipth_setInitialFwV() invoked.
06-09 05:03:29.779  3632  3691 I QDMA:DMEFacade: devCtl: prop=FOTA_PROP_FILE_FOLDER,cmd=get,param=null
06-09 05:03:29.780  3632  3691 I QDMA:OmaDMNative: Version(kona-userdebug 10 QKQ1.210303.001 eng.rgajje.20230609.103315 test-keys)
06-09 05:03:29.784  3632  3691 I QDMA:ActiveCareService: onStartCommand :Intent: Intent { act=com.qualcomm.qti.qdma.DEVICE_BOOTED cmp=com.qualcomm.qti.qdma/.app.ActiveCareService }
06-09 05:03:29.784  3632  3691 I QDMA:ApplicationManager: isItDMSessionRecovery, Invoked.?
06-09 05:03:29.784  3632  3691 I QDMA:ApplicationManager: isItDMSessionRecovery, return false.
06-09 05:03:29.784  3632  3691 I QDMA:ApplicationManager: clearJobDlData 
06-09 05:03:29.789  3632  3691 I QDMA:QDMAJobManager: persistGetQdmaJobSet 
06-09 05:03:29.790  3632  3691 I QDMA:QDMAJobManager: getQDMAJobRunState : 0
06-09 05:03:29.795  3632  3691 W ContextImpl: Calling a method in the system process without a qualified user: android.app.ContextImpl.startService:1570 android.content.ContextWrapper.startService:669 com.qualcomm.qti.qdma.util.PeriodicCI.run:501 com.qualcomm.qti.qdma.util.PeriodicCI.start:389 com.qualcomm.qti.qdma.app.ActiveCareService$ProcessSessionRequest.run:773 
