--------- beginning of system
06-09 05:03:15.021  1142  1142 I SystemServer: SetWindowManagerService
06-09 05:03:15.023  1142  1435 I DropBoxManagerService: add tag=system_server_strictmode isTagEnabled=true flags=0x2
06-09 05:03:15.024  1142  1435 I DropBoxManagerService: add tag=system_server_strictmode isTagEnabled=true flags=0x2
06-09 05:03:15.039  1142  1142 D SystemServerTiming: SetWindowManagerService took to complete: 17ms
06-09 05:03:15.039  1142  1142 I SystemServer: WindowManagerServiceOnInitReady
06-09 05:03:15.052  1142  1142 D SystemServerTiming: WindowManagerServiceOnInitReady took to complete: 14ms
06-09 05:03:15.052  1142  1142 I SystemServer: StartInputManager
06-09 05:03:15.052  1142  1142 I InputManager: Starting input manager
06-09 05:03:15.053  1142  1707 D SystemServerInitThreadPool: Started executing StartHidlServices
06-09 05:03:15.054  1142  1142 D SystemServerTiming: StartInputManager took to complete: 1ms
06-09 05:03:15.054  1142  1142 I SystemServer: DisplayManagerWindowManagerAndInputReady
06-09 05:03:15.054  1142  1142 D SystemServerTiming: DisplayManagerWindowManagerAndInputReady took to complete: 0ms
06-09 05:03:15.054  1142  1142 I SystemServer: StartBluetoothService
06-09 05:03:15.054  1142  1142 I SystemServiceManager: Starting com.android.server.BluetoothService
06-09 05:03:15.055  1142  1142 D BluetoothManagerService: Loading stored name and address
06-09 05:03:15.055  1142  1142 D BluetoothManagerService: Stored bluetooth Name=null,Address=null
06-09 05:03:15.055  1142  1142 D BluetoothManagerService: Bluetooth persisted state: 1
06-09 05:03:15.055  1142  1142 D BluetoothManagerService: Startup: Bluetooth persisted state is ON.
06-09 05:03:15.055  1142  1142 D BluetoothManagerService: Detected SystemUiUid: 10114
06-09 05:03:15.055  1142  1142 D SystemServerTiming: StartBluetoothService took to complete: 0ms
06-09 05:03:15.055  1142  1142 I SystemServer: IpConnectivityMetrics
06-09 05:03:15.055  1142  1142 I SystemServiceManager: Starting com.android.server.connectivity.IpConnectivityMetrics
06-09 05:03:15.055  1142  1142 D SystemServerTiming: IpConnectivityMetrics took to complete: 0ms
06-09 05:03:15.055  1142  1142 I SystemServer: NetworkWatchlistService
06-09 05:03:15.056  1142  1142 I SystemServiceManager: Starting com.android.server.net.watchlist.NetworkWatchlistService$Lifecycle
06-09 05:03:15.057  1142  1707 D SystemServerTimingAsync: StartHidlServices took to complete: 4ms
06-09 05:03:15.057  1142  1707 D SystemServerInitThreadPool: Finished executing StartHidlServices
06-09 05:03:15.059  1142  1142 D SystemServerTiming: NetworkWatchlistService took to complete: 3ms
06-09 05:03:15.059  1142  1142 I SystemServer: PinnerService
06-09 05:03:15.059  1142  1142 I SystemServiceManager: Starting com.android.server.PinnerService
06-09 05:03:15.060  1142  1142 D SystemServerTiming: PinnerService took to complete: 1ms
06-09 05:03:15.060  1142  1142 I SystemServer: ActivityTriggerService
06-09 05:03:15.060  1142  1480 D PinnerService: pinRangeStream: null
06-09 05:03:15.060  1142  1142 I SystemServiceManager: Starting com.android.server.ActivityTriggerService
06-09 05:03:15.062  1142  1142 I ActivityTriggerService: Starting ActivityTriggerService
06-09 05:03:15.064  1142  1711 I WatchlistLoggingHandler: Start aggregating watchlist records.
06-09 05:03:15.070  1142  1142 D SystemServerTiming: ActivityTriggerService took to complete: 11ms
06-09 05:03:15.070  1142  1142 I SystemServer: SignedConfigService
06-09 05:03:15.071  1142  1142 D SystemServerTiming: SignedConfigService took to complete: 0ms
06-09 05:03:15.089  1142  1480 D PinnerService: pinRangeStream: null
06-09 05:03:15.091  1142  1142 I SystemServer: StartInputMethodManagerLifecycle
06-09 05:03:15.091  1142  1142 I SystemServiceManager: Starting com.android.server.inputmethod.InputMethodManagerService$Lifecycle
06-09 05:03:15.093  1142  1142 D SystemServerTiming: StartInputMethodManagerLifecycle took to complete: 2ms
06-09 05:03:15.093  1142  1142 I SystemServer: StartAccessibilityManagerService
06-09 05:03:15.093  1142  1142 I SystemServiceManager: Starting com.android.server.accessibility.AccessibilityManagerService$Lifecycle
06-09 05:03:15.095  1142  1142 D SystemServerTiming: StartAccessibilityManagerService took to complete: 2ms
06-09 05:03:15.095  1142  1142 I SystemServer: MakeDisplayReady
06-09 05:03:15.102  1142  1142 I ActivityTaskManager: Config changes=20005df8 {1.0 ?mcc?mnc [en_US] ldltr sw1080dp w1920dp h1056dp 160dpi xlrg long land ?uimode ?night finger -keyb/h/h -nav/h winConfig={ mBounds=Rect(0, 0 - 1920, 1080) mAppBounds=Rect(0, 0 - 1920, 1080) mWindowingMode=fullscreen mDisplayWindowingMode=fullscreen mActivityType=undefined mAlwaysOnTop=undefined mRotation=ROTATION_0} s.2}
06-09 05:03:15.104  1142  1142 I ActivityTaskManager: Override config changes=60007dfc {1.0 ?mcc?mnc [en_US] ldltr sw1080dp w1920dp h1056dp 160dpi xlrg long land ?uimode ?night finger -keyb/h/h -nav/h winConfig={ mBounds=Rect(0, 0 - 1920, 1080) mAppBounds=Rect(0, 0 - 1920, 1080) mWindowingMode=fullscreen mDisplayWindowingMode=fullscreen mActivityType=undefined mAlwaysOnTop=undefined mRotation=ROTATION_0} s.2} for displayId=0
06-09 05:03:15.114  1142  1142 D SystemServerTiming: MakeDisplayReady took to complete: 20ms
06-09 05:03:15.114  1142  1142 I SystemServer: StartStorageManagerService
06-09 05:03:15.114  1142  1142 I SystemServiceManager: Starting com.android.server.StorageManagerService$Lifecycle
06-09 05:03:15.120  1142  1716 D StorageManagerService: Thinking about init, mBootCompleted=false, mDaemonConnected=true
06-09 05:03:15.120  1142  1716 D StorageManagerService: Thinking about reset, mBootCompleted=false, mDaemonConnected=true
06-09 05:03:15.120  1142  1142 D SystemServerTiming: StartStorageManagerService took to complete: 6ms
06-09 05:03:15.120  1142  1142 I SystemServer: StartStorageStatsService
06-09 05:03:15.120  1142  1142 I SystemServiceManager: Starting com.android.server.usage.StorageStatsService$Lifecycle
06-09 05:03:15.122  1142  1480 D PinnerService: pinRangeStream: null
06-09 05:03:15.126  1142  1142 D SystemServerTiming: StartStorageStatsService took to complete: 5ms
06-09 05:03:15.126  1142  1142 I SystemServer: StartUiModeManager
06-09 05:03:15.126  1142  1142 I SystemServiceManager: Starting com.android.server.UiModeManagerService
06-09 05:03:15.138  1142  1142 D SystemServerTiming: StartUiModeManager took to complete: 13ms
06-09 05:03:15.138  1142  1142 I SystemServer: UpdatePackagesIfNeeded
06-09 05:03:15.138  1142  1142 I Watchdog: Pausing HandlerChecker: main thread for reason: dexopt. Pause count: 1
06-09 05:03:15.141  1142  1682 D SystemServerTimingAsync: AppDataPrepare took to complete: 790ms
06-09 05:03:15.141  1142  1682 I PackageManager: Deferred reconcileAppsData finished 166 packages
06-09 05:03:15.141  1142  1682 D SystemServerInitThreadPool: Finished executing prepareAppData
06-09 05:03:15.142  1142  1717 D SystemServerInitThreadPool: Started executing UiModeManager.onStart
06-09 05:03:15.144  1142  1717 I ActivityTaskManager: Config changes=200 {1.0 ?mcc?mnc [en_US] ldltr sw1080dp w1920dp h1056dp 160dpi xlrg long land finger -keyb/h/h -nav/h winConfig={ mBounds=Rect(0, 0 - 1920, 1080) mAppBounds=Rect(0, 0 - 1920, 1080) mWindowingMode=fullscreen mDisplayWindowingMode=fullscreen mActivityType=undefined mAlwaysOnTop=undefined mRotation=ROTATION_0} s.4}
06-09 05:03:15.145  1142  1717 I ActivityTaskManager: Override config changes=200 {1.0 ?mcc?mnc [en_US] ldltr sw1080dp w1920dp h1056dp 160dpi xlrg long land finger -keyb/h/h -nav/h winConfig={ mBounds=Rect(0, 0 - 1920, 1080) mAppBounds=Rect(0, 0 - 1920, 1080) mWindowingMode=fullscreen mDisplayWindowingMode=fullscreen mActivityType=undefined mAlwaysOnTop=undefined mRotation=ROTATION_0} s.4} for displayId=0
06-09 05:03:15.146  1142  1717 D SystemServerInitThreadPool: Finished executing UiModeManager.onStart
06-09 05:03:15.158  1142  1480 D PinnerService: pinRangeStream: null
06-09 05:03:15.178  1142  1480 I chatty  : uid=1000(system) android.bg identical 11 lines
06-09 05:03:15.247   715   715 I chatty  : uid=0(root) main expire 3 lines
06-09 05:03:15.580  1142  1699 I chatty  : uid=1000 system_server expire 2 lines
06-09 05:03:16.602  1142  1711 I chatty  : uid=1000(system) NetworkWatchlis expire 1 line
06-09 05:03:16.602  1142  1435 I chatty  : uid=1000(system) android.io expire 10 lines
06-09 05:03:19.362  1142  1142 I chatty  : uid=1000 system_server expire 234 lines
06-09 05:03:19.363  1142  1716 I chatty  : uid=1000(system) StorageManagerS expire 1 line
06-09 05:03:19.366   600  2028 I chatty  : uid=0(root) Binder:600_2 expire 9 lines
06-09 05:03:19.368  1142  1376 I chatty  : uid=1000(system) Binder:1142_2 expire 3 lines
06-09 05:03:19.374  1142  2031 I chatty  : uid=1000 system_server expire 3 lines
06-09 05:03:19.600  1142  1473 I chatty  : uid=1000(system) HwBinder:1142_1 expire 1 line
06-09 05:03:19.614  1142  1443 I chatty  : uid=1000 system_server expire 2 lines
06-09 05:03:19.630  1142  1142 I SystemServiceManager: Starting com.android.server.slice.SliceManagerService$Lifecycle
06-09 05:03:19.631  1142  1142 D SystemServerTiming: StartSliceManagerService took to complete: 1ms
06-09 05:03:19.631  1142  1142 I SystemServer: StartCameraServiceProxy
06-09 05:03:19.631  1142  1142 I SystemServiceManager: Starting com.android.server.camera.CameraServiceProxy
06-09 05:03:19.632  1142  1142 D SystemServerTiming: StartCameraServiceProxy took to complete: 1ms
06-09 05:03:19.632  1142  1142 I SystemServer: StartStatsCompanionService
06-09 05:03:19.632  1142  1142 I SystemServiceManager: Starting com.android.server.stats.StatsCompanionService$Lifecycle
06-09 05:03:19.633  1142  1142 I StatsCompanionService: register thermal listener successfully
06-09 05:03:19.635  1142  1142 D SystemServerTiming: StartStatsCompanionService took to complete: 3ms
06-09 05:03:19.635  1142  1142 I SystemServer: StartIncidentCompanionService
06-09 05:03:19.635  1142  1142 I SystemServiceManager: Starting com.android.server.incident.IncidentCompanionService
06-09 05:03:19.636  1142  1142 D SystemServerTiming: StartIncidentCompanionService took to complete: 1ms
06-09 05:03:19.636  1142  1142 I SystemServer: StartAutoFillService
06-09 05:03:19.636  1142  1142 I SystemServiceManager: Starting com.android.server.autofill.AutofillManagerService
06-09 05:03:19.637  1142  1142 D AutofillManagerService: setLogLevelFromSettings(): level=2, debug=true, verbose=false
06-09 05:03:19.637  1142  1142 D AutofillManagerService: setMaxPartitionsFromSettings(): 10
06-09 05:03:19.637  1142  1142 D AutofillManagerService: setMaxVisibleDatasetsFromSettings(): 0
06-09 05:03:19.638  1142  1142 D AutofillManagerServiceImpl: Reset component for user 0:
06-09 05:03:19.638  1142  1434 D AutofillUI: destroySaveUiUiThread(): already destroyed
06-09 05:03:19.638  1142  1142 D SystemServerTiming: StartAutoFillService took to complete: 3ms
06-09 05:03:19.638  1142  1142 I SystemServer: StartClipboardService
06-09 05:03:19.638  1142  1142 I SystemServiceManager: Starting com.android.server.clipboard.ClipboardService
06-09 05:03:19.639  1142  1142 D SystemServerTiming: StartClipboardService took to complete: 1ms
06-09 05:03:19.639  1142  1142 I SystemServer: AppServiceManager
06-09 05:03:19.639  1142  1142 I SystemServiceManager: Starting com.android.server.appbinding.AppBindingService$Lifecycle
06-09 05:03:19.640  1142  1142 D SystemServerTiming: AppServiceManager took to complete: 0ms
06-09 05:03:19.640  1142  1142 I SystemServer: MakeLockSettingsServiceReady
06-09 05:03:19.648  1142  1142 I LockSettingsService: Migrated lock settings to new location
06-09 05:03:19.652  1142  1142 I LockSettingsService: Migrated per-user lock settings to new location
06-09 05:03:19.654  1142  1142 I LockSettingsService: Migrated biometric weak to use the fallback instead
06-09 05:03:19.655  1142  1142 I LockSettingsService: Migrated lockscreen disabled flag
06-09 05:03:19.658  1142  1142 I SyntheticPasswordManager: Device does not support weaver
06-09 05:03:19.660  1142  1142 E LockSettingsStorage: Cannot read file java.io.FileNotFoundException: /data/system/gatekeeper.password.key: open failed: ENOENT (No such file or directory)
06-09 05:03:19.660  1142  1142 E LockSettingsStorage: Cannot read file java.io.FileNotFoundException: /data/system/password.key: open failed: ENOENT (No such file or directory)
06-09 05:03:19.660  1142  1142 E LockSettingsStorage: Cannot read file java.io.FileNotFoundException: /data/system/gatekeeper.pattern.key: open failed: ENOENT (No such file or directory)
06-09 05:03:19.660  1142  1142 E LockSettingsStorage: Cannot read file java.io.FileNotFoundException: /data/system/gatekeeper.gesture.key: open failed: ENOENT (No such file or directory)
06-09 05:03:19.660  1142  1142 E LockSettingsStorage: Cannot read file java.io.FileNotFoundException: /data/system/gesture.key: open failed: ENOENT (No such file or directory)
06-09 05:03:19.661  1142  1142 D SystemServerTiming: MakeLockSettingsServiceReady took to complete: 21ms
06-09 05:03:19.661  1142  1142 I SystemServer: StartBootPhaseLockSettingsReady
06-09 05:03:19.661  1142  1142 I SystemServiceManager: Starting phase 480
06-09 05:03:19.662  1142  1690 D SystemServerInitThreadPool: Started executing DevicePolicyManager
06-09 05:03:19.662  1142  1690 D SystemServerInitThreadPool: Finished executing DevicePolicyManager
06-09 05:03:19.663  1142  1142 D SystemServerTiming: StartBootPhaseLockSettingsReady took to complete: 2ms
06-09 05:03:19.663  1142  1142 I SystemServer: StartBootPhaseSystemServicesReady
06-09 05:03:19.663  1142  1142 I SystemServiceManager: Starting phase 500
06-09 05:03:19.664  1142  1142 D AppStandbyController: Setting app idle enabled state
06-09 05:03:19.664  1142  1142 D AppStandbyController: Initializing defaults for system apps on user 0, appIdleEnabled=false
06-09 05:03:19.666  1142  1142 E AppIdleHistory: Unable to read app idle file for user 0
06-09 05:03:19.666  1142  1142 E AppIdleHistory: java.io.FileNotFoundException: /data/system/users/0/app_idle_stats.xml: open failed: ENOENT (No such file or directory)
06-09 05:03:19.666  1142  1142 E AppIdleHistory: 	at libcore.io.IoBridge.open(IoBridge.java:496)
06-09 05:03:19.666  1142  1142 E AppIdleHistory: 	at java.io.FileInputStream.<init>(FileInputStream.java:159)
06-09 05:03:19.666  1142  1142 E AppIdleHistory: 	at android.util.AtomicFile.openRead(AtomicFile.java:229)
06-09 05:03:19.666  1142  1142 E AppIdleHistory: 	at com.android.server.usage.AppIdleHistory.readAppIdleTimes(AppIdleHistory.java:525)
06-09 05:03:19.666  1142  1142 E AppIdleHistory: 	at com.android.server.usage.AppIdleHistory.getUserHistory(AppIdleHistory.java:293)
06-09 05:03:19.666  1142  1142 E AppIdleHistory: 	at com.android.server.usage.AppIdleHistory.reportUsage(AppIdleHistory.java:283)
06-09 05:03:19.666  1142  1142 E AppIdleHistory: 	at com.android.server.usage.AppStandbyController.initializeDefaultsForSystemApps(AppStandbyController.java:1454)
06-09 05:03:19.666  1142  1142 E AppIdleHistory: 	at com.android.server.usage.AppStandbyController.onBootPhase(AppStandbyController.java:392)
06-09 05:03:19.666  1142  1142 E AppIdleHistory: 	at com.android.server.usage.UsageStatsService.onBootPhase(UsageStatsService.java:254)
06-09 05:03:19.666  1142  1142 E AppIdleHistory: 	at com.android.server.SystemServiceManager.startBootPhase(SystemServiceManager.java:159)
06-09 05:03:19.666  1142  1142 E AppIdleHistory: 	at com.android.server.SystemServer.startOtherServices(SystemServer.java:2012)
06-09 05:03:19.666  1142  1142 E AppIdleHistory: 	at com.android.server.SystemServer.run(SystemServer.java:522)
06-09 05:03:19.666  1142  1142 E AppIdleHistory: 	at com.android.server.SystemServer.main(SystemServer.java:359)
06-09 05:03:19.666  1142  1142 E AppIdleHistory: 	at java.lang.reflect.Method.invoke(Native Method)
06-09 05:03:19.666  1142  1142 E AppIdleHistory: 	at com.android.internal.os.RuntimeInit$MethodAndArgsCaller.run(RuntimeInit.java:492)
06-09 05:03:19.666  1142  1142 E AppIdleHistory: 	at com.android.internal.os.ZygoteInit.main(ZygoteInit.java:913)
06-09 05:03:19.666  1142  1142 E AppIdleHistory: Caused by: android.system.ErrnoException: open failed: ENOENT (No such file or directory)
06-09 05:03:19.666  1142  1142 E AppIdleHistory: 	at libcore.io.Linux.open(Native Method)
06-09 05:03:19.666  1142  1142 E AppIdleHistory: 	at libcore.io.ForwardingOs.open(ForwardingOs.java:167)
06-09 05:03:19.666  1142  1142 E AppIdleHistory: 	at libcore.io.BlockGuardOs.open(BlockGuardOs.java:252)
06-09 05:03:19.666  1142  1142 E AppIdleHistory: 	at libcore.io.IoBridge.open(IoBridge.java:482)
06-09 05:03:19.666  1142  1142 E AppIdleHistory: 	... 15 more
06-09 05:03:19.670  1142  1142 D TestHarnessModeService: Setting up test harness mode
06-09 05:03:19.670  1142  1142 D TestHarnessModeService: Getting PersistentDataBlockManagerInternal from LocalServices
06-09 05:03:19.678  1142  1142 I WifiService: WifiService starting up with Wi-Fi enabled
06-09 05:03:19.688  1142  2042 D ConnectivityService: Got NetworkFactory Messenger for WIFI_AWARE_FACTORY
06-09 05:03:19.691  1142  2042 D ConnectivityService: Got NetworkFactory Messenger for Ethernet
06-09 05:03:19.695  1142  1142 D SystemServerTiming: StartBootPhaseSystemServicesReady took to complete: 33ms
06-09 05:03:19.695  1142  1142 I SystemServer: MakeWindowManagerServiceReady
06-09 05:03:19.700  1142  1142 D SystemServerTiming: MakeWindowManagerServiceReady took to complete: 4ms
06-09 05:03:19.701  1142  1142 I SystemServer: MakePowerManagerServiceReady
06-09 05:03:19.702  1142  1142 E DisplayPowerController: failed to set up display white-balance: java.lang.IllegalStateException: cannot find light sensor
06-09 05:03:19.705  1142  1142 D SystemServerTiming: MakePowerManagerServiceReady took to complete: 5ms
06-09 05:03:19.706  1142  1142 I SystemServer: StartPermissionPolicyService
06-09 05:03:19.706  1142  1142 I SystemServiceManager: Starting com.android.server.policy.PermissionPolicyService
06-09 05:03:19.706  1142  1142 D SystemServerTiming: StartPermissionPolicyService took to complete: 1ms
06-09 05:03:19.706  1142  1142 I SystemServer: MakePackageManagerServiceReady
06-09 05:03:19.710   600   600 I chatty  : uid=0(root) Binder:600_2 expire 46 lines
06-09 05:03:19.728  1142  1549 W KeyguardServiceDelegate: onScreenTurningOn(): no keyguard service!
06-09 05:03:19.730  1142  1512 E KernelCpuSpeedReader: Failed to read cpu-freq: /sys/devices/system/cpu/cpu0/cpufreq/stats/time_in_state: open failed: ENOENT (No such file or directory)
06-09 05:03:19.730  1142  1512 E KernelCpuSpeedReader: Failed to read cpu-freq: /sys/devices/system/cpu/cpu4/cpufreq/stats/time_in_state: open failed: ENOENT (No such file or directory)
06-09 05:03:19.732  1142  1549 V DisplayPowerController: Brightness [102] reason changing to: 'override', previous reason: '0'.
06-09 05:03:19.734   867   867 I android.hardware.wifi@1.0-service: Wifi HAL started
06-09 05:03:19.749   600   696 I chatty  : uid=0(root) Binder:600_5 expire 568 lines
06-09 05:03:19.884  1142  1435 I DropBoxManagerService: add tag=system_server_strictmode isTagEnabled=true flags=0x2
06-09 05:03:19.901   600  2075 I chatty  : uid=0(root) Binder:600_6 expire 139 lines
06-09 05:03:19.903   867   867 I android.hardware.wifi@1.0-service: Adding interface handle for wlan0
06-09 05:03:19.903   867   867 I android.hardware.wifi@1.0-service: Adding interface handle for wifi-aware0
06-09 05:03:19.903   867   867 I android.hardware.wifi@1.0-service: Adding interface handle for p2p0
06-09 05:03:19.903   867   867 W android.hardware.wifi@1.0-service: No active wlan interfaces in use! Using default
06-09 05:03:19.903   867   867 W android.hardware.wifi@1.0-service: No active wlan interfaces in use! Using default
06-09 05:03:19.921   867   867 I android.hardware.wifi@1.0-service: Configured chip in mode 3
06-09 05:03:19.921   867   867 W android.hardware.wifi@1.0-service: No active wlan interfaces in use! Using default
06-09 05:03:19.924   867   867 W android.hardware.wifi@1.0-service: No active wlan interfaces in use! Using default
06-09 05:03:19.941  1067  1067 I wificond: setting base_wiphy_index_ to 0
06-09 05:03:19.941  1067  1067 I wificond: create scanner for interface with index: 10
06-09 05:03:19.941  1067  1067 I wificond: subscribe scan result for interface with index: 10
06-09 05:03:19.943  1067  1067 E wificond: No Offload Service available
06-09 05:03:19.943  1067  1067 I wificond: Offload HAL not supported 
06-09 05:03:19.957   600   696 I chatty  : uid=0(root) Binder:600_5 expire 261 lines
06-09 05:03:19.997   600  2075 I chatty  : uid=0(root) Binder:600_6 expire 272 lines
06-09 05:03:20.048   600   696 I chatty  : uid=0(root) Binder:600_5 expire 599 lines
06-09 05:03:20.225   600  2075 I chatty  : uid=0(root) Binder:600_6 expire 299 lines
06-09 05:03:20.232  1067  1067 W wificond: No pno scan started
06-09 05:03:20.232  1067  1067 W wificond: Scheduled scan is not running!
06-09 05:03:20.232  1067  1067 W wificond: No pno scan started
06-09 05:03:20.233  1067  1067 W wificond: Scheduled scan is not running!
06-09 05:03:20.234   867   867 W android.hardware.wifi@1.0-service: No active wlan interfaces in use! Using default
06-09 05:03:20.235  1067  1067 I wificond: Unsubscribe scan result for interface with index: 10
06-09 05:03:20.269   867  2079 I android.hardware.wifi@1.0-service: Legacy HAL stop complete callback received
06-09 05:03:20.270   867   867 I android.hardware.wifi@1.0-service: Wifi HAL stopped
06-09 05:03:20.274   867   867 I android.hardware.wifi@1.0-service: Wifi HAL started
06-09 05:03:20.310  1142  1142 D VoiceInteractionManagerService: initForUser(0) took to complete: 2ms
06-09 05:03:20.312  1142  1142 I SyncManager: No initial accounts
06-09 05:03:20.312  1142  1142 I SyncManager: No initial status
06-09 05:03:20.313  1142  1142 I SyncManager: No initial statistics
06-09 05:03:20.526   867   867 I android.hardware.wifi@1.0-service: Adding interface handle for wlan0
06-09 05:03:20.526   867   867 I android.hardware.wifi@1.0-service: Adding interface handle for wifi-aware0
06-09 05:03:20.526   867   867 I android.hardware.wifi@1.0-service: Adding interface handle for p2p0
06-09 05:03:20.526   867   867 W android.hardware.wifi@1.0-service: No active wlan interfaces in use! Using default
06-09 05:03:20.526   867   867 W android.hardware.wifi@1.0-service: No active wlan interfaces in use! Using default
06-09 05:03:20.545   867   867 I android.hardware.wifi@1.0-service: Configured chip in mode 3
06-09 05:03:20.545   867   867 W android.hardware.wifi@1.0-service: No active wlan interfaces in use! Using default
06-09 05:03:20.549   867   867 W android.hardware.wifi@1.0-service: No active wlan interfaces in use! Using default
06-09 05:03:20.550  1142  1142 E DefaultPermGrantPolicy: PackageNot found: com.android.dsi
06-09 05:03:20.550  1142  1142 E DefaultPermGrantPolicy: android.content.pm.PackageManager$NameNotFoundException: com.android.dsi
06-09 05:03:20.550  1142  1142 E DefaultPermGrantPolicy: 	at android.app.ApplicationPackageManager.getPackageInfoAsUser(ApplicationPackageManager.java:190)
06-09 05:03:20.550  1142  1142 E DefaultPermGrantPolicy: 	at android.app.ApplicationPackageManager.getPackageInfo(ApplicationPackageManager.java:159)
06-09 05:03:20.550  1142  1142 E DefaultPermGrantPolicy: 	at com.android.server.pm.permission.DefaultPermissionGrantPolicy.getPackageInfo(DefaultPermissionGrantPolicy.java:1343)
06-09 05:03:20.550  1142  1142 E DefaultPermGrantPolicy: 	at com.android.server.pm.permission.DefaultPermissionGrantPolicy.getPackageInfo(DefaultPermissionGrantPolicy.java:1334)
06-09 05:03:20.550  1142  1142 E DefaultPermGrantPolicy: 	at com.android.server.pm.permission.DefaultPermissionGrantPolicy.isSystemPackage(DefaultPermissionGrantPolicy.java:989)
06-09 05:03:20.550  1142  1142 E DefaultPermGrantPolicy: 	at com.android.server.pm.permission.DefaultPermissionGrantPolicy.grantPermissionsToSystemPackage(DefaultPermissionGrantPolicy.java:364)
06-09 05:03:20.550  1142  1142 E DefaultPermGrantPolicy: 	at com.android.server.pm.permission.DefaultPermissionGrantPolicy.grantPermissionsToSystemPackage(DefaultPermissionGrantPolicy.java:357)
06-09 05:03:20.550  1142  1142 E DefaultPermGrantPolicy: 	at com.android.server.pm.permission.DefaultPermissionGrantPolicy.grantDefaultSystemHandlerPermissions(DefaultPermissionGrantPolicy.java:754)
06-09 05:03:20.550  1142  1142 E DefaultPermGrantPolicy: 	at com.android.server.pm.permission.DefaultPermissionGrantPolicy.grantDefaultPermissions(DefaultPermissionGrantPolicy.java:296)
06-09 05:03:20.550  1142  1142 E DefaultPermGrantPolicy: 	at com.android.server.pm.PackageManagerService.systemReady(PackageManagerService.java:21825)
06-09 05:03:20.550  1142  1142 E DefaultPermGrantPolicy: 	at com.android.server.SystemServer.startOtherServices(SystemServer.java:2077)
06-09 05:03:20.550  1142  1142 E DefaultPermGrantPolicy: 	at com.android.server.SystemServer.run(SystemServer.java:522)
06-09 05:03:20.550  1142  1142 E DefaultPermGrantPolicy: 	at com.android.server.SystemServer.main(SystemServer.java:359)
06-09 05:03:20.550  1142  1142 E DefaultPermGrantPolicy: 	at java.lang.reflect.Method.invoke(Native Method)
06-09 05:03:20.550  1142  1142 E DefaultPermGrantPolicy: 	at com.android.internal.os.RuntimeInit$MethodAndArgsCaller.run(RuntimeInit.java:492)
06-09 05:03:20.550  1142  1142 E DefaultPermGrantPolicy: 	at com.android.internal.os.ZygoteInit.main(ZygoteInit.java:913)
06-09 05:03:20.550  1142  1142 E DefaultPermGrantPolicy: PackageNot found: com.android.dsi
06-09 05:03:20.550  1142  1142 E DefaultPermGrantPolicy: android.content.pm.PackageManager$NameNotFoundException: com.android.dsi
06-09 05:03:20.550  1142  1142 E DefaultPermGrantPolicy: 	at android.app.ApplicationPackageManager.getPackageInfoAsUser(ApplicationPackageManager.java:190)
06-09 05:03:20.550  1142  1142 E DefaultPermGrantPolicy: 	at android.app.ApplicationPackageManager.getPackageInfo(ApplicationPackageManager.java:159)
06-09 05:03:20.550  1142  1142 E DefaultPermGrantPolicy: 	at com.android.server.pm.permission.DefaultPermissionGrantPolicy.getPackageInfo(DefaultPermissionGrantPolicy.java:1343)
06-09 05:03:20.550  1142  1142 E DefaultPermGrantPolicy: 	at com.android.server.pm.permission.DefaultPermissionGrantPolicy.getPackageInfo(DefaultPermissionGrantPolicy.java:1334)
06-09 05:03:20.550  1142  1142 E DefaultPermGrantPolicy: 	at com.android.server.pm.permission.DefaultPermissionGrantPolicy.isSystemPackage(DefaultPermissionGrantPolicy.java:989)
06-09 05:03:20.550  1142  1142 E DefaultPermGrantPolicy: 	at com.android.server.pm.permission.DefaultPermissionGrantPolicy.grantPermissionsToSystemPackage(DefaultPermissionGrantPolicy.java:364)
06-09 05:03:20.550  1142  1142 E DefaultPermGrantPolicy: 	at com.android.server.pm.permission.DefaultPermissionGrantPolicy.grantSystemFixedPermissionsToSystemPackage(DefaultPermissionGrantPolicy.java:350)
06-09 05:03:20.550  1142  1142 E DefaultPermGrantPolicy: 	at com.android.server.pm.permission.DefaultPermissionGrantPolicy.grantDefaultSystemHandlerPermissions(DefaultPermissionGrantPolicy.java:757)
06-09 05:03:20.550  1142  1142 E DefaultPermGrantPolicy: 	at com.android.server.pm.permission.DefaultPermissionGrantPolicy.grantDefaultPermissions(DefaultPermissionGrantPolicy.java:296)
06-09 05:03:20.550  1142  1142 E DefaultPermGrantPolicy: 	at com.android.server.pm.PackageManagerService.systemReady(PackageManagerService.java:21825)
06-09 05:03:20.550  1142  1142 E DefaultPermGrantPolicy: 	at com.android.server.SystemServer.startOtherServices(SystemServer.java:2077)
06-09 05:03:20.550  1142  1142 E DefaultPermGrantPolicy: 	at com.android.server.SystemServer.run(SystemServer.java:522)
06-09 05:03:20.550  1142  1142 E DefaultPermGrantPolicy: 	at com.android.server.SystemServer.main(SystemServer.java:359)
06-09 05:03:20.550  1142  1142 E DefaultPermGrantPolicy: 	at java.lang.reflect.Method.invoke(Native Method)
06-09 05:03:20.550  1142  1142 E DefaultPermGrantPolicy: 	at com.android.internal.os.RuntimeInit$MethodAndArgsCaller.run(RuntimeInit.java:492)
06-09 05:03:20.550  1142  1142 E DefaultPermGrantPolicy: 	at com.android.internal.os.ZygoteInit.main(ZygoteInit.java:913)
06-09 05:03:20.556  1067  1067 I wificond: setting base_wiphy_index_ to 0
06-09 05:03:20.557  1067  1067 I wificond: create scanner for interface with index: 10
06-09 05:03:20.557  1067  1067 I wificond: subscribe scan result for interface with index: 10
06-09 05:03:20.557  1067  1067 E wificond: No Offload Service available
06-09 05:03:20.557  1067  1067 I wificond: Offload HAL not supported 
06-09 05:03:20.584  1142  1142 I PackageManager: Un-granting permission android.permission.GLOBAL_SEARCH from package com.android.quicksearchbox (protectionLevel=18 flags=0x3088be45)
06-09 05:03:20.591  1142  1142 I PackageManager: Un-granting permission android.permission.INTERACT_ACROSS_USERS_FULL from package org.codeaurora.snapcam (protectionLevel=258 flags=0x20d8bc45)
06-09 05:03:20.591  1142  1142 I PackageManager: Un-granting permission android.permission.SET_ORIENTATION from package org.codeaurora.snapcam (protectionLevel=2 flags=0x20d8bc45)
06-09 05:03:20.595  1142  1142 V UserDataPreparer: Found /data/user_de/0 with serial number -1
06-09 05:03:20.595  1142  1142 D UserDataPreparer: Serial number missing on /data/user_de/0; assuming current is valid
06-09 05:03:20.595  1142  1142 V UserDataPreparer: Found /data/user/0 with serial number -1
06-09 05:03:20.595  1142  1142 D UserDataPreparer: Serial number missing on /data/user/0; assuming current is valid
06-09 05:03:20.595  1142  1142 V UserDataPreparer: Found /data/system_de/0 with serial number -1
06-09 05:03:20.595  1142  1142 D UserDataPreparer: Serial number missing on /data/system_de/0; assuming current is valid
06-09 05:03:20.596  1142  1142 D SystemServerTiming: MakePackageManagerServiceReady took to complete: 890ms
06-09 05:03:20.596  1142  1142 I SystemServer: MakeDisplayManagerServiceReady
06-09 05:03:20.598  1142  1436 E DisplayModeDirector: Asked about unknown display, returning empty allowed set! (id=0)
06-09 05:03:20.599  1142  1436 E DisplayModeDirector: Asked about unknown display, returning empty allowed set! (id=0)
06-09 05:03:20.599  1142  1142 D SystemServerTiming: MakeDisplayManagerServiceReady took to complete: 3ms
06-09 05:03:20.600  1142  1142 I SystemServer: StartDeviceSpecificServices
06-09 05:03:20.600  1142  1142 D SystemServerTiming: StartDeviceSpecificServices took to complete: 0ms
06-09 05:03:20.600  1142  1142 I SystemServer: StartBootPhaseDeviceSpecificServicesReady
06-09 05:03:20.600  1142  1142 I SystemServiceManager: Starting phase 520
06-09 05:03:20.600  1142  1142 D SystemServerTiming: StartBootPhaseDeviceSpecificServicesReady took to complete: 0ms
06-09 05:03:20.600  1142  1142 W UsageStatsService: Event reported without a package name, eventType:15
06-09 05:03:20.601  1142  1142 I AppOps  : Pruning old package system/com.android.server.appop.AppOpsService$UidState@bc9354f: new uid=-1
06-09 05:03:20.601  1142  1142 I ActivityManager: System now ready
06-09 05:03:20.605  1142  1142 I SystemServer: Making services ready
06-09 05:03:20.605  1142  1142 I SystemServer: StartActivityManagerReadyPhase
06-09 05:03:20.605  1142  1142 I SystemServiceManager: Starting phase 550
06-09 05:03:20.606  1142  1142 E ThermalHalWrapper: Thermal HAL 2.0 service not connected.
06-09 05:03:20.606  1142  1142 E ThermalHalWrapper: Thermal HAL 1.1 service not connected.
06-09 05:03:20.607  1142  1142 I ThermalHalWrapper: Thermal HAL 1.0 service connected, no thermal call back will be called due to legacy API.
06-09 05:03:20.608  1142  1142 W ActivityManager: Unable to start service Intent { act=com.android.ITelecomService cmp=com.android.server.telecom/.components.TelecomService } U=0: not found
06-09 05:03:20.608  1142  1142 D BluetoothManagerService: Bluetooth boot completed
06-09 05:03:20.608  1142  1142 D BluetoothManagerService: Auto-enabling Bluetooth.
06-09 05:03:20.609  1142  1435 D BluetoothManagerService: MESSAGE_ENABLE(0): mBluetooth = null
06-09 05:03:20.634  1142  1494 I ActivityManager: Start proc 2103:com.android.bluetooth/1002 for service {com.android.bluetooth/com.android.bluetooth.btservice.AdapterService}
06-09 05:03:20.638  1142  1716 D StorageManagerService: Isolated storage local flag 0 and remote flag 0 resolved to true
06-09 05:03:20.647  1142  1142 I LockSettingsService: Migrated migrated_frp.
06-09 05:03:20.648  1142  1142 I WallpaperManagerService: No static wallpaper imagery; defaults will be shown
06-09 05:03:20.648  1142  1142 V WallpaperManagerService: bindWallpaperComponentLocked: componentName=ComponentInfo{com.android.systemui/com.android.systemui.ImageWallpaper}
06-09 05:03:20.650  1142  1142 W WallpaperManagerService: no current wallpaper -- first boot?
06-09 05:03:20.652  1142  1435 D BluetoothManagerService: MESSAGE_REGISTER_ADAPTER
06-09 05:03:20.652  1142  2051 W BluetoothManagerService: bindBluetoothProfileService:Trying to bind to profile: 1, while Bluetooth is disabled
06-09 05:03:20.652  1142  2058 I UsbPortManager: ClientCallback V1_1: port0
06-09 05:03:20.653  1142  1433 I UsbPortManager: USB port added: port=UsbPort{id=port0, supportedModes=dualsupportedContaminantProtectionModes=0supportsEnableContaminantPresenceProtection=falsesupportsEnableContaminantPresenceDetection=false, status=UsbPortStatus{connected=true, currentMode=ufp, currentPowerRole=sink, currentDataRole=device, supportedRoleCombinations=[source:host, sink:device], contaminantDetectionStatus=0, contaminantProtectionStatus=0}, canChangeMode=true, canChangePowerRole=false, canChangeDataRole=false, connectedAtMillis=40583, lastConnectDurationMillis=0
06-09 05:03:20.659  1142  1142 I AppBindingService: Updating constants with: null
06-09 05:03:20.680  1142  1494 I ActivityManager: Start proc 2127:com.android.systemui/u0a114 for service {com.android.systemui/com.android.systemui.ImageWallpaper}
06-09 05:03:20.714  1142  1494 W ActivityManager: Slow operation: 53ms so far, now at startProcess: returned from zygote!
06-09 05:03:20.715  1142  1494 W ActivityManager: Slow operation: 53ms so far, now at startProcess: done updating battery stats
06-09 05:03:20.715  1142  1494 W ActivityManager: Slow operation: 53ms so far, now at startProcess: building log message
06-09 05:03:20.715  1142  1494 I ActivityManager: Start proc 2147:com.android.permissioncontroller/u0a54 for service {com.android.permissioncontroller/com.android.packageinstaller.permission.service.PermissionControllerServiceImpl}
06-09 05:03:20.715  1142  1494 W ActivityManager: Slow operation: 53ms so far, now at startProcess: starting to update pids map
06-09 05:03:20.715  1142  1494 W ActivityManager: Slow operation: 53ms so far, now at startProcess: done updating pids map
06-09 05:03:20.734  1142  2029 W StorageManagerService: No primary storage defined yet; hacking together a stub
06-09 05:03:20.765  2127  2127 D SystemUIBootTiming: DependencyInjection took to complete: 4ms
06-09 05:03:20.765  1142  1376 D PackageManager: Instant App installer not found with android.intent.action.INSTALL_INSTANT_APP_PACKAGE
06-09 05:03:20.765  1142  1376 D PackageManager: Clear ephemeral installer activity
06-09 05:03:20.800  1142  2032 W PackageManager: Cannot whitelist unknown permission: com.google.android.googleapps.permission.GOOGLE_AUTH
06-09 05:03:20.800  1142  2032 W PackageManager: Cannot whitelist unknown permission: com.google.android.googleapps.permission.GOOGLE_AUTH.cl
06-09 05:03:20.801  1142  2032 W PackageManager: Cannot whitelist unknown permission: com.google.android.googleapps.permission.GOOGLE_AUTH
06-09 05:03:20.801  1142  2032 W PackageManager: Cannot whitelist unknown permission: com.google.android.googleapps.permission.GOOGLE_AUTH.cl
06-09 05:03:20.807  1142  2029 W PackageManager: Cannot whitelist unknown permission: android.permission.MANAGE_EXTERNAL_STORAGE
06-09 05:03:20.808  1142  2029 W PackageManager: Cannot whitelist unknown permission: android.permission.MANAGE_EXTERNAL_STORAGE
06-09 05:03:20.825  1142  2029 W PackageManager: Cannot whitelist unknown permission: android.permission.NFC_UNLOCK
06-09 05:03:20.827  1142  2029 W PackageManager: Cannot whitelist unknown permission: android.permission.NFC_UNLOCK
06-09 05:03:20.840  1142  2032 W PackageManager: Cannot whitelist unknown permission: android.permission.RUN_INSTRUMENTATION
06-09 05:03:20.840  1142  2029 W PackageManager: Cannot whitelist unknown permission: android.permission.RUN_INSTRUMENTATION
06-09 05:03:20.841  1142  2029 W PackageManager: Cannot whitelist unknown permission: android.permission.RUN_INSTRUMENTATION
06-09 05:03:20.844  1142  2032 W PackageManager: Cannot whitelist unknown permission: com.google.android.gallery3d.permission.PICASA_STORE
06-09 05:03:20.845  1142  2032 W PackageManager: Cannot whitelist unknown permission: com.qualcomm.permission.ACCESS_LOCATION_API
06-09 05:03:20.846  1142  2032 I chatty  : uid=1000(system) Binder:1142_4 identical 1 line
06-09 05:03:20.846  1142  2032 W PackageManager: Cannot whitelist unknown permission: com.qualcomm.permission.ACCESS_LOCATION_API
06-09 05:03:20.847  1142  1435 D BluetoothManagerService: MESSAGE_REGISTER_ADAPTER
06-09 05:03:20.857  1142  2029 W PackageManager: Cannot whitelist unknown permission: com.qualcomm.permission.ACCESS_LOCATION_API
06-09 05:03:20.860  1142  2029 I chatty  : uid=1000(system) Binder:1142_3 identical 2 lines
06-09 05:03:20.860  1142  2029 W PackageManager: Cannot whitelist unknown permission: com.qualcomm.permission.ACCESS_LOCATION_API
06-09 05:03:20.883  1142  2032 I PackageManager: Un-granting permission android.permission.INTERACT_ACROSS_USERS_FULL from package org.codeaurora.snapcam (protectionLevel=258 flags=0x20d8bc45)
06-09 05:03:20.883  1142  2032 I PackageManager: Un-granting permission android.permission.SET_ORIENTATION from package org.codeaurora.snapcam (protectionLevel=2 flags=0x20d8bc45)
06-09 05:03:20.884  1142  2032 I PackageManager: Un-granting permission android.permission.INTERACT_ACROSS_USERS_FULL from package org.codeaurora.snapcam (protectionLevel=258 flags=0x20d8bc45)
06-09 05:03:20.884  1142  2032 I PackageManager: Un-granting permission android.permission.SET_ORIENTATION from package org.codeaurora.snapcam (protectionLevel=2 flags=0x20d8bc45)
06-09 05:03:20.884  1142  2032 I PackageManager: Un-granting permission android.permission.INTERACT_ACROSS_USERS_FULL from package org.codeaurora.snapcam (protectionLevel=258 flags=0x20d8bc45)
06-09 05:03:20.884  1142  2032 I PackageManager: Un-granting permission android.permission.SET_ORIENTATION from package org.codeaurora.snapcam (protectionLevel=2 flags=0x20d8bc45)
06-09 05:03:20.889  1142  2032 W PackageManager: Cannot whitelist unknown permission: android.car.permission.CONTROL_CAR_CLIMATE
06-09 05:03:20.889  1142  2032 W PackageManager: Cannot whitelist unknown permission: android.car.permission.CAR_DRIVING_STATE
06-09 05:03:20.889  1142  2032 W PackageManager: Cannot whitelist unknown permission: android.car.permission.CAR_CONTROL_AUDIO_VOLUME
06-09 05:03:20.896  1142  2032 W PackageManager: Cannot whitelist unknown permission: android.car.permission.CONTROL_CAR_CLIMATE
06-09 05:03:20.897  1142  2032 W PackageManager: Cannot whitelist unknown permission: android.car.permission.CAR_DRIVING_STATE
06-09 05:03:20.897  1142  2032 W PackageManager: Cannot whitelist unknown permission: android.car.permission.CAR_CONTROL_AUDIO_VOLUME
06-09 05:03:20.901  1142  2032 W PackageManager: Cannot whitelist unknown permission: com.google.android.gallery3d.permission.GALLERY_PROVIDER
06-09 05:03:20.901  1142  2032 W PackageManager: Cannot whitelist unknown permission: com.android.gallery3d.permission.GALLERY_PROVIDER
06-09 05:03:20.901  1142  2032 W PackageManager: Cannot whitelist unknown permission: com.android.email.permission.ACCESS_PROVIDER
06-09 05:03:20.901  1142  2032 W PackageManager: Cannot whitelist unknown permission: com.android.email.permission.READ_ATTACHMENT
06-09 05:03:20.902  1142  2029 W PackageManager: Cannot whitelist unknown permission: com.google.android.gallery3d.permission.GALLERY_PROVIDER
06-09 05:03:20.902  1142  2029 W PackageManager: Cannot whitelist unknown permission: com.android.gallery3d.permission.GALLERY_PROVIDER
06-09 05:03:20.902  1142  2029 W PackageManager: Cannot whitelist unknown permission: com.android.email.permission.ACCESS_PROVIDER
06-09 05:03:20.902  1142  2029 W PackageManager: Cannot whitelist unknown permission: com.android.email.permission.READ_ATTACHMENT
06-09 05:03:20.903  1142  2029 W PackageManager: Cannot whitelist unknown permission: com.google.android.gallery3d.permission.GALLERY_PROVIDER
06-09 05:03:20.903  1142  2029 W PackageManager: Cannot whitelist unknown permission: com.android.gallery3d.permission.GALLERY_PROVIDER
06-09 05:03:20.903  1142  2029 W PackageManager: Cannot whitelist unknown permission: com.android.email.permission.ACCESS_PROVIDER
06-09 05:03:20.903  1142  2029 W PackageManager: Cannot whitelist unknown permission: com.android.email.permission.READ_ATTACHMENT
06-09 05:03:20.904  1142  2029 W PackageManager: Cannot whitelist unknown permission: com.google.android.gallery3d.permission.GALLERY_PROVIDER
06-09 05:03:20.904  1142  2029 W PackageManager: Cannot whitelist unknown permission: com.android.gallery3d.permission.GALLERY_PROVIDER
06-09 05:03:20.904  1142  2029 W PackageManager: Cannot whitelist unknown permission: com.android.email.permission.ACCESS_PROVIDER
06-09 05:03:20.904  1142  2029 W PackageManager: Cannot whitelist unknown permission: com.android.email.permission.READ_ATTACHMENT
06-09 05:03:20.904  1142  2029 W PackageManager: Cannot whitelist unknown permission: com.google.android.gallery3d.permission.GALLERY_PROVIDER
06-09 05:03:20.904  1142  2029 W PackageManager: Cannot whitelist unknown permission: com.android.gallery3d.permission.GALLERY_PROVIDER
06-09 05:03:20.904  1142  2029 W PackageManager: Cannot whitelist unknown permission: com.android.email.permission.ACCESS_PROVIDER
06-09 05:03:20.904  1142  2029 W PackageManager: Cannot whitelist unknown permission: com.android.email.permission.READ_ATTACHMENT
06-09 05:03:20.934  1142  2032 W PackageManager: Cannot whitelist unknown permission: android.permission.RUN_INSTRUMENTATION
06-09 05:03:20.934  1142  2032 W PackageManager: Cannot whitelist unknown permission: com.google.android.gallery3d.permission.PICASA_STORE
06-09 05:03:20.935  1142  2032 W PackageManager: Cannot whitelist unknown permission: com.qualcomm.permission.ACCESS_LOCATION_API
06-09 05:03:20.939  1142  2032 W PackageManager: Cannot whitelist unknown permission: android.permission.WRITE_OWNER_DATA
06-09 05:03:20.940  1142  2032 W PackageManager: Cannot whitelist unknown permission: android.bluetooth.device.action.FOUND
06-09 05:03:20.973  1142  1142 I PackageManager: Un-granting permission android.permission.GLOBAL_SEARCH from package com.android.quicksearchbox (protectionLevel=18 flags=0x3088be45)
06-09 05:03:20.979  1142  1142 I PackageManager: Un-granting permission android.permission.INTERACT_ACROSS_USERS_FULL from package org.codeaurora.snapcam (protectionLevel=258 flags=0x20d8bc45)
06-09 05:03:20.979  1142  1142 I PackageManager: Un-granting permission android.permission.SET_ORIENTATION from package org.codeaurora.snapcam (protectionLevel=2 flags=0x20d8bc45)
06-09 05:03:20.981  1142  1142 W SystemServiceManager: Service com.android.server.policy.PermissionPolicyService took 322 ms in onBootPhase
06-09 05:03:20.981  1142  1142 D SystemServerTiming: StartActivityManagerReadyPhase took to complete: 376ms
06-09 05:03:20.981  1142  1142 I SystemServer: StartObservingNativeCrashes
06-09 05:03:20.981  1142  1142 D SystemServerTiming: StartObservingNativeCrashes took to complete: 0ms
06-09 05:03:20.981  1142  1142 I SystemServer: StartSystemUI
06-09 05:03:20.981  1142  1700 D SystemServerInitThreadPool: Started executing WebViewFactoryPreparation
06-09 05:03:20.981  1142  1700 I SystemServer: WebViewFactoryPreparation
06-09 05:03:20.982  1142  1700 I WebViewUpdateServiceImpl: Skipping one-time migration: no fallback provider
06-09 05:03:20.987  2127  2127 D SystemUIBootTiming: StartServicescom.android.systemui.util.NotificationChannels took to complete: 3ms
06-09 05:03:20.987  1142  1700 D SystemServerTimingAsync: WebViewFactoryPreparation took to complete: 6ms
06-09 05:03:20.987  2127  2127 D SystemUIBootTiming: StartServicescom.android.systemui.statusbar.CommandQueue$CommandQueueStart took to complete: 1ms
06-09 05:03:20.987  1142  1700 D SystemServerInitThreadPool: Finished executing WebViewFactoryPreparation
06-09 05:03:20.989  1142  1142 D SystemServerTiming: StartSystemUI took to complete: 8ms
06-09 05:03:20.990  1142  1142 I SystemServer: MakeNetworkManagementServiceReady
06-09 05:03:20.991  1142  2032 D PackageManager: Instant App installer not found with android.intent.action.INSTALL_INSTANT_APP_PACKAGE
06-09 05:03:20.991  1142  2032 D PackageManager: Clear ephemeral installer activity
06-09 05:03:20.992  1142  1142 D SystemServerTiming: MakeNetworkManagementServiceReady took to complete: 2ms
06-09 05:03:20.992  1142  1142 I SystemServer: MakeIpSecServiceReady
06-09 05:03:20.992  1142  1142 D IpSecService: IpSecService is ready
06-09 05:03:20.992  1142  1142 D SystemServerTiming: MakeIpSecServiceReady took to complete: 1ms
06-09 05:03:20.992  1142  1142 I SystemServer: MakeNetworkStatsServiceReady
06-09 05:03:20.993   600   696 I chatty  : uid=0(root) Binder:600_5 expire 255 lines
06-09 05:03:21.030  1142  1142 D SystemServerTiming: MakeNetworkStatsServiceReady took to complete: 37ms
06-09 05:03:21.030  1142  1142 I SystemServer: MakeConnectivityServiceReady
06-09 05:03:21.050  1142  1494 W ActivityManager: Slow operation: 66ms so far, now at startProcess: returned from zygote!
06-09 05:03:21.050  1142  1494 W ActivityManager: Slow operation: 67ms so far, now at startProcess: done updating battery stats
06-09 05:03:21.061  1142  1142 D ConnectivityService: requestNetwork for uid/pid:1000/1142 NetworkRequest [ REQUEST id=6, [ Capabilities: INTERNET&NOT_RESTRICTED&TRUSTED&NOT_VPN] ]
06-09 05:03:21.062  1142  1494 W ActivityManager: Slow operation: 78ms so far, now at startProcess: building log message
06-09 05:03:21.062  1142  1494 I ActivityManager: Start proc 2223:WebViewLoader-armeabi-v7a/1037 [android.webkit.WebViewLibraryLoader$RelroFileCreator] for null
06-09 05:03:21.062  1142  1494 W ActivityManager: Slow operation: 78ms so far, now at startProcess: starting to update pids map
06-09 05:03:21.063  1142  1494 W ActivityManager: Slow operation: 79ms so far, now at startProcess: done updating pids map
06-09 05:03:21.063  1142  1494 W ActivityManager: Slow operation: 80ms so far, now at startProcess: asking zygote to start proc
06-09 05:03:21.066  1142  2035 W NetworkPolicy: setRestrictBackgroundUL: already false
06-09 05:03:21.069  1142  1142 D SystemServerTiming: MakeConnectivityServiceReady took to complete: 39ms
06-09 05:03:21.069  1142  1142 I SystemServer: MakeNetworkPolicyServiceReady
06-09 05:03:21.069  1142  2042 V NetPluginDelegate: registerHandler
06-09 05:03:21.069  1142  2042 V NetPluginDelegate: loading ConnectivityExt jar
06-09 05:03:21.081  1142  1142 D SystemServerTiming: MakeNetworkPolicyServiceReady took to complete: 12ms
06-09 05:03:21.081  1142  1142 I SystemServer: PhaseThirdPartyAppsCanStart
06-09 05:03:21.081  1142  1142 I SystemServiceManager: Starting phase 600
06-09 05:03:21.082  1142  1142 I ExplicitHealthCheckController: Explicit health checks enabled.
06-09 05:03:21.082  1142  1142 I PackageWatchdog: Syncing state, reason: health check state enabled
06-09 05:03:21.082  1142  1142 I PackageWatchdog: Not pruning observers, elapsed time: 0ms
06-09 05:03:21.082  1142  1142 I PackageWatchdog: Cancelling state sync, nothing to sync
06-09 05:03:21.082  1142  1480 I PackageWatchdog: Saving observer state to file
06-09 05:03:21.085  1142  1142 V WallpaperManagerService: bindWallpaperComponentLocked: componentName=null
06-09 05:03:21.085  1142  1142 V WallpaperManagerService: No default component; using image wallpaper
06-09 05:03:21.093  1142  1142 D VoiceInteractionManagerService: switchImplementation(0) took to complete: 2ms
06-09 05:03:21.102  1142  1142 I StatsCompanionService: Told statsd that StatsCompanionService is alive.
06-09 05:03:21.103  1142  1142 D SystemServerTiming: PhaseThirdPartyAppsCanStart took to complete: 22ms
06-09 05:03:21.103  2127  2127 D SystemUIBootTiming: StartServicescom.android.systemui.keyguard.KeyguardViewMediator took to complete: 115ms
06-09 05:03:21.103  1142  1142 I SystemServer: StartNetworkStack
06-09 05:03:21.117  1142  1494 W ActivityManager: Slow operation: 133ms so far, now at startProcess: returned from zygote!
06-09 05:03:21.124  1142  1142 D SystemServerTiming: StartNetworkStack took to complete: 21ms
06-09 05:03:21.124  1142  1142 I SystemServer: MakeLocationServiceReady
06-09 05:03:21.125  2127  2127 D SystemUIBootTiming: StartServicescom.android.systemui.recents.Recents took to complete: 22ms
06-09 05:03:21.125  1142  1494 W ActivityManager: Slow operation: 141ms so far, now at startProcess: done updating battery stats
06-09 05:03:21.126  1142  1494 W ActivityManager: Slow operation: 143ms so far, now at startProcess: building log message
06-09 05:03:21.126  1142  1494 I ActivityManager: Start proc 2262:WebViewLoader-arm64-v8a/1037 [android.webkit.WebViewLibraryLoader$RelroFileCreator] for null
06-09 05:03:21.126  1142  1494 W ActivityManager: Slow operation: 143ms so far, now at startProcess: starting to update pids map
06-09 05:03:21.127  1142  1494 W ActivityManager: Slow operation: 143ms so far, now at startProcess: done updating pids map
