06-09 05:03:21.134  1142  1142 E LocationManagerService: no geocoder provider found
06-09 05:03:21.134  1142  1142 D LocationManagerService: Unable to bind FLP Geofence proxy.
06-09 05:03:21.134  1142  1142 D LocationManagerService: Hardware Activity-Recognition not supported.
06-09 05:03:21.135  1142  1142 D LocationManagerService: Unable to bind ActivityRecognitionProxy.
06-09 05:03:21.136  1142  1142 D SystemServerTiming: MakeLocationServiceReady took to complete: 12ms
06-09 05:03:21.136  1142  1142 I SystemServer: MakeCountryDetectionServiceReady
06-09 05:03:21.136  1142  1142 D SystemServerTiming: MakeCountryDetectionServiceReady took to complete: 0ms
06-09 05:03:21.136  1142  1142 I SystemServer: MakeNetworkTimeUpdateReady
06-09 05:03:21.152  1142  1142 D ConnectivityService: requestNetwork for uid/pid:1000/1142 NetworkRequest [ TRACK_DEFAULT id=9, [ Capabilities: INTERNET&NOT_RESTRICTED&TRUSTED Uid: 1000] ]
06-09 05:03:21.152  1142  1142 D SystemServerTiming: MakeNetworkTimeUpdateReady took to complete: 16ms
06-09 05:03:21.152  1142  1142 I SystemServer: MakeInputManagerServiceReady
06-09 05:03:21.153  1142  1142 D SystemServerTiming: MakeInputManagerServiceReady took to complete: 1ms
06-09 05:03:21.153  1142  1142 I SystemServer: MakeMediaRouterServiceReady
06-09 05:03:21.156  1142  1480 D CountryDetector: Using custom country detector class: com.android.server.location.ComprehensiveCountryDetector
06-09 05:03:21.156  1142  1142 D SystemServerTiming: MakeMediaRouterServiceReady took to complete: 3ms
06-09 05:03:21.156  1142  1142 I SystemServer: IncidentDaemonReady
06-09 05:03:21.159  1142  1142 D SystemServerTiming: IncidentDaemonReady took to complete: 2ms
06-09 05:03:21.159  1142  1142 I ActivityManager: Current user:0
06-09 05:03:21.160  1142  1142 I SystemServiceManager: Calling onStartUser u0
06-09 05:03:21.160  1142  1142 D SystemServiceManager: onStartUser-0 com.android.server.pm.Installer took to complete: 0ms
06-09 05:03:21.160  1142  1142 D SystemServiceManager: onStartUser-0 com.android.server.os.DeviceIdentifiersPolicyService took to complete: 0ms
06-09 05:03:21.160  1142  1142 D SystemServiceManager: onStartUser-0 com.android.server.uri.UriGrantsManagerService$Lifecycle took to complete: 0ms
06-09 05:03:21.160  1142  1142 D SystemServiceManager: onStartUser-0 com.android.server.wm.ActivityTaskManagerService$Lifecycle took to complete: 0ms
06-09 05:03:21.160  1142  1142 D SystemServiceManager: onStartUser-0 com.android.server.am.ActivityManagerService$Lifecycle took to complete: 0ms
06-09 05:03:21.160  1142  1142 D SystemServiceManager: onStartUser-0 com.android.server.power.PowerManagerService took to complete: 0ms
06-09 05:03:21.160  1142  1142 D SystemServiceManager: onStartUser-0 com.android.server.power.ThermalManagerService took to complete: 0ms
06-09 05:03:21.160  1142  1142 D SystemServiceManager: onStartUser-0 com.android.server.RecoverySystemService took to complete: 0ms
06-09 05:03:21.160  1142  1142 D SystemServiceManager: onStartUser-0 com.android.server.lights.LightsService took to complete: 0ms
06-09 05:03:21.160  1142  1142 D SystemServiceManager: onStartUser-0 com.android.server.display.DisplayManagerService took to complete: 0ms
06-09 05:03:21.160  1142  1142 D SystemServiceManager: onStartUser-0 com.android.server.pm.UserManagerService$LifeCycle took to complete: 0ms
06-09 05:03:21.161  1142  1142 D SystemServiceManager: onStartUser-0 com.android.server.om.OverlayManagerService took to complete: 0ms
06-09 05:03:21.161  1142  1142 D SystemServiceManager: onStartUser-0 com.android.server.SensorPrivacyService took to complete: 0ms
06-09 05:03:21.161  1142  1142 D SystemServiceManager: onStartUser-0 com.android.server.BatteryService took to complete: 0ms
06-09 05:03:21.161  1142  1142 D SystemServiceManager: onStartUser-0 com.android.server.usage.UsageStatsService took to complete: 0ms
06-09 05:03:21.161  1142  1142 D SystemServiceManager: onStartUser-0 com.android.server.webkit.WebViewUpdateService took to complete: 0ms
06-09 05:03:21.161  1142  1142 D SystemServiceManager: onStartUser-0 com.android.server.CachedDeviceStateService took to complete: 0ms
06-09 05:03:21.161  1142  1142 D SystemServiceManager: onStartUser-0 com.android.server.BinderCallsStatsService$LifeCycle took to complete: 1ms
06-09 05:03:21.161  1142  1142 D SystemServiceManager: onStartUser-0 com.android.server.LooperStatsService$Lifecycle took to complete: 0ms
06-09 05:03:21.161  1142  1142 D SystemServiceManager: onStartUser-0 com.android.server.rollback.RollbackManagerService took to complete: 0ms
06-09 05:03:21.161  1142  1142 D SystemServiceManager: onStartUser-0 com.android.server.os.BugreportManagerService took to complete: 0ms
06-09 05:03:21.162  1142  1142 D SystemServiceManager: onStartUser-0 com.android.server.gpu.GpuService took to complete: 0ms
06-09 05:03:21.162  1142  1142 D SystemServiceManager: onStartUser-0 com.android.server.security.KeyChainSystemService took to complete: 0ms
06-09 05:03:21.162  1142  1142 D SystemServiceManager: onStartUser-0 com.android.server.telecom.TelecomLoaderService took to complete: 0ms
06-09 05:03:21.162  1142  1142 D SystemServiceManager: onStartUser-0 com.android.server.accounts.AccountManagerService$Lifecycle took to complete: 0ms
06-09 05:03:21.162  1142  1142 D SystemServiceManager: onStartUser-0 com.android.server.content.ContentService$Lifecycle took to complete: 0ms
06-09 05:03:21.162  1142  1142 D SystemServiceManager: onStartUser-0 com.android.server.DropBoxManagerService took to complete: 0ms
06-09 05:03:21.162  1142  1142 D SystemServiceManager: onStartUser-0 com.android.server.AlarmManagerService took to complete: 0ms
06-09 05:03:21.162  1142  1142 D SystemServiceManager: onStartUser-0 com.android.server.BluetoothService took to complete: 0ms
06-09 05:03:21.162  1142  1142 D SystemServiceManager: onStartUser-0 com.android.server.connectivity.IpConnectivityMetrics took to complete: 0ms
06-09 05:03:21.162  1142  1142 D SystemServiceManager: onStartUser-0 com.android.server.net.watchlist.NetworkWatchlistService$Lifecycle took to complete: 0ms
06-09 05:03:21.162  1142  1142 D SystemServiceManager: onStartUser-0 com.android.server.PinnerService took to complete: 0ms
06-09 05:03:21.162  1142  1142 D SystemServiceManager: onStartUser-0 com.android.server.ActivityTriggerService took to complete: 0ms
06-09 05:03:21.163  1142  1142 D SystemServiceManager: onStartUser-0 com.android.server.inputmethod.InputMethodManagerService$Lifecycle took to complete: 0ms
06-09 05:03:21.163  1142  1142 D SystemServiceManager: onStartUser-0 com.android.server.accessibility.AccessibilityManagerService$Lifecycle took to complete: 0ms
06-09 05:03:21.163  1142  1142 D SystemServiceManager: onStartUser-0 com.android.server.StorageManagerService$Lifecycle took to complete: 0ms
06-09 05:03:21.163  1142  1142 D SystemServiceManager: onStartUser-0 com.android.server.usage.StorageStatsService$Lifecycle took to complete: 0ms
06-09 05:03:21.163  1142  1142 D SystemServiceManager: onStartUser-0 com.android.server.UiModeManagerService took to complete: 0ms
06-09 05:03:21.163  1142  1142 D SystemServiceManager: onStartUser-0 com.android.server.locksettings.LockSettingsService$Lifecycle took to complete: 0ms
06-09 05:03:21.163  1142  1142 D SystemServiceManager: onStartUser-0 com.android.server.PersistentDataBlockService took to complete: 1ms
06-09 05:03:21.163  1142  1142 D SystemServiceManager: onStartUser-0 com.android.server.testharness.TestHarnessModeService took to complete: 0ms
06-09 05:03:21.163  1142  1142 D SystemServiceManager: onStartUser-0 com.android.server.oemlock.OemLockService took to complete: 0ms
06-09 05:03:21.163  1142  1142 D SystemServiceManager: onStartUser-0 com.android.server.DeviceIdleController took to complete: 0ms
06-09 05:03:21.164  1142  1142 D SystemServiceManager: onStartUser-0 com.android.server.devicepolicy.DevicePolicyManagerService$Lifecycle took to complete: 0ms
06-09 05:03:21.164  1142  1142 D SystemServiceManager: onStartUser-0 com.android.server.textservices.TextServicesManagerService$Lifecycle took to complete: 0ms
06-09 05:03:21.164  1142  1142 D SystemServiceManager: onStartUser-0 com.android.server.textclassifier.TextClassificationManagerService$Lifecycle took to complete: 0ms
06-09 05:03:21.164  1142  1142 D SystemServiceManager: onStartUser-0 com.android.server.NetworkScoreService$Lifecycle took to complete: 0ms
06-09 05:03:21.164  1142  1142 D SystemServiceManager: onStartUser-0 com.android.server.wifi.WifiService took to complete: 0ms
06-09 05:03:21.164  1142  1142 D SystemServiceManager: onStartUser-0 com.android.server.wifi.scanner.WifiScanningService took to complete: 0ms
06-09 05:03:21.164  1142  1142 D SystemServiceManager: onStartUser-0 com.android.server.wifi.rtt.RttService took to complete: 0ms
06-09 05:03:21.164  1142  1142 D SystemServiceManager: onStartUser-0 com.android.server.wifi.aware.WifiAwareService took to complete: 0ms
06-09 05:03:21.165  1142  1142 D SystemServiceManager: onStartUser-0 com.android.server.wifi.p2p.WifiP2pService took to complete: 0ms
06-09 05:03:21.165  1142  1142 D SystemServiceManager: onStartUser-0 com.android.server.ethernet.EthernetService took to complete: 0ms
06-09 05:03:21.165  1142  1142 D SystemServiceManager: onStartUser-0 com.android.server.notification.NotificationManagerService took to complete: 0ms
06-09 05:03:21.165  1142  1142 D SystemServiceManager: onStartUser-0 com.android.server.storage.DeviceStorageMonitorService took to complete: 0ms
06-09 05:03:21.165  1142  1142 D SystemServiceManager: onStartUser-0 com.android.server.timedetector.TimeDetectorService$Lifecycle took to complete: 0ms
06-09 05:03:21.165  1142  1142 D SystemServiceManager: onStartUser-0 com.android.server.search.SearchManagerService$Lifecycle took to complete: 0ms
06-09 05:03:21.165  1142  1142 D SystemServiceManager: onStartUser-0 com.android.server.wallpaper.WallpaperManagerService$Lifecycle took to complete: 0ms
06-09 05:03:21.165  1142  1142 D SystemServiceManager: onStartUser-0 com.android.server.audio.AudioService$Lifecycle took to complete: 0ms
06-09 05:03:21.165  1142  1142 D SystemServiceManager: onStartUser-0 com.android.server.DockObserver took to complete: 0ms
06-09 05:03:21.165  1142  1142 D SystemServiceManager: onStartUser-0 com.android.server.midi.MidiService$Lifecycle took to complete: 0ms
06-09 05:03:21.165  1142  1142 D SystemServiceManager: onStartUser-0 com.android.server.adb.AdbService$Lifecycle took to complete: 0ms
06-09 05:03:21.165  1142  1142 D SystemServiceManager: onStartUser-0 com.android.server.usb.UsbService$Lifecycle took to complete: 0ms
06-09 05:03:21.165  1142  1142 D SystemServiceManager: onStartUser-0 com.android.server.twilight.TwilightService took to complete: 0ms
06-09 05:03:21.166  1142  1142 D SystemServiceManager: onStartUser-0 com.android.server.display.color.ColorDisplayService took to complete: 0ms
06-09 05:03:21.166  1142  1142 D SystemServiceManager: onStartUser-0 com.android.server.job.JobSchedulerService took to complete: 0ms
06-09 05:03:21.166  1142  1142 D SystemServiceManager: onStartUser-0 com.android.server.soundtrigger.SoundTriggerService took to complete: 0ms
06-09 05:03:21.166  1142  1142 D SystemServiceManager: onStartUser-0 com.android.server.trust.TrustManagerService took to complete: 0ms
06-09 05:03:21.166  1142  1142 D SystemServiceManager: onStartUser-0 com.android.server.backup.BackupManagerService$Lifecycle took to complete: 0ms
06-09 05:03:21.166  1142  1142 D SystemServiceManager: onStartUser-0 com.android.server.appwidget.AppWidgetService took to complete: 0ms
06-09 05:03:21.178  1142  1142 I RoleManagerService: Granting default permissions...
06-09 05:03:21.226  2127  2127 D SystemUIBootTiming: StartServicescom.android.systemui.volume.VolumeUI took to complete: 102ms
06-09 05:03:21.249  1142  2042 V NetPluginDelegate: ConnectivityExt jar loaded
06-09 05:03:21.251  1142  1376 I ActivityManager: Process WebViewLoader-armeabi-v7a (pid 2223) has died: psvc PER 
06-09 05:03:21.268  1142  1433 W Looper  : Slow dispatch took 181ms android.fg h=android.os.Handler c=com.android.server.wallpaper.-$$Lambda$WallpaperManagerService$xeJGAwCI8tssclwKFf8jMsYdoKQ@e0ebacf m=0
06-09 05:03:21.276  2127  2127 D SystemUIBootTiming: StartServicescom.android.systemui.stackdivider.Divider took to complete: 50ms
06-09 05:03:21.294  1142  1433 W LocationProviderProxy: Odd, no component found for service com.android.location.service.v3.NetworkLocationProvider
06-09 05:03:21.307  1142  2246 I ActivityManager: Process WebViewLoader-arm64-v8a (pid 2262) has died: psvc PER 
06-09 05:03:21.321  1142  2246 I RoleUserState: Added new role: android.app.role.CALL_SCREENING
06-09 05:03:21.321  1142  2246 I RoleUserState: Added new role: android.app.role.HOME
06-09 05:03:21.321  1142  2246 I RoleUserState: Added new role: android.app.role.ASSISTANT
06-09 05:03:21.321  1142  2246 I RoleUserState: Added new role: android.app.role.CALL_REDIRECTION
06-09 05:03:21.321  1142  2246 I RoleUserState: Added new role: android.app.role.BROWSER
06-09 05:03:21.346  1142  2029 D ConnectivityService: requestNetwork for uid/pid:10114/2127 NetworkRequest [ TRACK_DEFAULT id=12, [ Capabilities: INTERNET&NOT_RESTRICTED&TRUSTED Uid: 10114] ]
06-09 05:03:21.351  1142  1142 W SystemServiceManager: Service com.android.server.role.RoleManagerService took 184 ms in onStartUser 
06-09 05:03:21.351  1142  1142 D SystemServiceManager: onStartUser-0 com.android.server.role.RoleManagerService took to complete: 184ms
06-09 05:03:21.351  1142  1142 D VoiceInteractionManagerService: initForUser(0) took to complete: 1ms
06-09 05:03:21.351  1142  1142 D SystemServiceManager: onStartUser-0 com.android.server.voiceinteraction.VoiceInteractionManagerService took to complete: 1ms
06-09 05:03:21.351  1142  1142 D SystemServiceManager: onStartUser-0 com.android.server.SensorNotificationService took to complete: 0ms
06-09 05:03:21.352  1142  1142 D SystemServiceManager: onStartUser-0 com.android.server.ContextHubSystemService took to complete: 0ms
06-09 05:03:21.352  1142  1142 D SystemServiceManager: onStartUser-0 com.android.server.emergency.EmergencyAffordanceService took to complete: 0ms
06-09 05:03:21.352  1142  1142 D SystemServiceManager: onStartUser-0 com.android.server.dreams.DreamManagerService took to complete: 0ms
06-09 05:03:21.352  1142  1142 D SystemServiceManager: onStartUser-0 com.android.server.print.PrintManagerService took to complete: 0ms
06-09 05:03:21.352  1142  1142 D SystemServiceManager: onStartUser-0 com.android.server.companion.CompanionDeviceManagerService took to complete: 0ms
06-09 05:03:21.352  1142  1142 D SystemServiceManager: onStartUser-0 com.android.server.restrictions.RestrictionsManagerService took to complete: 0ms
06-09 05:03:21.352  1142  1142 D SystemServiceManager: onStartUser-0 com.android.server.media.MediaSessionService took to complete: 1ms
06-09 05:03:21.352  1142  1142 D SystemServiceManager: onStartUser-0 com.android.server.media.MediaResourceMonitorService took to complete: 0ms
06-09 05:03:21.352  1142  1142 D SystemServiceManager: onStartUser-0 com.android.server.pm.ShortcutService$Lifecycle took to complete: 0ms
06-09 05:03:21.353  1142  1142 D SystemServiceManager: onStartUser-0 com.android.server.pm.LauncherAppsService took to complete: 0ms
06-09 05:03:21.353  1142  1142 D SystemServiceManager: onStartUser-0 com.android.server.pm.CrossProfileAppsService took to complete: 0ms
06-09 05:03:21.353  1142  1142 D SystemServiceManager: onStartUser-0 com.android.server.media.projection.MediaProjectionManagerService took to complete: 0ms
06-09 05:03:21.353  1142  1142 D SystemServiceManager: onStartUser-0 com.android.server.slice.SliceManagerService$Lifecycle took to complete: 0ms
06-09 05:03:21.354  1142  1142 W CameraService_proxy: Could not notify cameraserver, camera service not available.
06-09 05:03:21.354  1142  1142 I CameraService_proxy: Could not notify camera service of user switch, retrying...
06-09 05:03:21.354  1142  1142 D SystemServiceManager: onStartUser-0 com.android.server.camera.CameraServiceProxy took to complete: 2ms
06-09 05:03:21.354  1142  1142 D SystemServiceManager: onStartUser-0 com.android.server.stats.StatsCompanionService$Lifecycle took to complete: 0ms
06-09 05:03:21.354  1142  1142 D SystemServiceManager: onStartUser-0 com.android.server.incident.IncidentCompanionService took to complete: 0ms
06-09 05:03:21.354  1142  1142 D SystemServiceManager: onStartUser-0 com.android.server.autofill.AutofillManagerService took to complete: 0ms
06-09 05:03:21.354  1142  1142 D SystemServiceManager: onStartUser-0 com.android.server.clipboard.ClipboardService took to complete: 0ms
06-09 05:03:21.355  1142  1142 W AppBindingService: [Default SMS app] u0 Target package not found
06-09 05:03:21.355  1142  1142 D SystemServiceManager: onStartUser-0 com.android.server.appbinding.AppBindingService$Lifecycle took to complete: 0ms
06-09 05:03:21.355  1142  1142 D SystemServiceManager: onStartUser-0 com.android.server.policy.PermissionPolicyService took to complete: 0ms
06-09 05:03:21.355  1142  1142 D SystemServiceManager: ssm.startUser-0 took to complete: 195ms
06-09 05:03:21.361  1142  1142 I ActivityTaskManager: START u0 {act=android.intent.action.MAIN cat=[android.intent.category.HOME] flg=0x10000100 cmp=com.android.settings/.CryptKeeper} from uid 0
06-09 05:03:21.374  1142  1142 I ActivityTaskManager: Loaded persisted task ids for user 0
06-09 05:03:21.376  1142  2064 W CameraService_proxy: Could not notify cameraserver, camera service not available.
06-09 05:03:21.376  1142  2064 I CameraService_proxy: Could not notify camera service of user switch, retrying...
06-09 05:03:21.396  1142  2064 W CameraService_proxy: Could not notify cameraserver, camera service not available.
06-09 05:03:21.396  1142  2064 I CameraService_proxy: Could not notify camera service of user switch, retrying...
06-09 05:03:21.417  1142  2064 W CameraService_proxy: Could not notify cameraserver, camera service not available.
06-09 05:03:21.417  1142  2064 I CameraService_proxy: Could not notify camera service of user switch, retrying...
06-09 05:03:21.429  1142  1494 W ActivityManager: Slow operation: 72ms so far, now at startProcess: returned from zygote!
06-09 05:03:21.438  1142  2064 W CameraService_proxy: Could not notify cameraserver, camera service not available.
06-09 05:03:21.438  1142  2064 I CameraService_proxy: Could not notify camera service of user switch, retrying...
06-09 05:03:21.459  1142  2064 W CameraService_proxy: Could not notify cameraserver, camera service not available.
06-09 05:03:21.459  1142  2064 I CameraService_proxy: Could not notify camera service of user switch, retrying...
06-09 05:03:21.480  1142  2064 W CameraService_proxy: Could not notify cameraserver, camera service not available.
06-09 05:03:21.480  1142  2064 I CameraService_proxy: Could not notify camera service of user switch, retrying...
06-09 05:03:21.480  1142  1142 D SystemServerTiming: ActivityManagerStartApps took to complete: 321ms
06-09 05:03:21.481  1142  1142 D SystemServerTiming: PhaseActivityManagerReady took to complete: 881ms
06-09 05:03:21.484  1142  1494 W ActivityManager: Slow operation: 127ms so far, now at startProcess: done updating battery stats
06-09 05:03:21.484  1142  1494 W ActivityManager: Slow operation: 127ms so far, now at startProcess: building log message
06-09 05:03:21.484  1142  1494 I ActivityManager: Start proc 2346:.dataservices/1001 for added application .dataservices
06-09 05:03:21.484  1142  1494 W ActivityManager: Slow operation: 128ms so far, now at startProcess: starting to update pids map
06-09 05:03:21.485  1142  1142 D SystemServerInitThreadPool: Shutdown successful
06-09 05:03:21.485  1142  1142 D SystemServerTiming: SystemServer : fwkDisableServicesDSI:: false took to complete: 6619ms
06-09 05:03:21.486  1142  1494 W ActivityManager: Slow operation: 130ms so far, now at startProcess: done updating pids map
06-09 05:03:21.486  1142  1494 W ActivityManager: Slow operation: 130ms so far, now at startProcess: asking zygote to start proc
06-09 05:03:21.487  1142  1434 W Looper  : Slow dispatch took 130ms android.ui h=com.android.server.am.ActivityManagerService$UiHandler c=null m=53
06-09 05:03:21.492  1142  1142 W Looper  : Slow delivery took 6708ms main h=android.app.ActivityThread$H c=null m=156
06-09 05:03:21.495  1142  1142 V SettingsProvider: Notifying for 0: content://settings/global/network_watchlist_last_report_time
06-09 05:03:21.500  1142  2064 W CameraService_proxy: Could not notify cameraserver, camera service not available.
06-09 05:03:21.500  1142  2064 I CameraService_proxy: Could not notify camera service of user switch, retrying...
06-09 05:03:21.505  1142  1142 D ConditionProviders.SCP: onConnected
06-09 05:03:21.515  1142  1142 V SettingsProvider: Notifying for 0: content://settings/global/zen_mode
06-09 05:03:21.517  1142  1142 V SettingsProvider: Notifying for 0: content://settings/secure/enabled_notification_listeners
06-09 05:03:21.519  1142  1142 V SettingsProvider: Notifying for 0: content://settings/secure/enabled_notification_assistant
06-09 05:03:21.521  1142  2064 W CameraService_proxy: Could not notify cameraserver, camera service not available.
06-09 05:03:21.521  1142  2064 I CameraService_proxy: Could not notify camera service of user switch, retrying...
06-09 05:03:21.521  1142  1142 V SettingsProvider: Notifying for 0: content://settings/secure/enabled_notification_policy_access_packages
06-09 05:03:21.521  1142  1142 V SettingsProvider: Notifying for 0: content://settings/secure/lock_screen_owner_info_enabled
06-09 05:03:21.522  1142  1142 V SettingsProvider: Notifying for 0: content://settings/system/mode_ringer_streams_affected
06-09 05:03:21.523  1142  1142 V SettingsProvider: Notifying for 0: content://settings/global/zen_mode_ringer_level
06-09 05:03:21.525  1142  1142 D ConditionProviders: Subscribing to condition://android/event?userId=-10000&calendar=&reply=1 with ComponentInfo{android/com.android.server.notification.EventConditionProvider}
06-09 05:03:21.525  1142  1142 D ConditionProviders: Subscribing to condition://android/schedule?days=1.2.3.4.5.6.7&start=22.0&end=7.0&exitAtAlarm=true with ComponentInfo{android/com.android.server.notification.ScheduleConditionProvider}
06-09 05:03:21.532  1142  1142 V SettingsProvider: Notifying for 0: content://settings/secure/location_mode
06-09 05:03:21.532  1142  1142 V SettingsProvider: Notifying for 0: content://settings/global/location_global_kill_switch
06-09 05:03:21.537  1142  1494 W ActivityManager: Slow operation: 180ms so far, now at startProcess: returned from zygote!
06-09 05:03:21.537  1142  1494 W ActivityManager: Slow operation: 180ms so far, now at startProcess: done updating battery stats
06-09 05:03:21.537  1142  1494 W ActivityManager: Slow operation: 180ms so far, now at startProcess: building log message
06-09 05:03:21.537  1142  1494 I ActivityManager: Start proc 2379:.qtidataservices/1001 for added application .qtidataservices
06-09 05:03:21.537  1142  1494 W ActivityManager: Slow operation: 180ms so far, now at startProcess: starting to update pids map
06-09 05:03:21.537  1142  1494 W ActivityManager: Slow operation: 181ms so far, now at startProcess: done updating pids map
06-09 05:03:21.537  1142  1494 W ActivityManager: Slow operation: 180ms so far, now at startProcess: asking zygote to start proc
06-09 05:03:21.539  1142  1142 V SettingsProvider: Notifying for 0: content://settings/secure/voice_interaction_service
06-09 05:03:21.539  1142  1434 D VoiceInteractionManagerService: switchImplementation(0) took to complete: 0ms
06-09 05:03:21.539  1142  1142 V SettingsProvider: Notifying for 0: content://settings/secure/voice_recognition_service
06-09 05:03:21.541  1142  2064 W CameraService_proxy: Could not notify cameraserver, camera service not available.
06-09 05:03:21.541  1142  2064 I CameraService_proxy: Could not notify camera service of user switch, retrying...
06-09 05:03:21.545  1142  1142 D StorageManagerService: Isolated storage local flag 0 and remote flag 0 resolved to true
06-09 05:03:21.549  1142  1142 V SettingsProvider: Notifying for 0: content://settings/global/isolated_storage_remote
06-09 05:03:21.551  1142  1142 V SettingsProvider: Notifying for 0: content://settings/global/adb_enabled
06-09 05:03:21.558  1142  1142 V SettingsProvider: Notifying for 0: content://settings/global/webview_fallback_logic_enabled
06-09 05:03:21.558  1142  1142 V SettingsProvider: Notifying for 0: content://settings/secure/sysui_tuner_version
06-09 05:03:21.558  1142  1142 D PackageWatchdog: Getting all observed packages pending health checks
06-09 05:03:21.558  1142  1142 I PackageWatchdog: Syncing health check requests for packages: {}
06-09 05:03:21.559  1142  1142 I ExplicitHealthCheckController: Service not ready to get health check supported packages. Binding...
06-09 05:03:21.561  1142  1480 I RoleUserState: Wrote roles.xml successfully
06-09 05:03:21.562  1142  2064 W CameraService_proxy: Could not notify cameraserver, camera service not available.
06-09 05:03:21.562  1142  1142 I ExplicitHealthCheckController: Explicit health check service is bound
06-09 05:03:21.562  1142  2064 I CameraService_proxy: Could not notify camera service of user switch, retrying...
06-09 05:03:21.564  1142  1142 V SettingsProvider: Notifying for 0: content://settings/global/boot_count
06-09 05:03:21.565  1142  1142 V SettingsProvider: Notifying for 0: content://settings/secure/notification_bubbles
06-09 05:03:21.567  1142  1376 I StatusBarManagerService: registerStatusBar bar=com.android.internal.statusbar.IStatusBar$Stub$Proxy@cdc6a6c
06-09 05:03:21.569  1142  1142 V SettingsProvider: Notifying for 0: content://settings/global/emergency_affordance_needed
06-09 05:03:21.571   600  2075 I chatty  : uid=0(root) Binder:600_6 expire 86 lines
06-09 05:03:21.582  1142  2064 W CameraService_proxy: Could not notify cameraserver, camera service not available.
06-09 05:03:21.582  1142  2064 I CameraService_proxy: Could not notify camera service of user switch, retrying...
06-09 05:03:21.618  1142  1494 W ActivityManager: Slow operation: 260ms so far, now at startProcess: returned from zygote!
06-09 05:03:21.618  1142  2064 W CameraService_proxy: Could not notify cameraserver, camera service not available.
06-09 05:03:21.618  1142  2064 I CameraService_proxy: Could not notify camera service of user switch, retrying...
06-09 05:03:21.619  1142  1494 W ActivityManager: Slow operation: 261ms so far, now at startProcess: done updating battery stats
06-09 05:03:21.619  1142  1494 W ActivityManager: Slow operation: 262ms so far, now at startProcess: building log message
06-09 05:03:21.619  1142  1494 I ActivityManager: Start proc 2408:com.qualcomm.qti.devicestatisticsservice/1001 for added application com.qualcomm.qti.devicestatisticsservice
06-09 05:03:21.619  1142  1494 W ActivityManager: Slow operation: 262ms so far, now at startProcess: starting to update pids map
06-09 05:03:21.619  1142  1494 W ActivityManager: Slow operation: 262ms so far, now at startProcess: done updating pids map
06-09 05:03:21.620  1142  1494 W ActivityManager: Slow operation: 261ms so far, now at startProcess: asking zygote to start proc
06-09 05:03:21.639  1142  2064 W CameraService_proxy: Could not notify cameraserver, camera service not available.
06-09 05:03:21.639  1142  2064 I CameraService_proxy: Could not notify camera service of user switch, retrying...
06-09 05:03:21.640  1142  1142 V SettingsProvider: Notifying for 0: content://settings/secure/location_providers_allowed
06-09 05:03:21.640  1142  1142 D BluetoothManagerService: BluetoothServiceConnection: com.android.bluetooth.btservice.AdapterService
06-09 05:03:21.640  1142  1435 D BluetoothManagerService: MESSAGE_BLUETOOTH_SERVICE_CONNECTED: 1
06-09 05:03:21.642  1142  1435 D BluetoothManagerService: MESSAGE_GET_NAME_AND_ADDRESS
06-09 05:03:21.643  1142  1435 D BluetoothManagerService: Stored Bluetooth name: QCOM-BTD
06-09 05:03:21.643  1142  1435 D BluetoothManagerService: MESSAGE_INFORM_ADAPTER_SERVICE_UP
06-09 05:03:21.643  1142  1435 D BluetoothManagerService: Broadcasting onBluetoothServiceUp() to 2 receivers.
06-09 05:03:21.646  1142  1435 D BluetoothManagerService: MESSAGE_BLUETOOTH_STATE_CHANGE: OFF > BLE_TURNING_ON
06-09 05:03:21.646  1142  1435 D BluetoothManagerService: Sending BLE State Change: OFF > BLE_TURNING_ON
06-09 05:03:21.646  1142  1142 V SettingsProvider: Notifying for 0: content://settings/secure/location_providers_allowed
06-09 05:03:21.659  1142  2064 W CameraService_proxy: Could not notify cameraserver, camera service not available.
06-09 05:03:21.659  1142  2064 I CameraService_proxy: Could not notify camera service of user switch, retrying...
06-09 05:03:21.679  1142  1142 V SettingsProvider: Notifying for 0: content://settings/global/zen_mode_config_etag
06-09 05:03:21.679  1142  1142 D ConditionProviders.SCP: onSubscribe condition://android/schedule?days=1.2.3.4.5.6.7&start=22.0&end=7.0&exitAtAlarm=true
06-09 05:03:21.680  1142  2064 W CameraService_proxy: Could not notify cameraserver, camera service not available.
06-09 05:03:21.680  1142  2064 I CameraService_proxy: Could not notify camera service of user switch, retrying...
06-09 05:03:21.680  1142  1142 D ConditionProviders.SCP: setRegistered true
06-09 05:03:21.697  1142  2048 E ActivityThread: Failed to find provider info for com.android.calendar
06-09 05:03:21.700  1142  2064 W CameraService_proxy: Could not notify cameraserver, camera service not available.
06-09 05:03:21.700  1142  2064 I CameraService_proxy: Could not notify camera service of user switch, retrying...
06-09 05:03:21.702  1142  1142 D ConditionProviders.SCP: evaluateSubscriptionLocked cal=ScheduleCalendar[mDays={1, 2, 3, 4, 5, 6, 7}, mSchedule=ScheduleInfo{days=[1, 2, 3, 4, 5, 6, 7], startHour=22, startMinute=0, endHour=7, endMinute=0, exitAtAlarm=true, nextAlarm=Thu Jan 01 00:00:00 GMT 1970 (0)}], now=Fri Jun 09 05:03:21 GMT 2023 (1686287001680), nextUserAlarmTime=Thu Jan 01 00:00:00 GMT 1970 (0)
06-09 05:03:21.702  1142  1142 D ConditionProviders.SCP: notifyCondition condition://android/schedule?days=1.2.3.4.5.6.7&start=22.0&end=7.0&exitAtAlarm=true STATE_TRUE reason=meetsSchedule
06-09 05:03:21.703  1142  1142 D ConditionProviders.SCP: Scheduling evaluate for Fri Jun 09 07:00:00 GMT 2023 (1686294000000), in +1h56m38s320ms, now=Fri Jun 09 05:03:21 GMT 2023 (1686287001680)
06-09 05:03:21.706  1142  2048 E ActivityThread: Failed to find provider info for com.android.calendar
06-09 05:03:21.713  1142  1142 V SettingsProvider: Notifying for 0: content://settings/secure/navigation_mode
06-09 05:03:21.721  1142  2064 W CameraService_proxy: Could not notify cameraserver, camera service not available.
06-09 05:03:21.721  1142  2064 I CameraService_proxy: Could not notify camera service of user switch, retrying...
06-09 05:03:21.725  1142  1142 V SettingsProvider: Notifying for 0: content://settings/secure/bluetooth_name
06-09 05:03:21.728  1142  1142 W Looper  : Drained
06-09 05:03:21.730  1142  1142 V SettingsProvider: Notifying for 0: content://settings/global/zen_mode_config_etag
06-09 05:03:21.731  1142  1142 V SettingsProvider: Notifying for 0: content://settings/global/zen_mode_config_etag
06-09 05:03:21.741  1142  1494 W ActivityManager: Slow operation: 382ms so far, now at startProcess: returned from zygote!
06-09 05:03:21.741  1142  1494 W ActivityManager: Slow operation: 382ms so far, now at startProcess: done updating battery stats
06-09 05:03:21.741  1142  1494 W ActivityManager: Slow operation: 382ms so far, now at startProcess: building log message
06-09 05:03:21.741  1142  1494 I ActivityManager: Start proc 2458:com.qualcomm.qti.ustaservice/1000 for added application com.qualcomm.qti.ustaservice
06-09 05:03:21.741  1142  1494 W ActivityManager: Slow operation: 382ms so far, now at startProcess: starting to update pids map
06-09 05:03:21.741  1142  1494 W ActivityManager: Slow operation: 383ms so far, now at startProcess: done updating pids map
06-09 05:03:21.741  1142  1494 W ActivityManager: Slow operation: 259ms so far, now at startProcess: asking zygote to start proc
06-09 05:03:21.741  1142  2064 W CameraService_proxy: Could not notify cameraserver, camera service not available.
06-09 05:03:21.742  1142  2064 I CameraService_proxy: Could not notify camera service of user switch, retrying...
06-09 05:03:21.762  1142  2064 W CameraService_proxy: Could not notify cameraserver, camera service not available.
06-09 05:03:21.763  1142  2064 I CameraService_proxy: Could not notify camera service of user switch, retrying...
06-09 05:03:21.783  1142  2064 W CameraService_proxy: Could not notify cameraserver, camera service not available.
06-09 05:03:21.783  1142  2064 I CameraService_proxy: Could not notify camera service of user switch, retrying...
06-09 05:03:21.786  1142  1435 D BluetoothManagerService: MESSAGE_REGISTER_ADAPTER
06-09 05:03:21.789  1142  1376 W BluetoothManagerService: bindBluetoothProfileService:Trying to bind to profile: 1, while Bluetooth is disabled
06-09 05:03:21.805  1142  2064 W CameraService_proxy: Could not notify cameraserver, camera service not available.
06-09 05:03:21.805  1142  2064 I CameraService_proxy: Could not notify camera service of user switch, retrying...
06-09 05:03:21.816  1142  1512 E BatteryExternalStatsWorker: no controller energy info supplied for telephony
06-09 05:03:21.819  1142  1512 E KernelCpuSpeedReader: Failed to read cpu-freq: /sys/devices/system/cpu/cpu0/cpufreq/stats/time_in_state: open failed: ENOENT (No such file or directory)
06-09 05:03:21.819  1142  1512 E KernelCpuSpeedReader: Failed to read cpu-freq: /sys/devices/system/cpu/cpu4/cpufreq/stats/time_in_state: open failed: ENOENT (No such file or directory)
06-09 05:03:21.826  1142  2064 W CameraService_proxy: Could not notify cameraserver, camera service not available.
06-09 05:03:21.826  1142  2064 I CameraService_proxy: Could not notify camera service of user switch, retrying...
06-09 05:03:21.830  1142  1494 W ActivityManager: Slow operation: 347ms so far, now at startProcess: returned from zygote!
06-09 05:03:21.830  1142  1494 W ActivityManager: Slow operation: 347ms so far, now at startProcess: done updating battery stats
06-09 05:03:21.830  1142  1494 W ActivityManager: Slow operation: 347ms so far, now at startProcess: building log message
06-09 05:03:21.830  1142  1494 I ActivityManager: Start proc 2493:com.android.settings:CryptKeeper/1000 for activity {com.android.settings/com.android.settings.CryptKeeper}
06-09 05:03:21.830  1142  1494 W ActivityManager: Slow operation: 347ms so far, now at startProcess: starting to update pids map
06-09 05:03:21.830  1142  1494 W ActivityManager: Slow operation: 347ms so far, now at startProcess: done updating pids map
06-09 05:03:21.846  1142  2064 W CameraService_proxy: Could not notify cameraserver, camera service not available.
06-09 05:03:21.846  1142  2064 I CameraService_proxy: Could not notify camera service of user switch, retrying...
06-09 05:03:21.860  2127  2127 D SystemUIBootTiming: StartServicescom.android.systemui.SystemBars took to complete: 583ms
06-09 05:03:21.867  1142  2064 W CameraService_proxy: Could not notify cameraserver, camera service not available.
06-09 05:03:21.867  1142  2064 I CameraService_proxy: Could not notify camera service of user switch, retrying...
06-09 05:03:21.867  2127  2397 E ActivityThread: Failed to find provider info for com.android.contacts
06-09 05:03:21.872  2127  2127 D SystemUIBootTiming: StartServicescom.android.systemui.usb.StorageNotification took to complete: 11ms
06-09 05:03:21.884  1142  2032 I ActivityTaskManager: Config changes=4000 {1.0 ?mcc?mnc [en_US] ldltr sw1080dp w1920dp h1056dp 160dpi xlrg long hdr land finger -keyb/h/h -nav/h winConfig={ mBounds=Rect(0, 0 - 1920, 1080) mAppBounds=Rect(0, 0 - 1920, 1080) mWindowingMode=fullscreen mDisplayWindowingMode=fullscreen mActivityType=undefined mAlwaysOnTop=undefined mRotation=ROTATION_0} s.6}
06-09 05:03:21.887  1142  2064 W CameraService_proxy: Could not notify cameraserver, camera service not available.
06-09 05:03:21.887  1142  2064 I CameraService_proxy: Could not notify camera service of user switch, retrying...
06-09 05:03:21.894  1142  2032 I ActivityTaskManager: Override config changes=4000 {1.0 ?mcc?mnc [en_US] ldltr sw1080dp w1920dp h1056dp 160dpi xlrg long hdr land finger -keyb/h/h -nav/h winConfig={ mBounds=Rect(0, 0 - 1920, 1080) mAppBounds=Rect(0, 0 - 1920, 1080) mWindowingMode=fullscreen mDisplayWindowingMode=fullscreen mActivityType=undefined mAlwaysOnTop=undefined mRotation=ROTATION_0} s.6} for displayId=0
06-09 05:03:21.908  1142  2064 W CameraService_proxy: Could not notify cameraserver, camera service not available.
06-09 05:03:21.908  1142  2064 I CameraService_proxy: Could not notify camera service of user switch, retrying...
06-09 05:03:21.913  2127  2127 D SystemUIBootTiming: StartServicescom.android.systemui.power.PowerUI took to complete: 41ms
06-09 05:03:21.913  1142  2525 I DropBoxManagerService: add tag=system_app_wtf isTagEnabled=true flags=0x2
06-09 05:03:21.915  2127  2127 D SystemUIBootTiming: StartServicescom.android.systemui.media.RingtonePlayer took to complete: 2ms
06-09 05:03:21.916  2127  2127 D SystemUIBootTiming: StartServicescom.android.systemui.keyboard.KeyboardUI took to complete: 2ms
06-09 05:03:21.927  1142  2064 W CameraService_proxy: Could not notify cameraserver, camera service not available.
06-09 05:03:21.927  1142  2064 I CameraService_proxy: Could not notify camera service of user switch, retrying...
06-09 05:03:21.929  2127  2127 D SystemUIBootTiming: StartServicescom.android.systemui.pip.PipUI took to complete: 13ms
06-09 05:03:21.930  2127  2127 D SystemUIBootTiming: StartServicescom.android.systemui.shortcut.ShortcutKeyDispatcher took to complete: 1ms
06-09 05:03:21.930  2127  2127 D SystemUIBootTiming: StartServicescom.android.systemui.VendorServices took to complete: 0ms
06-09 05:03:21.931  2127  2127 D SystemUIBootTiming: StartServicescom.android.systemui.util.leak.GarbageMonitor$Service took to complete: 1ms
06-09 05:03:21.932  2127  2127 D SystemUIBootTiming: StartServicescom.android.systemui.LatencyTester took to complete: 0ms
06-09 05:03:21.935  2127  2127 D SystemUIBootTiming: StartServicescom.android.systemui.globalactions.GlobalActionsComponent took to complete: 3ms
06-09 05:03:21.948  1142  2064 W CameraService_proxy: Could not notify cameraserver, camera service not available.
06-09 05:03:21.948  1142  2064 I CameraService_proxy: Could not notify camera service of user switch, retrying...
06-09 05:03:21.955  2127  2127 D SystemUIBootTiming: StartServicescom.android.systemui.ScreenDecorations took to complete: 20ms
06-09 05:03:21.968  2127  2127 D SystemUIBootTiming: StartServicescom.android.systemui.biometrics.BiometricDialogImpl took to complete: 12ms
06-09 05:03:21.968  1142  2064 W CameraService_proxy: Could not notify cameraserver, camera service not available.
06-09 05:03:21.968  1142  2064 I CameraService_proxy: Could not notify camera service of user switch, retrying...
06-09 05:03:21.970  2127  2127 D SystemUIBootTiming: StartServicescom.android.systemui.SliceBroadcastRelayHandler took to complete: 1ms
06-09 05:03:21.970  2127  2127 D SystemUIBootTiming: StartServicescom.android.systemui.SizeCompatModeActivityController took to complete: 1ms
06-09 05:03:21.976  2127  2127 D SystemUIBootTiming: StartServicescom.android.systemui.statusbar.notification.InstantAppNotifier took to complete: 5ms
06-09 05:03:21.978  2127  2127 D SystemUIBootTiming: StartServicescom.android.systemui.theme.ThemeOverlayController took to complete: 2ms
06-09 05:03:21.989  1142  2064 W CameraService_proxy: Could not notify cameraserver, camera service not available.
06-09 05:03:21.995  2127  2127 D SystemUIBootTiming: StartServices took to complete: 1011ms
06-09 05:03:22.061  2127  2397 E ActivityThread: Failed to find provider info for com.android.contacts
06-09 05:03:22.079  1142  2032 D PackageManager: Instant App installer not found with android.intent.action.INSTALL_INSTANT_APP_PACKAGE
06-09 05:03:22.079  1142  2032 D PackageManager: Clear ephemeral installer activity
06-09 05:03:22.090  2127  2397 E ActivityThread: Failed to find provider info for com.android.contacts
06-09 05:03:22.098  1142  1372 I ActivityTaskManager: START u0 {act=android.intent.action.MAIN cat=[android.intent.category.HOME] flg=0x10000100 cmp=com.android.settings/.FallbackHome} from uid 0
06-09 05:03:22.190  1142  1494 W ActivityManager: Slow operation: 81ms so far, now at startProcess: returned from zygote!
06-09 05:03:22.190  1142  1494 W ActivityManager: Slow operation: 81ms so far, now at startProcess: done updating battery stats
06-09 05:03:22.190  1142  1494 W ActivityManager: Slow operation: 81ms so far, now at startProcess: building log message
06-09 05:03:22.190  1142  1494 I ActivityManager: Start proc 2560:com.android.settings/1000 for activity {com.android.settings/com.android.settings.FallbackHome}
06-09 05:03:22.190  1142  1494 W ActivityManager: Slow operation: 81ms so far, now at startProcess: starting to update pids map
06-09 05:03:22.191  1142  1494 W ActivityManager: Slow operation: 82ms so far, now at startProcess: done updating pids map
06-09 05:03:22.523  1142  1494 I ActivityManager: Start proc 2618:com.android.inputmethod.latin/u0a130 for service {com.android.inputmethod.latin/com.android.inputmethod.latin.LatinIME}
06-09 05:03:22.525  1142  1435 I DropBoxManagerService: add tag=system_server_strictmode isTagEnabled=true flags=0x2
06-09 05:03:22.526  1142  1435 I chatty  : uid=1000(system) android.io identical 1 line
06-09 05:03:22.527  1142  1435 I DropBoxManagerService: add tag=system_server_strictmode isTagEnabled=true flags=0x2
06-09 05:03:22.551  1142  1433 D UsbDeviceManager: push notification:Charging this device via USB
06-09 05:03:22.590   600   614 I chatty  : uid=0(root) Binder:600_3 expire 13 lines
06-09 05:03:22.628   600   614 D vold    : Found matching PID 1122
06-09 05:03:22.628   600   614 W vold    : Skipping due to root namespace
06-09 05:03:22.628   600   614 D vold    : Found matching PID 1183
06-09 05:03:22.628   600   614 W vold    : Skipping due to root namespace
06-09 05:03:22.629   600   614 D vold    : Found matching PID 1208
06-09 05:03:22.629   600   614 W vold    : Skipping due to root namespace
06-09 05:03:22.629   600   614 D vold    : Found matching PID 1231
06-09 05:03:22.629   600   614 W vold    : Skipping due to root namespace
06-09 05:03:22.629   600   614 D vold    : Found matching PID 1257
06-09 05:03:22.629   600   614 W vold    : Skipping due to root namespace
06-09 05:03:22.629   600   614 D vold    : Found matching PID 2346
06-09 05:03:22.650   600   614 D vold    : Found matching PID 2379
06-09 05:03:22.679   600   614 D vold    : Found matching PID 2408
06-09 05:03:22.704   600   696 D vold    : Remounting 1001 as mode write
06-09 05:03:22.716   600   696 D vold    : Found matching PID 626
06-09 05:03:22.716   600   696 W vold    : Skipping due to root namespace
06-09 05:03:22.725   600   696 D vold    : Found matching PID 1078
06-09 05:03:22.725   600   696 W vold    : Skipping due to root namespace
06-09 05:03:22.725   600   696 D vold    : Found matching PID 1079
06-09 05:03:22.725   600   696 W vold    : Skipping due to root namespace
06-09 05:03:22.725   600   696 D vold    : Found matching PID 1083
06-09 05:03:22.725   600   696 W vold    : Skipping due to root namespace
06-09 05:03:22.725   600   696 D vold    : Found matching PID 1090
06-09 05:03:22.725   600   696 W vold    : Skipping due to root namespace
06-09 05:03:22.725   600   696 D vold    : Found matching PID 1093
06-09 05:03:22.725   600   696 W vold    : Skipping due to root namespace
06-09 05:03:22.725   600   696 D vold    : Found matching PID 1122
06-09 05:03:22.725   600   696 W vold    : Skipping due to root namespace
06-09 05:03:22.726   600   696 D vold    : Found matching PID 1183
06-09 05:03:22.726   600   696 W vold    : Skipping due to root namespace
06-09 05:03:22.726   600   696 D vold    : Found matching PID 1208
06-09 05:03:22.726   600   696 W vold    : Skipping due to root namespace
06-09 05:03:22.726   600   696 D vold    : Found matching PID 1231
06-09 05:03:22.726   600   696 W vold    : Skipping due to root namespace
06-09 05:03:22.726   600   696 D vold    : Found matching PID 1257
06-09 05:03:22.726   600   696 W vold    : Skipping due to root namespace
06-09 05:03:22.727   600   696 D vold    : Found matching PID 2346
06-09 05:03:22.752   600   696 D vold    : Found matching PID 2379
06-09 05:03:22.759  2618  2654 E ActivityThread: Failed to find provider info for user_dictionary
06-09 05:03:22.772   600   696 D vold    : Found matching PID 2408
06-09 05:03:22.782   600   666 D vold    : Remounting 1001 as mode write
06-09 05:03:22.798   600   666 D vold    : Found matching PID 626
06-09 05:03:22.798   600   666 W vold    : Skipping due to root namespace
06-09 05:03:22.803   600   666 D vold    : Found matching PID 1078
06-09 05:03:22.803   600   666 W vold    : Skipping due to root namespace
06-09 05:03:22.803   600   666 D vold    : Found matching PID 1079
06-09 05:03:22.803   600   666 W vold    : Skipping due to root namespace
06-09 05:03:22.803   600   666 D vold    : Found matching PID 1083
06-09 05:03:22.803   600   666 W vold    : Skipping due to root namespace
06-09 05:03:22.803   600   666 D vold    : Found matching PID 1090
06-09 05:03:22.803   600   666 W vold    : Skipping due to root namespace
06-09 05:03:22.803   600   666 D vold    : Found matching PID 1093
06-09 05:03:22.803   600   666 W vold    : Skipping due to root namespace
06-09 05:03:22.803   600   666 D vold    : Found matching PID 1122
06-09 05:03:22.804   600   666 W vold    : Skipping due to root namespace
06-09 05:03:22.804   600   666 D vold    : Found matching PID 1183
06-09 05:03:22.804   600   666 W vold    : Skipping due to root namespace
06-09 05:03:22.804   600   666 D vold    : Found matching PID 1208
06-09 05:03:22.804   600   666 W vold    : Skipping due to root namespace
06-09 05:03:22.804   600   666 D vold    : Found matching PID 1231
06-09 05:03:22.804   600   666 W vold    : Skipping due to root namespace
06-09 05:03:22.804   600   666 D vold    : Found matching PID 1257
06-09 05:03:22.804   600   666 W vold    : Skipping due to root namespace
06-09 05:03:22.805   600   666 D vold    : Found matching PID 2346
06-09 05:03:22.818   600   666 D vold    : Found matching PID 2379
06-09 05:03:22.825   600   666 D vold    : Found matching PID 2408
06-09 05:03:22.834   600  2075 D vold    : Remounting 1000 as mode full
06-09 05:03:22.853   600  2075 D vold    : Found matching PID 588
06-09 05:03:22.853   600  2075 W vold    : Skipping due to root namespace
06-09 05:03:22.853   600  2075 D vold    : Found matching PID 589
06-09 05:03:22.853   600  2075 W vold    : Skipping due to root namespace
06-09 05:03:22.853   600  2075 D vold    : Found matching PID 590
06-09 05:03:22.853   600  2075 W vold    : Skipping due to root namespace
06-09 05:03:22.853   600  2075 D vold    : Found matching PID 593
06-09 05:03:22.853   600  2075 W vold    : Skipping due to root namespace
06-09 05:03:22.853   600  2075 D vold    : Found matching PID 596
06-09 05:03:22.853   600  2075 W vold    : Skipping due to root namespace
06-09 05:03:22.853   600  2075 D vold    : Found matching PID 597
06-09 05:03:22.853   600  2075 W vold    : Skipping due to root namespace
06-09 05:03:22.853   600  2075 D vold    : Found matching PID 598
06-09 05:03:22.853   600  2075 W vold    : Skipping due to root namespace
06-09 05:03:22.854   600  2075 D vold    : Found matching PID 624
06-09 05:03:22.854   600  2075 W vold    : Skipping due to root namespace
06-09 05:03:22.854   600  2075 D vold    : Found matching PID 625
06-09 05:03:22.854   600  2075 W vold    : Skipping due to root namespace
06-09 05:03:22.854   600  2075 D vold    : Found matching PID 628
06-09 05:03:22.854   600  2075 W vold    : Skipping due to root namespace
06-09 05:03:22.854   600  2075 D vold    : Found matching PID 629
06-09 05:03:22.854   600  2075 W vold    : Skipping due to root namespace
06-09 05:03:22.854   600  2075 D vold    : Found matching PID 635
06-09 05:03:22.854   600  2075 W vold    : Skipping due to root namespace
06-09 05:03:22.855   600  2075 D vold    : Found matching PID 707
06-09 05:03:22.855   600  2075 W vold    : Skipping due to root namespace
06-09 05:03:22.855   600  2075 D vold    : Found matching PID 844
06-09 05:03:22.855   600  2075 W vold    : Skipping due to root namespace
06-09 05:03:22.855   600  2075 D vold    : Found matching PID 845
06-09 05:03:22.856   600  2075 W vold    : Skipping due to root namespace
06-09 05:03:22.856   600  2075 D vold    : Found matching PID 848
06-09 05:03:22.856   600  2075 W vold    : Skipping due to root namespace
06-09 05:03:22.856   600  2075 D vold    : Found matching PID 849
06-09 05:03:22.856   600  2075 W vold    : Skipping due to root namespace
06-09 05:03:22.856   600  2075 D vold    : Found matching PID 853
06-09 05:03:22.856   600  2075 W vold    : Skipping due to root namespace
06-09 05:03:22.856   600  2075 D vold    : Found matching PID 859
06-09 05:03:22.856   600  2075 W vold    : Skipping due to root namespace
06-09 05:03:22.856   600  2075 D vold    : Found matching PID 860
06-09 05:03:22.856   600  2075 W vold    : Skipping due to root namespace
06-09 05:03:22.856   600  2075 D vold    : Found matching PID 861
06-09 05:03:22.856   600  2075 W vold    : Skipping due to root namespace
06-09 05:03:22.856   600  2075 D vold    : Found matching PID 862
06-09 05:03:22.856   600  2075 W vold    : Skipping due to root namespace
