           <...>-12069 [001] ....  3728.396102: net_dev_queue: dev=wlan0 skbaddr=ffffffc4220bb5a8 len=98
           <...>-12068 [002] ...2  3728.396315: net_dev_xmit: dev=wlan0 skbaddr=ffffffc4220b8828 len=78 rc=0
           <...>-12068 [002] ...2  3728.396465: net_dev_xmit: dev=wlan0 skbaddr=ffffffc4220bb5a8 len=98 rc=0
  wpa_supplicant-16718 [004] ....  5097.598947: rdev_connect: phy0, netdev:wlan0(11), bssid: 00:00:00:00:00:00, ssid: sravan, auth type: 0, privacy: true, wpa versions: 2, flags: 0, previous bssid: 00:00:00:00:00:00
           <...>-1779  [001] ....  5197.885809: netif_receive_skb: dev=wlan0 skbaddr=ffffffc45723f4c0 len=99
  wpa_supplicant-16718 [006] ....  5197.887223: net_dev_queue: dev=wlan0 skbaddr=ffffffc4590a4a40 len=135
  wpa_supplicant-16718 [006] .n.2  5197.887335: net_dev_xmit: dev=wlan0 skbaddr=ffffffc4590a4a40 len=135 rc=0
           <...>-1779  [002] ....  5197.902121: netif_receive_skb: dev=wlan0 skbaddr=ffffffc45723fc40 len=155
##### CPU 5 buffer started ####
  wpa_supplicant-16718 [005] ....  5197.902389: net_dev_queue: dev=wlan0 skbaddr=ffffffc4590a6fc0 len=113
  wpa_supplicant-16718 [005] .n.2  5197.902540: net_dev_xmit: dev=wlan0 skbaddr=ffffffc4590a6fc0 len=113 rc=0
  wpa_supplicant-16718 [005] ....  5197.902935: rdev_add_key: phy0, netdev:wlan0(11), key_index: 0, pairwise: true, mac addr: 1e:3a:0a:87:55:13
  wpa_supplicant-16718 [005] ....  5197.903648: rdev_set_default_key: phy0, netdev:wlan0(11), key index: 0, unicast: true, multicast: false
  wpa_supplicant-16718 [005] ....  5197.904048: rdev_add_key: phy0, netdev:wlan0(11), key_index: 1, pairwise: false, mac addr: 00:00:00:00:00:00
  wpa_supplicant-16718 [005] ....  5197.914388: rdev_set_rekey_data: phy0, netdev:wlan0(11)
           <...>-16724 [003] ....  5198.064234: net_dev_queue: dev=wlan0 skbaddr=ffffffc4cf440f40 len=328
           <...>-16724 [003] ...2  5198.064599: net_dev_xmit: dev=wlan0 skbaddr=ffffffc4cf440f40 len=328 rc=0
           <...>-1779  [002] ....  5198.307830: netif_receive_skb: dev=wlan0 skbaddr=ffffffc4569120c0 len=314
           <...>-1779  [002] ....  5198.320416: netif_receive_skb: dev=wlan0 skbaddr=ffffffc45723cf40 len=338
           <...>-1779  [001] ....  5198.323826: netif_receive_skb: dev=wlan0 skbaddr=ffffffc45723c040 len=338
           <...>-1779  [001] ....  5198.434444: netif_receive_skb: dev=wlan0 skbaddr=ffffffc45723e5c0 len=338
           <...>-1779  [003] ....  5198.446243: netif_receive_skb: dev=wlan0 skbaddr=ffffffc456913c40 len=326
           <...>-1779  [001] ....  5198.451470: netif_receive_skb: dev=wlan0 skbaddr=ffffffc45723d440 len=338
           <...>-17015 [005] ....  5198.523202: net_dev_queue: dev=wlan0 skbaddr=ffffffc45723ed40 len=42
           <...>-17015 [005] ...2  5198.523318: net_dev_xmit: dev=wlan0 skbaddr=ffffffc45723ed40 len=42 rc=0
           <...>-1779  [001] ....  5198.612709: netif_receive_skb: dev=wlan0 skbaddr=ffffffc45723f740 len=128
           <...>-1779  [001] ....  5198.613734: netif_receive_skb: dev=wlan0 skbaddr=ffffffc45723de40 len=28
           <...>-1779  [001] ....  5198.613781: net_dev_queue: dev=wlan0 skbaddr=ffffffc4220bb928 len=78
           <...>-1779  [001] ...2  5198.613905: net_dev_xmit: dev=wlan0 skbaddr=ffffffc4220bb928 len=78 rc=0
           <...>-1779  [001] ....  5198.613920: net_dev_queue: dev=wlan0 skbaddr=ffffffc4853ef240 len=89
           <...>-1779  [001] ...2  5198.614003: net_dev_xmit: dev=wlan0 skbaddr=ffffffc4853ef240 len=89 rc=0
           <...>-1779  [001] ....  5198.614015: net_dev_queue: dev=wlan0 skbaddr=ffffffc4853ee5c0 len=74
           <...>-1779  [001] ...2  5198.614096: net_dev_xmit: dev=wlan0 skbaddr=ffffffc4853ee5c0 len=74 rc=0
           <...>-1779  [005] ....  5198.619857: netif_receive_skb: dev=wlan0 skbaddr=ffffffc45723d940 len=40
           <...>-15041 [001] ....  5198.620670: net_dev_queue: dev=wlan0 skbaddr=ffffffc4336eca40 len=86
           <...>-15041 [001] ...2  5198.620809: net_dev_xmit: dev=wlan0 skbaddr=ffffffc4336eca40 len=86 rc=0
           <...>-15041 [001] ....  5198.620933: net_dev_queue: dev=wlan0 skbaddr=ffffffc4590a1440 len=86
           <...>-15041 [001] ...2  5198.621045: net_dev_xmit: dev=wlan0 skbaddr=ffffffc4590a1440 len=86 rc=0
           <...>-16724 [001] ..s.  5198.628487: net_dev_queue: dev=wlan0 skbaddr=ffffffc45721efc0 len=130
           <...>-16724 [001] .ns2  5198.628655: net_dev_xmit: dev=wlan0 skbaddr=ffffffc45721efc0 len=130 rc=0
           <...>-17023 [006] ....  5198.648078: net_dev_queue: dev=wlan0 skbaddr=ffffffc4220bb928 len=78
           <...>-17023 [006] ...2  5198.648129: net_dev_xmit: dev=wlan0 skbaddr=ffffffc4220bb928 len=78 rc=0
           <...>-1779  [001] ....  5198.673709: netif_receive_skb: dev=wlan0 skbaddr=ffffffc45723e340 len=91
           <...>-1779  [003] ....  5198.674815: netif_receive_skb: dev=wlan0 skbaddr=ffffffc45723e0c0 len=76
           <...>-17025 [004] ....  5198.688948: net_dev_queue: dev=wlan0 skbaddr=ffffffc45721ca40 len=109
           <...>-17025 [004] ...2  5198.689021: net_dev_xmit: dev=wlan0 skbaddr=ffffffc45721ca40 len=109 rc=0
           <...>-1779  [003] ....  5198.725626: netif_receive_skb: dev=wlan0 skbaddr=ffffffc45723d1c0 len=40
           <...>-1779  [003] ....  5198.727521: netif_receive_skb: dev=wlan0 skbaddr=ffffffc45723c540 len=91
           <...>-1779  [003] ...1  5198.727736: net_dev_queue: dev=wlan0 skbaddr=ffffffc45723cf40 len=133
           <...>-1779  [003] ...3  5198.727862: net_dev_xmit: dev=wlan0 skbaddr=ffffffc45723cf40 len=133 rc=0
           <...>-1779  [001] ....  5198.770523: netif_receive_skb: dev=wlan0 skbaddr=ffffffc45726e840 len=40
           <...>-1779  [001] ....  5198.774213: netif_receive_skb: dev=wlan0 skbaddr=ffffffc45726eac0 len=72
           <...>-1779  [001] ....  5198.774392: net_dev_queue: dev=wlan0 skbaddr=ffffffc4220b92a8 len=98
           <...>-1779  [001] ...2  5198.774535: net_dev_xmit: dev=wlan0 skbaddr=ffffffc4220b92a8 len=98 rc=0
           <...>-1779  [001] ....  5198.774886: netif_receive_skb: dev=wlan0 skbaddr=ffffffc45726d6c0 len=123
           <...>-1779  [002] ....  5198.776935: netif_receive_skb: dev=wlan0 skbaddr=ffffffc45726efc0 len=108
           <...>-17017 [003] ....  5198.786427: net_dev_queue: dev=wlan0 skbaddr=ffffffc4220bb928 len=94
           <...>-17017 [003] ...2  5198.786554: net_dev_xmit: dev=wlan0 skbaddr=ffffffc4220bb928 len=94 rc=0
           <...>-1779  [003] ....  5198.788836: netif_receive_skb: dev=wlan0 skbaddr=ffffffc45726c2c0 len=60
           <...>-17018 [001] ....  5198.789053: net_dev_queue: dev=wlan0 skbaddr=ffffffc4220baea8 len=94
           <...>-17018 [001] ...2  5198.789174: net_dev_xmit: dev=wlan0 skbaddr=ffffffc4220baea8 len=94 rc=0
##### CPU 0 buffer started ####
          <idle>-0     [000] ..s3  5198.792565: net_dev_xmit: dev=wlan0 skbaddr=ffffffc4602fcf40 len=130 rc=0
           <...>-1779  [000] ....  5199.169838: netif_receive_skb: dev=wlan0 skbaddr=ffffffc45726ca40 len=80
           <...>-1779  [000] ...1  5199.170219: net_dev_queue: dev=wlan0 skbaddr=ffffffc45723d440 len=86
           <...>-1779  [000] ...3  5199.170413: net_dev_xmit: dev=wlan0 skbaddr=ffffffc45723d440 len=86 rc=0
           <...>-1779  [000] ....  5199.170492: netif_receive_skb: dev=wlan0 skbaddr=ffffffc45726ccc0 len=80
           <...>-1779  [000] ...1  5199.170729: net_dev_queue: dev=wlan0 skbaddr=ffffffc45723c040 len=86
           <...>-1779  [000] ...3  5199.170888: net_dev_xmit: dev=wlan0 skbaddr=ffffffc45723c040 len=86 rc=0
           <...>-17018 [003] ....  5199.171170: net_dev_queue: dev=wlan0 skbaddr=ffffffc4220baea8 len=313
           <...>-17018 [003] ...2  5199.171349: net_dev_xmit: dev=wlan0 skbaddr=ffffffc4220baea8 len=313 rc=0
           <...>-17017 [001] ....  5199.172930: net_dev_queue: dev=wlan0 skbaddr=ffffffc4220bcaa8 len=653
           <...>-17017 [001] ...2  5199.173114: net_dev_xmit: dev=wlan0 skbaddr=ffffffc4220bcaa8 len=653 rc=0
           <...>-1779  [000] ....  5199.206262: netif_receive_skb: dev=wlan0 skbaddr=ffffffc45726ed40 len=80
           <...>-1779  [000] ...1  5199.206427: net_dev_queue: dev=wlan0 skbaddr=ffffffc45723cf40 len=86
           <...>-1779  [000] ...3  5199.206610: net_dev_xmit: dev=wlan0 skbaddr=ffffffc45723cf40 len=86 rc=0
           <...>-1779  [000] ....  5199.210028: netif_receive_skb: dev=wlan0 skbaddr=ffffffc45726c7c0 len=80
           <...>-1779  [000] ...1  5199.210141: net_dev_queue: dev=wlan0 skbaddr=ffffffc4cf443740 len=86
           <...>-1779  [000] ...3  5199.210279: net_dev_xmit: dev=wlan0 skbaddr=ffffffc4cf443740 len=86 rc=0
          <idle>-0     [001] ..s1  5199.496752: net_dev_queue: dev=wlan0 skbaddr=ffffffc4590a5e40 len=110
          <idle>-0     [001] .ns3  5199.496970: net_dev_xmit: dev=wlan0 skbaddr=ffffffc4590a5e40 len=110 rc=0
           <...>-1779  [000] ....  5199.649245: netif_receive_skb: dev=wlan0 skbaddr=ffffffc45726fc40 len=72
           <...>-1779  [000] ....  5199.652408: netif_receive_skb: dev=wlan0 skbaddr=ffffffc45726f240 len=218
           <...>-1779  [000] ...1  5199.652654: net_dev_queue: dev=wlan0 skbaddr=ffffffc45717a340 len=86
           <...>-1779  [000] ...3  5199.652875: net_dev_xmit: dev=wlan0 skbaddr=ffffffc45717a340 len=86 rc=0
           <...>-17018 [003] ....  5199.653797: net_dev_queue: dev=wlan0 skbaddr=ffffffc4220baea8 len=86
           <...>-17018 [003] ...2  5199.654009: net_dev_xmit: dev=wlan0 skbaddr=ffffffc4220baea8 len=86 rc=0
           <...>-1779  [000] ....  5199.699206: netif_receive_skb: dev=wlan0 skbaddr=ffffffc45726f4c0 len=72
           <...>-1779  [000] ...1  5199.699351: net_dev_queue: dev=wlan0 skbaddr=ffffffc45717a0c0 len=86
           <...>-1779  [000] ...3  5199.699480: net_dev_xmit: dev=wlan0 skbaddr=ffffffc45717a0c0 len=86 rc=0
           <...>-1779  [000] ....  5199.699520: netif_receive_skb: dev=wlan0 skbaddr=ffffffc45726d440 len=72
           <...>-1779  [001] ....  5199.702261: netif_receive_skb: dev=wlan0 skbaddr=ffffffc45726cf40 len=290
           <...>-1779  [001] ...1  5199.702427: net_dev_queue: dev=wlan0 skbaddr=ffffffc457178040 len=86
           <...>-1779  [001] ...3  5199.702555: net_dev_xmit: dev=wlan0 skbaddr=ffffffc457178040 len=86 rc=0
           <...>-17017 [002] ....  5199.703285: net_dev_queue: dev=wlan0 skbaddr=ffffffc4220bcaa8 len=150
           <...>-17017 [002] ...2  5199.703424: net_dev_xmit: dev=wlan0 skbaddr=ffffffc4220bcaa8 len=150 rc=0
          <idle>-0     [003] .ns2  5200.648511: net_dev_queue: dev=wlan0 skbaddr=ffffffc4220baea8 len=86
          <idle>-0     [003] .ns4  5200.648741: net_dev_xmit: dev=wlan0 skbaddr=ffffffc4220baea8 len=86 rc=0
          <idle>-0     [002] ..s2  5200.712420: net_dev_queue: dev=wlan0 skbaddr=ffffffc4220bb928 len=320
          <idle>-0     [002] ..s4  5200.712649: net_dev_xmit: dev=wlan0 skbaddr=ffffffc4220bb928 len=320 rc=0
           <...>-1779  [003] ....  5200.767426: netif_receive_skb: dev=wlan0 skbaddr=ffffffc45726e5c0 len=72
           <...>-1779  [003] ....  5200.769794: netif_receive_skb: dev=wlan0 skbaddr=ffffffc45726f9c0 len=84
           <...>-1779  [003] ....  5200.833522: netif_receive_skb: dev=wlan0 skbaddr=ffffffc45726f740 len=72
           <...>-1779  [001] ....  5200.989326: netif_receive_skb: dev=wlan0 skbaddr=ffffffc45726e0c0 len=72
           <...>-1779  [000] ....  5201.025657: netif_receive_skb: dev=wlan0 skbaddr=ffffffc45726c540 len=72
           <...>-1779  [000] ....  5201.055948: netif_receive_skb: dev=wlan0 skbaddr=ffffffc45726e340 len=861
           <...>-1779  [000] ....  5201.056090: netif_receive_skb: dev=wlan0 skbaddr=ffffffc45726d1c0 len=72
           <...>-1779  [000] ...1  5201.056224: net_dev_queue: dev=wlan0 skbaddr=ffffffc4602ff740 len=86
           <...>-1779  [000] ...3  5201.056442: net_dev_xmit: dev=wlan0 skbaddr=ffffffc4602ff740 len=86 rc=0
           <...>-17017 [000] ....  5201.057517: net_dev_queue: dev=wlan0 skbaddr=ffffffc4220bb928 len=110
           <...>-17017 [000] ...2  5201.057658: net_dev_xmit: dev=wlan0 skbaddr=ffffffc4220bb928 len=110 rc=0
           <...>-17017 [000] ....  5201.058423: net_dev_queue: dev=wlan0 skbaddr=ffffffc4220b92a8 len=86
           <...>-17017 [000] ...2  5201.058562: net_dev_xmit: dev=wlan0 skbaddr=ffffffc4220b92a8 len=86 rc=0
           <...>-17037 [001] ....  5201.070231: net_dev_queue: dev=wlan0 skbaddr=ffffffc4220baea8 len=98
           <...>-17036 [003] ....  5201.070336: net_dev_queue: dev=wlan0 skbaddr=ffffffc4220b8128 len=78
           <...>-17037 [001] .n.2  5201.070400: net_dev_xmit: dev=wlan0 skbaddr=ffffffc4220baea8 len=98 rc=0
           <...>-17037 [001] .ns3  5201.070537: net_dev_xmit: dev=wlan0 skbaddr=ffffffc4220b8128 len=78 rc=0
  wpa_supplicant-16718 [006] ....  5373.456802: rdev_connect: phy0, netdev:wlan0(11), bssid: 00:00:00:00:00:00, ssid: sravan, auth type: 0, privacy: true, wpa versions: 2, flags: 0, previous bssid: 00:00:00:00:00:00
           <...>-1779  [000] ....  5373.759096: netif_receive_skb: dev=wlan0 skbaddr=ffffffc4572ba340 len=99
  wpa_supplicant-16718 [004] ....  5373.759538: net_dev_queue: dev=wlan0 skbaddr=ffffffc4602fc040 len=135
  wpa_supplicant-16718 [004] ...2  5373.759658: net_dev_xmit: dev=wlan0 skbaddr=ffffffc4602fc040 len=135 rc=0
           <...>-1779  [000] ....  5374.797611: netif_receive_skb: dev=wlan0 skbaddr=ffffffc4572b82c0 len=99
  wpa_supplicant-16718 [004] ....  5374.797880: net_dev_queue: dev=wlan0 skbaddr=ffffffc45723c2c0 len=135
  wpa_supplicant-16718 [004] ...2  5374.798051: net_dev_xmit: dev=wlan0 skbaddr=ffffffc45723c2c0 len=135 rc=0
  wpa_supplicant-16718 [006] ....  5386.623739: rdev_connect: phy0, netdev:wlan0(11), bssid: 00:00:00:00:00:00, ssid: sravan, auth type: 0, privacy: true, wpa versions: 2, flags: 0, previous bssid: 00:00:00:00:00:00
  wpa_supplicant-16718 [002] ....  5957.580053: rdev_connect: phy0, netdev:wlan0(11), bssid: 00:00:00:00:00:00, ssid: sravan, auth type: 0, privacy: true, wpa versions: 2, flags: 0, previous bssid: 00:00:00:00:00:00
           <...>-1779  [002] ....  5957.829769: netif_receive_skb: dev=wlan0 skbaddr=ffffffc4572bb740 len=99
  wpa_supplicant-16718 [002] ....  5957.856133: net_dev_queue: dev=wlan0 skbaddr=ffffffc4572bbc40 len=135
  wpa_supplicant-16718 [002] ...2  5957.856467: net_dev_xmit: dev=wlan0 skbaddr=ffffffc4572bbc40 len=135 rc=0
           <...>-1779  [001] ....  5957.875320: netif_receive_skb: dev=wlan0 skbaddr=ffffffc4572ba5c0 len=155
  wpa_supplicant-16718 [003] ....  5957.876004: net_dev_queue: dev=wlan0 skbaddr=ffffffc45723f740 len=113
  wpa_supplicant-16718 [003] ...2  5957.876356: net_dev_xmit: dev=wlan0 skbaddr=ffffffc45723f740 len=113 rc=0
  wpa_supplicant-16718 [003] ....  5957.877130: rdev_add_key: phy0, netdev:wlan0(11), key_index: 0, pairwise: true, mac addr: 1e:3a:0a:87:55:13
  wpa_supplicant-16718 [000] ....  5957.879914: rdev_set_default_key: phy0, netdev:wlan0(11), key index: 0, unicast: true, multicast: false
  wpa_supplicant-16718 [000] ....  5957.882607: rdev_add_key: phy0, netdev:wlan0(11), key_index: 1, pairwise: false, mac addr: 00:00:00:00:00:00
  wpa_supplicant-16718 [000] ....  5957.900056: rdev_set_rekey_data: phy0, netdev:wlan0(11)
           <...>-19715 [000] ....  5957.992982: net_dev_queue: dev=wlan0 skbaddr=ffffffc42480f240 len=86
           <...>-19715 [000] .n.2  5957.993198: net_dev_xmit: dev=wlan0 skbaddr=ffffffc42480f240 len=86 rc=0
          <idle>-0     [000] .ns1  5958.000439: net_dev_queue: dev=wlan0 skbaddr=ffffffc45726d440 len=130
          <idle>-0     [000] .ns3  5958.000599: net_dev_xmit: dev=wlan0 skbaddr=ffffffc45726d440 len=130 rc=0
           <...>-16724 [003] ....  5958.036175: net_dev_queue: dev=wlan0 skbaddr=ffffffc4568c6d40 len=328
           <...>-16724 [003] .n.2  5958.036440: net_dev_xmit: dev=wlan0 skbaddr=ffffffc4568c6d40 len=328 rc=0
           <...>-1779  [001] ....  5958.170616: netif_receive_skb: dev=wlan0 skbaddr=ffffffc456911e40 len=314
           <...>-1779  [001] ....  5958.175626: netif_receive_skb: dev=wlan0 skbaddr=ffffffc4572b87c0 len=338
           <...>-16724 [003] ....  5958.177897: net_dev_queue: dev=wlan0 skbaddr=ffffffc457284cc0 len=340
           <...>-16724 [003] ...2  5958.178077: net_dev_xmit: dev=wlan0 skbaddr=ffffffc457284cc0 len=340 rc=0
           <...>-1779  [001] ....  5958.187965: netif_receive_skb: dev=wlan0 skbaddr=ffffffc456911440 len=326
           <...>-1779  [001] ....  5958.190759: netif_receive_skb: dev=wlan0 skbaddr=ffffffc4572b8f40 len=338
          <idle>-0     [000] ..s1  5958.280461: net_dev_queue: dev=wlan0 skbaddr=ffffffc40cc9efc0 len=130
          <idle>-0     [000] .ns3  5958.280665: net_dev_xmit: dev=wlan0 skbaddr=ffffffc40cc9efc0 len=130 rc=0
           <...>-20470 [000] ....  5958.291743: net_dev_queue: dev=wlan0 skbaddr=ffffffc40cc9dbc0 len=42
           <...>-20470 [000] .n.2  5958.291993: net_dev_xmit: dev=wlan0 skbaddr=ffffffc40cc9dbc0 len=42 rc=0
           <...>-1779  [001] ....  5958.299588: netif_receive_skb: dev=wlan0 skbaddr=ffffffc4572bb240 len=28
           <...>-1779  [001] ....  5958.299661: net_dev_queue: dev=wlan0 skbaddr=ffffffc4220b92a8 len=78
           <...>-1779  [001] .n.2  5958.299810: net_dev_xmit: dev=wlan0 skbaddr=ffffffc4220b92a8 len=78 rc=0
           <...>-1779  [005] ....  5958.309503: netif_receive_skb: dev=wlan0 skbaddr=ffffffc4572bb4c0 len=40
           <...>-20474 [000] ....  5958.330962: net_dev_queue: dev=wlan0 skbaddr=ffffffc4602fc7c0 len=74
           <...>-20474 [000] ...2  5958.331129: net_dev_xmit: dev=wlan0 skbaddr=ffffffc4602fc7c0 len=74 rc=0
           <...>-20475 [000] ....  5958.333369: net_dev_queue: dev=wlan0 skbaddr=ffffffc45715b4c0 len=89
           <...>-20475 [000] ...2  5958.333503: net_dev_xmit: dev=wlan0 skbaddr=ffffffc45715b4c0 len=89 rc=0
           <...>-1779  [001] ....  5958.395126: netif_receive_skb: dev=wlan0 skbaddr=ffffffc457284540 len=76
           <...>-1779  [001] ....  5958.395379: netif_receive_skb: dev=wlan0 skbaddr=ffffffc4572860c0 len=91
           <...>-20473 [006] ....  5958.419417: net_dev_queue: dev=wlan0 skbaddr=ffffffc4220b92a8 len=74
           <...>-20473 [006] ...2  5958.419505: net_dev_xmit: dev=wlan0 skbaddr=ffffffc4220b92a8 len=74 rc=0
           <...>-20472 [002] ....  5958.424822: net_dev_queue: dev=wlan0 skbaddr=ffffffc4220bd528 len=74
           <...>-20472 [002] ...2  5958.425005: net_dev_xmit: dev=wlan0 skbaddr=ffffffc4220bd528 len=74 rc=0
           <...>-1779  [001] ....  5958.651584: netif_receive_skb: dev=wlan0 skbaddr=ffffffc457286d40 len=60
           <...>-1779  [001] ...1  5958.651918: net_dev_queue: dev=wlan0 skbaddr=ffffffc40cc9d1c0 len=66
           <...>-1779  [001] ...3  5958.652107: net_dev_xmit: dev=wlan0 skbaddr=ffffffc40cc9d1c0 len=66 rc=0
           <...>-1779  [001] ....  5958.652179: netif_receive_skb: dev=wlan0 skbaddr=ffffffc4572879c0 len=60
           <...>-20473 [002] ....  5958.652424: net_dev_queue: dev=wlan0 skbaddr=ffffffc4220b92a8 len=293
           <...>-1779  [001] ...1  5958.652486: net_dev_queue: dev=wlan0 skbaddr=ffffffc40cc9ca40 len=66
           <...>-20473 [002] ...2  5958.652624: net_dev_xmit: dev=wlan0 skbaddr=ffffffc4220b92a8 len=293 rc=0
           <...>-20473 [002] ...2  5958.652779: net_dev_xmit: dev=wlan0 skbaddr=ffffffc40cc9ca40 len=66 rc=0
           <...>-20472 [000] ....  5958.655125: net_dev_queue: dev=wlan0 skbaddr=ffffffc4220bd528 len=633
           <...>-20472 [000] .n.2  5958.655312: net_dev_xmit: dev=wlan0 skbaddr=ffffffc4220bd528 len=633 rc=0
           <...>-19715 [000] ....  5958.760934: net_dev_queue: dev=wlan0 skbaddr=ffffffc40cc9dbc0 len=90
           <...>-19715 [000] ...2  5958.761126: net_dev_xmit: dev=wlan0 skbaddr=ffffffc40cc9dbc0 len=90 rc=0
           <...>-19715 [000] ....  5958.761290: net_dev_queue: dev=wlan0 skbaddr=ffffffc40cc9c040 len=70
           <...>-19715 [000] ...2  5958.761473: net_dev_xmit: dev=wlan0 skbaddr=ffffffc40cc9c040 len=70 rc=0
           <...>-1779  [001] ....  5958.780926: netif_receive_skb: dev=wlan0 skbaddr=ffffffc457287c40 len=52
           <...>-1779  [001] ....  5958.789545: netif_receive_skb: dev=wlan0 skbaddr=ffffffc457285e40 len=128
           <...>-1779  [001] ....  5958.790688: netif_receive_skb: dev=wlan0 skbaddr=ffffffc457284040 len=128
           <...>-19587 [001] ....  5958.792929: net_dev_queue: dev=wlan0 skbaddr=ffffffc4590a4540 len=86
           <...>-19587 [001] ...2  5958.793099: net_dev_xmit: dev=wlan0 skbaddr=ffffffc4590a4540 len=86 rc=0
           <...>-19587 [001] ....  5958.793231: net_dev_queue: dev=wlan0 skbaddr=ffffffc4590befc0 len=86
           <...>-19587 [001] ...2  5958.793398: net_dev_xmit: dev=wlan0 skbaddr=ffffffc4590befc0 len=86 rc=0
           <...>-1031  [001] ..s.  5958.800456: net_dev_queue: dev=wlan0 skbaddr=ffffffc421cca5c0 len=110
           <...>-1031  [001] ..s2  5958.800650: net_dev_xmit: dev=wlan0 skbaddr=ffffffc421cca5c0 len=110 rc=0
           <...>-1779  [003] ....  5958.801674: netif_receive_skb: dev=wlan0 skbaddr=ffffffc457285440 len=52
           <...>-1779  [003] ....  5958.801842: netif_receive_skb: dev=wlan0 skbaddr=ffffffc4572e9440 len=198
           <...>-1779  [003] ...1  5958.802003: net_dev_queue: dev=wlan0 skbaddr=ffffffc4853eefc0 len=66
           <...>-1779  [003] .n.3  5958.802156: net_dev_xmit: dev=wlan0 skbaddr=ffffffc4853eefc0 len=66 rc=0
           <...>-1779  [003] ....  5958.802303: netif_receive_skb: dev=wlan0 skbaddr=ffffffc4572e8040 len=52
           <...>-1779  [003] ....  5958.802403: netif_receive_skb: dev=wlan0 skbaddr=ffffffc4572e9e40 len=270
           <...>-1779  [003] ...1  5958.802553: net_dev_queue: dev=wlan0 skbaddr=ffffffc4853ede40 len=66
           <...>-1779  [003] ...3  5958.802731: net_dev_xmit: dev=wlan0 skbaddr=ffffffc4853ede40 len=66 rc=0
           <...>-20473 [002] ....  5958.802911: net_dev_queue: dev=wlan0 skbaddr=ffffffc4220b92a8 len=66
           <...>-20473 [002] ...2  5958.803114: net_dev_xmit: dev=wlan0 skbaddr=ffffffc4220b92a8 len=66 rc=0
           <...>-20472 [003] ....  5958.804787: net_dev_queue: dev=wlan0 skbaddr=ffffffc4220bf4a8 len=130
           <...>-20472 [003] ...2  5958.804974: net_dev_xmit: dev=wlan0 skbaddr=ffffffc4220bf4a8 len=130 rc=0
           <...>-20481 [003] ....  5958.827044: net_dev_queue: dev=wlan0 skbaddr=ffffffc4220b9628 len=78
           <...>-20482 [002] ....  5958.827195: net_dev_queue: dev=wlan0 skbaddr=ffffffc45504ccc0 len=86
           <...>-20481 [003] .n.2  5958.827216: net_dev_xmit: dev=wlan0 skbaddr=ffffffc4220b9628 len=78 rc=0
           <...>-20481 [003] .ns3  5958.827375: net_dev_xmit: dev=wlan0 skbaddr=ffffffc45504ccc0 len=86 rc=0
           <...>-1779  [001] ....  5958.883404: netif_receive_skb: dev=wlan0 skbaddr=ffffffc4572ebc40 len=52
           <...>-1779  [002] ....  5958.897325: netif_receive_skb: dev=wlan0 skbaddr=ffffffc4572eb9c0 len=52
           <...>-1779  [002] ...1  5958.897509: net_dev_queue: dev=wlan0 skbaddr=ffffffc4220bd528 len=300
           <...>-1779  [002] ...3  5958.897722: net_dev_xmit: dev=wlan0 skbaddr=ffffffc4220bd528 len=300 rc=0
           <...>-1779  [002] ....  5958.912115: netif_receive_skb: dev=wlan0 skbaddr=ffffffc4572ead40 len=40
           <...>-1779  [002] ....  5958.912618: netif_receive_skb: dev=wlan0 skbaddr=ffffffc4572ea0c0 len=72
          <idle>-0     [000] .ns1  5958.912661: net_dev_queue: dev=wlan0 skbaddr=ffffffc4572bb9c0 len=130
           <...>-1779  [002] ....  5958.912817: net_dev_queue: dev=wlan0 skbaddr=ffffffc4220bb928 len=98
          <idle>-0     [000] .ns3  5958.912876: net_dev_xmit: dev=wlan0 skbaddr=ffffffc4572bb9c0 len=130 rc=0
  msm_irqbalance-1186  [000] ..s3  5958.913151: net_dev_xmit: dev=wlan0 skbaddr=ffffffc4220bb928 len=98 rc=0
           <...>-1779  [002] ....  5958.916500: netif_receive_skb: dev=wlan0 skbaddr=ffffffc4572e8a40 len=60
           <...>-1779  [000] ....  5958.961744: netif_receive_skb: dev=wlan0 skbaddr=ffffffc4572e8540 len=52
           <...>-1779  [000] ....  5958.961906: netif_receive_skb: dev=wlan0 skbaddr=ffffffc4572eafc0 len=841
           <...>-1779  [000] ....  5958.962006: netif_receive_skb: dev=wlan0 skbaddr=ffffffc4572e91c0 len=52
           <...>-1779  [000] ...1  5958.962118: net_dev_queue: dev=wlan0 skbaddr=ffffffc4572b91c0 len=66
           <...>-1779  [000] ...3  5958.962272: net_dev_xmit: dev=wlan0 skbaddr=ffffffc4572b91c0 len=66 rc=0
           <...>-20472 [003] ....  5958.963584: net_dev_queue: dev=wlan0 skbaddr=ffffffc4220bd528 len=90
           <...>-20472 [003] ...2  5958.963727: net_dev_xmit: dev=wlan0 skbaddr=ffffffc4220bd528 len=90 rc=0
           <...>-20472 [003] ....  5958.964601: net_dev_queue: dev=wlan0 skbaddr=ffffffc4220b8128 len=66
           <...>-20472 [003] ...2  5958.964738: net_dev_xmit: dev=wlan0 skbaddr=ffffffc4220b8128 len=66 rc=0
           <...>-20486 [001] ....  5958.973868: net_dev_queue: dev=wlan0 skbaddr=ffffffc4220bb928 len=98
           <...>-20486 [001] ...2  5958.974033: net_dev_xmit: dev=wlan0 skbaddr=ffffffc4220bb928 len=98 rc=0
           <...>-20485 [000] ....  5958.975756: net_dev_queue: dev=wlan0 skbaddr=ffffffc4220baea8 len=78
           <...>-20485 [000] .n.2  5958.975906: net_dev_xmit: dev=wlan0 skbaddr=ffffffc4220baea8 len=78 rc=0
           <...>-1779  [002] ....  5958.980186: netif_receive_skb: dev=wlan0 skbaddr=ffffffc4572eaac0 len=60
           <...>-1779  [002] ....  5958.980485: netif_receive_skb: dev=wlan0 skbaddr=ffffffc4572ea340 len=40
  wpa_supplicant-16718 [003] ....  6304.965519: rdev_connect: phy0, netdev:wlan0(11), bssid: 00:00:00:00:00:00, ssid: sravan, auth type: 0, privacy: true, wpa versions: 2, flags: 0, previous bssid: 00:00:00:00:00:00
           <...>-1779  [003] ....  6305.212104: netif_receive_skb: dev=wlan0 skbaddr=ffffffc4572e96c0 len=99
  wpa_supplicant-16718 [005] ....  6305.221363: net_dev_queue: dev=wlan0 skbaddr=ffffffc4590a07c0 len=135
  wpa_supplicant-16718 [005] ...2  6305.221501: net_dev_xmit: dev=wlan0 skbaddr=ffffffc4590a07c0 len=135 rc=0
           <...>-1779  [002] ....  6305.236605: netif_receive_skb: dev=wlan0 skbaddr=ffffffc4572ea5c0 len=155
  wpa_supplicant-16718 [003] ....  6305.237352: net_dev_queue: dev=wlan0 skbaddr=ffffffc45726ccc0 len=113
  wpa_supplicant-16718 [003] .n.2  6305.237592: net_dev_xmit: dev=wlan0 skbaddr=ffffffc45726ccc0 len=113 rc=0
  wpa_supplicant-16718 [003] ....  6305.238276: rdev_add_key: phy0, netdev:wlan0(11), key_index: 0, pairwise: true, mac addr: 1e:3a:0a:87:55:13
  wpa_supplicant-16718 [003] ....  6305.241096: rdev_set_default_key: phy0, netdev:wlan0(11), key index: 0, unicast: true, multicast: false
  wpa_supplicant-16718 [003] ....  6305.241991: rdev_add_key: phy0, netdev:wlan0(11), key_index: 1, pairwise: false, mac addr: 00:00:00:00:00:00
  wpa_supplicant-16718 [000] ....  6305.262403: rdev_set_rekey_data: phy0, netdev:wlan0(11)
           <...>-20955 [003] ....  6305.362104: net_dev_queue: dev=wlan0 skbaddr=ffffffc40db85940 len=86
           <...>-20955 [003] ...2  6305.362318: net_dev_xmit: dev=wlan0 skbaddr=ffffffc40db85940 len=86 rc=0
           <...>-630   [003] ..s1  6305.368464: net_dev_queue: dev=wlan0 skbaddr=ffffffc4853ef240 len=130
           <...>-630   [003] ..s3  6305.368655: net_dev_xmit: dev=wlan0 skbaddr=ffffffc4853ef240 len=130 rc=0
           <...>-16724 [000] ....  6305.391136: net_dev_queue: dev=wlan0 skbaddr=ffffffc45721cf40 len=328
           <...>-16724 [000] ...2  6305.391355: net_dev_xmit: dev=wlan0 skbaddr=ffffffc45721cf40 len=328 rc=0
           <...>-1779  [000] ....  6305.403457: netif_receive_skb: dev=wlan0 skbaddr=ffffffc456927740 len=314
           <...>-1779  [000] ....  6305.406693: netif_receive_skb: dev=wlan0 skbaddr=ffffffc4572e82c0 len=338
           <...>-16724 [002] ....  6305.409385: net_dev_queue: dev=wlan0 skbaddr=ffffffc45721f740 len=340
           <...>-16724 [002] ...2  6305.409592: net_dev_xmit: dev=wlan0 skbaddr=ffffffc45721f740 len=340 rc=0
           <...>-1779  [000] ....  6305.423307: netif_receive_skb: dev=wlan0 skbaddr=ffffffc456924f40 len=326
           <...>-1779  [000] ....  6305.427570: netif_receive_skb: dev=wlan0 skbaddr=ffffffc4572e8f40 len=338
           <...>-21332 [002] ....  6305.515676: net_dev_queue: dev=wlan0 skbaddr=ffffffc4602fe340 len=42
           <...>-21332 [002] .n.2  6305.515962: net_dev_xmit: dev=wlan0 skbaddr=ffffffc4602fe340 len=42 rc=0
           <...>-1779  [003] ....  6305.528079: netif_receive_skb: dev=wlan0 skbaddr=ffffffc4572e8cc0 len=28
           <...>-1779  [003] ....  6305.528173: net_dev_queue: dev=wlan0 skbaddr=ffffffc4220b8128 len=78
           <...>-1779  [003] .n.2  6305.528483: net_dev_xmit: dev=wlan0 skbaddr=ffffffc4220b8128 len=78 rc=0
           <...>-1779  [003] ....  6305.532624: netif_receive_skb: dev=wlan0 skbaddr=ffffffc4572eb4c0 len=40
           <...>-21336 [001] ....  6305.564585: net_dev_queue: dev=wlan0 skbaddr=ffffffc4853ed6c0 len=89
           <...>-21336 [001] ...2  6305.564776: net_dev_xmit: dev=wlan0 skbaddr=ffffffc4853ed6c0 len=89 rc=0
           <...>-21337 [002] ....  6305.566388: net_dev_queue: dev=wlan0 skbaddr=ffffffc4853ed6c0 len=74
           <...>-21337 [002] .n.2  6305.566559: net_dev_xmit: dev=wlan0 skbaddr=ffffffc4853ed6c0 len=74 rc=0
           <...>-1779  [001] ....  6305.594785: netif_receive_skb: dev=wlan0 skbaddr=ffffffc4572e87c0 len=91
           <...>-1779  [001] ....  6305.598399: netif_receive_skb: dev=wlan0 skbaddr=ffffffc4572eb240 len=76
           <...>-21335 [002] ....  6305.615318: net_dev_queue: dev=wlan0 skbaddr=ffffffc4220b8128 len=74
           <...>-21335 [002] ...2  6305.615497: net_dev_xmit: dev=wlan0 skbaddr=ffffffc4220b8128 len=74 rc=0
   Binder:1236_8-2766  [003] ..s.  6305.616517: net_dev_queue: dev=wlan0 skbaddr=ffffffc4853ef740 len=130
   Binder:1236_8-2766  [003] .ns2  6305.616664: net_dev_xmit: dev=wlan0 skbaddr=ffffffc4853ef740 len=130 rc=0
           <...>-21334 [003] ....  6305.624739: net_dev_queue: dev=wlan0 skbaddr=ffffffc4220bd528 len=74
           <...>-21334 [003] .n.2  6305.624889: net_dev_xmit: dev=wlan0 skbaddr=ffffffc4220bd528 len=74 rc=0
           <...>-1779  [001] ....  6305.675528: netif_receive_skb: dev=wlan0 skbaddr=ffffffc4573179c0 len=60
           <...>-1779  [001] ...1  6305.675890: net_dev_queue: dev=wlan0 skbaddr=ffffffc4853ec2c0 len=66
           <...>-1779  [001] ...3  6305.676114: net_dev_xmit: dev=wlan0 skbaddr=ffffffc4853ec2c0 len=66 rc=0
           <...>-1779  [001] ....  6305.676191: netif_receive_skb: dev=wlan0 skbaddr=ffffffc457315e40 len=60
           <...>-21335 [003] ....  6305.676406: net_dev_queue: dev=wlan0 skbaddr=ffffffc4220b8128 len=293
           <...>-1779  [001] ...1  6305.676526: net_dev_queue: dev=wlan0 skbaddr=ffffffc4853ef240 len=66
           <...>-21335 [003] ...2  6305.676619: net_dev_xmit: dev=wlan0 skbaddr=ffffffc4220b8128 len=293 rc=0
           <...>-21335 [003] ...2  6305.676735: net_dev_xmit: dev=wlan0 skbaddr=ffffffc4853ef240 len=66 rc=0
           <...>-21334 [000] ....  6305.680499: net_dev_queue: dev=wlan0 skbaddr=ffffffc4220bd528 len=633
           <...>-21334 [000] .n.2  6305.680748: net_dev_xmit: dev=wlan0 skbaddr=ffffffc4220bd528 len=633 rc=0
           <...>-1779  [003] ....  6305.722511: netif_receive_skb: dev=wlan0 skbaddr=ffffffc4573160c0 len=52
           <...>-1779  [003] ....  6305.722680: netif_receive_skb: dev=wlan0 skbaddr=ffffffc457315440 len=198
           <...>-1779  [003] ...1  6305.722823: net_dev_queue: dev=wlan0 skbaddr=ffffffc4853ecf40 len=66
           <...>-1779  [003] ...3  6305.722972: net_dev_xmit: dev=wlan0 skbaddr=ffffffc4853ecf40 len=66 rc=0
           <...>-21335 [001] ....  6305.724014: net_dev_queue: dev=wlan0 skbaddr=ffffffc4220b8128 len=66
           <...>-21335 [001] ...2  6305.724147: net_dev_xmit: dev=wlan0 skbaddr=ffffffc4220b8128 len=66 rc=0
           <...>-1779  [002] ....  6305.725035: netif_receive_skb: dev=wlan0 skbaddr=ffffffc457314540 len=52
           <...>-1779  [002] .n.1  6305.725151: net_dev_queue: dev=wlan0 skbaddr=ffffffc4853ee0c0 len=66
           <...>-1779  [002] .n.3  6305.725282: net_dev_xmit: dev=wlan0 skbaddr=ffffffc4853ee0c0 len=66 rc=0
           <...>-1779  [002] ....  6305.727760: netif_receive_skb: dev=wlan0 skbaddr=ffffffc457314040 len=52
           <...>-1779  [003] ....  6305.758688: netif_receive_skb: dev=wlan0 skbaddr=ffffffc4573151c0 len=270
           <...>-1779  [003] ...1  6305.758861: net_dev_queue: dev=wlan0 skbaddr=ffffffc4853ed440 len=66
           <...>-1779  [003] ...3  6305.759019: net_dev_xmit: dev=wlan0 skbaddr=ffffffc4853ed440 len=66 rc=0
           <...>-21334 [000] ....  6305.759757: net_dev_queue: dev=wlan0 skbaddr=ffffffc4220bd528 len=130
           <...>-21334 [000] ...2  6305.759904: net_dev_xmit: dev=wlan0 skbaddr=ffffffc4220bd528 len=130 rc=0
           <...>-1779  [003] ....  6305.763987: netif_receive_skb: dev=wlan0 skbaddr=ffffffc457317c40 len=52
           <...>-1779  [000] ....  6305.813330: netif_receive_skb: dev=wlan0 skbaddr=ffffffc457316340 len=52
           <...>-1779  [000] ...1  6305.813575: net_dev_queue: dev=wlan0 skbaddr=ffffffc4220bcaa8 len=300
           <...>-1779  [000] ...3  6305.813762: net_dev_xmit: dev=wlan0 skbaddr=ffffffc4220bcaa8 len=300 rc=0
           <...>-1779  [000] ....  6305.855781: netif_receive_skb: dev=wlan0 skbaddr=ffffffc457316d40 len=52
           <...>-1779  [000] ....  6305.855955: netif_receive_skb: dev=wlan0 skbaddr=ffffffc457315940 len=841
           <...>-1779  [000] ....  6305.856139: netif_receive_skb: dev=wlan0 skbaddr=ffffffc457314a40 len=52
           <...>-1779  [000] ...1  6305.856254: net_dev_queue: dev=wlan0 skbaddr=ffffffc45721de40 len=66
           <...>-1779  [000] ...3  6305.856507: net_dev_xmit: dev=wlan0 skbaddr=ffffffc45721de40 len=66 rc=0
           <...>-21334 [002] ....  6305.857732: net_dev_queue: dev=wlan0 skbaddr=ffffffc4220bcaa8 len=90
           <...>-21334 [002] ...2  6305.857908: net_dev_xmit: dev=wlan0 skbaddr=ffffffc4220bcaa8 len=90 rc=0
           <...>-21334 [002] ....  6305.858708: net_dev_queue: dev=wlan0 skbaddr=ffffffc4220b99a8 len=66
           <...>-21334 [002] ...2  6305.858869: net_dev_xmit: dev=wlan0 skbaddr=ffffffc4220b99a8 len=66 rc=0
           <...>-21341 [000] ....  6305.874540: net_dev_queue: dev=wlan0 skbaddr=ffffffc4220bd528 len=78
           <...>-21341 [000] .n.2  6305.874729: net_dev_xmit: dev=wlan0 skbaddr=ffffffc4220bd528 len=78 rc=0
  wpa_supplicant-16718 [001] .... 10256.942495: rdev_connect: phy0, netdev:wlan0(11), bssid: 00:00:00:00:00:00, ssid: sravan, auth type: 0, privacy: true, wpa versions: 2, flags: 0, previous bssid: 00:00:00:00:00:00
           <...>-1779  [001] .... 10257.264111: netif_receive_skb: dev=wlan0 skbaddr=ffffffc457316840 len=99
  wpa_supplicant-16718 [002] .... 10257.265213: net_dev_queue: dev=wlan0 skbaddr=ffffffc457284cc0 len=135
  wpa_supplicant-16718 [002] ...2 10257.265501: net_dev_xmit: dev=wlan0 skbaddr=ffffffc457284cc0 len=135 rc=0
           <...>-1779  [001] .... 10257.387401: netif_receive_skb: dev=wlan0 skbaddr=ffffffc457317240 len=99
  wpa_supplicant-16718 [002] .... 10257.387924: net_dev_queue: dev=wlan0 skbaddr=ffffffc45726fc40 len=135
  wpa_supplicant-16718 [002] ...2 10257.388270: net_dev_xmit: dev=wlan0 skbaddr=ffffffc45726fc40 len=135 rc=0
           <...>-1779  [001] .... 10258.362520: netif_receive_skb: dev=wlan0 skbaddr=ffffffc4573156c0 len=99
  wpa_supplicant-16718 [000] .... 10258.363180: net_dev_queue: dev=wlan0 skbaddr=ffffffc4602fc040 len=135
  wpa_supplicant-16718 [000] ...2 10258.363485: net_dev_xmit: dev=wlan0 skbaddr=ffffffc4602fc040 len=135 rc=0
           <...>-1779  [001] .... 10259.364437: netif_receive_skb: dev=wlan0 skbaddr=ffffffc4573147c0 len=99
  wpa_supplicant-16718 [000] .... 10259.365050: net_dev_queue: dev=wlan0 skbaddr=ffffffc40cc9d940 len=135
  wpa_supplicant-16718 [000] ...2 10259.365347: net_dev_xmit: dev=wlan0 skbaddr=ffffffc40cc9d940 len=135 rc=0
  wpa_supplicant-16718 [001] .... 10270.867519: rdev_connect: phy0, netdev:wlan0(11), bssid: 00:00:00:00:00:00, ssid: sravan, auth type: 0, privacy: true, wpa versions: 2, flags: 0, previous bssid: 00:00:00:00:00:00
           <...>-1779  [002] .... 10271.093811: netif_receive_skb: dev=wlan0 skbaddr=ffffffc4573142c0 len=99
  wpa_supplicant-16718 [000] .... 10271.134084: net_dev_queue: dev=wlan0 skbaddr=ffffffc40cc9efc0 len=135
  wpa_supplicant-16718 [000] .n.2 10271.134415: net_dev_xmit: dev=wlan0 skbaddr=ffffffc40cc9efc0 len=135 rc=0
           <...>-1779  [002] .... 10271.192566: netif_receive_skb: dev=wlan0 skbaddr=ffffffc457314cc0 len=99
  wpa_supplicant-16718 [000] .... 10271.193104: net_dev_queue: dev=wlan0 skbaddr=ffffffc40db86d40 len=135
  wpa_supplicant-16718 [000] ...2 10271.193386: net_dev_xmit: dev=wlan0 skbaddr=ffffffc40db86d40 len=135 rc=0
           <...>-1779  [002] .... 10272.195814: netif_receive_skb: dev=wlan0 skbaddr=ffffffc4573279c0 len=99
  wpa_supplicant-16718 [000] .... 10272.196443: net_dev_queue: dev=wlan0 skbaddr=ffffffc4590d4a40 len=135
  wpa_supplicant-16718 [000] ...2 10272.196810: net_dev_xmit: dev=wlan0 skbaddr=ffffffc4590d4a40 len=135 rc=0
           <...>-1779  [000] .... 10273.196563: netif_receive_skb: dev=wlan0 skbaddr=ffffffc457325e40 len=99
  wpa_supplicant-16718 [002] .... 10273.197262: net_dev_queue: dev=wlan0 skbaddr=ffffffc457317240 len=135
  wpa_supplicant-16718 [002] ...2 10273.197607: net_dev_xmit: dev=wlan0 skbaddr=ffffffc457317240 len=135 rc=0
  wpa_supplicant-16718 [000] .... 10280.847458: rdev_connect: phy0, netdev:wlan0(11), bssid: 00:00:00:00:00:00, ssid: sravan, auth type: 0, privacy: true, wpa versions: 2, flags: 0, previous bssid: 00:00:00:00:00:00
           <...>-1779  [001] .... 10281.085761: netif_receive_skb: dev=wlan0 skbaddr=ffffffc4573260c0 len=99
  wpa_supplicant-16718 [000] .... 10281.132290: net_dev_queue: dev=wlan0 skbaddr=ffffffc421ccb240 len=135
  wpa_supplicant-16718 [000] .n.2 10281.132623: net_dev_xmit: dev=wlan0 skbaddr=ffffffc421ccb240 len=135 rc=0
           <...>-1779  [001] .... 10281.186490: netif_receive_skb: dev=wlan0 skbaddr=ffffffc457325440 len=99
  wpa_supplicant-16718 [001] .... 10281.187497: net_dev_queue: dev=wlan0 skbaddr=ffffffc4572b8a40 len=135
  wpa_supplicant-16718 [001] ...2 10281.187882: net_dev_xmit: dev=wlan0 skbaddr=ffffffc4572b8a40 len=135 rc=0
           <...>-1779  [002] .... 10282.188484: netif_receive_skb: dev=wlan0 skbaddr=ffffffc457324540 len=99
  wpa_supplicant-16718 [003] .... 10282.189076: net_dev_queue: dev=wlan0 skbaddr=ffffffc485286340 len=135
  wpa_supplicant-16718 [003] .n.2 10282.189487: net_dev_xmit: dev=wlan0 skbaddr=ffffffc485286340 len=135 rc=0
           <...>-1779  [002] .... 10283.199348: netif_receive_skb: dev=wlan0 skbaddr=ffffffc457324040 len=99
  wpa_supplicant-16718 [003] .... 10283.199923: net_dev_queue: dev=wlan0 skbaddr=ffffffc45726ccc0 len=135
  wpa_supplicant-16718 [003] ...2 10283.200278: net_dev_xmit: dev=wlan0 skbaddr=ffffffc45726ccc0 len=135 rc=0
  wpa_supplicant-16718 [000] .... 10290.851613: rdev_connect: phy0, netdev:wlan0(11), bssid: 00:00:00:00:00:00, ssid: sravan, auth type: 0, privacy: true, wpa versions: 2, flags: 0, previous bssid: 00:00:00:00:00:00
           <...>-1779  [001] .... 10291.099649: netif_receive_skb: dev=wlan0 skbaddr=ffffffc4573251c0 len=99
  wpa_supplicant-16718 [003] .... 10291.133528: net_dev_queue: dev=wlan0 skbaddr=ffffffc4590a65c0 len=135
  wpa_supplicant-16718 [003] .n.2 10291.133821: net_dev_xmit: dev=wlan0 skbaddr=ffffffc4590a65c0 len=135 rc=0
           <...>-1779  [001] .... 10291.196733: netif_receive_skb: dev=wlan0 skbaddr=ffffffc457327c40 len=99
  wpa_supplicant-16718 [003] .... 10291.197265: net_dev_queue: dev=wlan0 skbaddr=ffffffc45721c7c0 len=135
  wpa_supplicant-16718 [003] ...2 10291.197557: net_dev_xmit: dev=wlan0 skbaddr=ffffffc45721c7c0 len=135 rc=0
           <...>-1779  [001] .... 10292.209176: netif_receive_skb: dev=wlan0 skbaddr=ffffffc457326340 len=99
  wpa_supplicant-16718 [002] .... 10292.209702: net_dev_queue: dev=wlan0 skbaddr=ffffffc40db85bc0 len=135
  wpa_supplicant-16718 [002] ...2 10292.209989: net_dev_xmit: dev=wlan0 skbaddr=ffffffc40db85bc0 len=135 rc=0
           <...>-1779  [001] .... 10293.195580: netif_receive_skb: dev=wlan0 skbaddr=ffffffc457326d40 len=99
  wpa_supplicant-16718 [002] .... 10293.196086: net_dev_queue: dev=wlan0 skbaddr=ffffffc457324540 len=135
  wpa_supplicant-16718 [002] ...2 10293.196442: net_dev_xmit: dev=wlan0 skbaddr=ffffffc457324540 len=135 rc=0
--------------------------------------------------------------------
-------------------------- Latest last-mile log ---------------------------
# tracer: nop
#
# entries-in-buffer/entries-written: 680/776   #P:8
#
#                              _-----=> irqs-off
#                             / _----=> need-resched
#                            | / _---=> hardirq/softirq
#                            || / _--=> preempt-depth
#                            ||| /     delay
#           TASK-PID   CPU#  ||||    TIMESTAMP  FUNCTION
#              | |       |   ||||       |         |
           <...>-2135  [001] ....  3657.520643: rdev_connect: phy0, netdev:wlan0(11), bssid: 00:00:00:00:00:00, ssid: INNOMINDS-CORPORATE, auth type: 0, privacy: true, wpa versions: 2, flags: 0, previous bssid: 00:00:00:00:00:00
           <...>-1779  [001] ....  3657.920058: netif_receive_skb: dev=wlan0 skbaddr=ffffffc4579dc7c0 len=9
##### CPU 3 buffer started ####
           <...>-2135  [003] ....  3657.921488: net_dev_queue: dev=wlan0 skbaddr=ffffffc4593da5c0 len=30
           <...>-2135  [003] .n.2  3657.921759: net_dev_xmit: dev=wlan0 skbaddr=ffffffc4593da5c0 len=30 rc=0
           <...>-1779  [001] ....  3658.022163: netif_receive_skb: dev=wlan0 skbaddr=ffffffc4579dc540 len=10
           <...>-1779  [001] ....  3658.079916: netif_receive_skb: dev=wlan0 skbaddr=ffffffc4579dccc0 len=1390
           <...>-1779  [001] ....  3658.137782: netif_receive_skb: dev=wlan0 skbaddr=ffffffc4579de0c0 len=73
           <...>-1779  [001] ....  3658.173673: netif_receive_skb: dev=wlan0 skbaddr=ffffffc4579dc2c0 len=47
           <...>-1779  [001] ....  3658.209979: netif_receive_skb: dev=wlan0 skbaddr=ffffffc4579df9c0 len=63
           <...>-1779  [003] ....  3658.247493: netif_receive_skb: dev=wlan0 skbaddr=ffffffc4579dd6c0 len=79
           <...>-1779  [003] ....  3658.281016: netif_receive_skb: dev=wlan0 skbaddr=ffffffc4579dde40 len=95
           <...>-2135  [001] ....  3658.281385: net_dev_queue: dev=wlan0 skbaddr=ffffffc4336eccc0 len=61
           <...>-2135  [001] .n.2  3658.281715: net_dev_xmit: dev=wlan0 skbaddr=ffffffc4336eccc0 len=61 rc=0
##### CPU 2 buffer started ####
           <...>-1779  [002] ....  3658.313831: netif_receive_skb: dev=wlan0 skbaddr=ffffffc4579de840 len=111
           <...>-1779  [002] ....  3658.347414: netif_receive_skb: dev=wlan0 skbaddr=ffffffc4579dd440 len=8
           <...>-1779  [002] ....  3658.358673: netif_receive_skb: dev=wlan0 skbaddr=ffffffc4579ddbc0 len=121
           <...>-2135  [003] ....  3658.360775: net_dev_queue: dev=wlan0 skbaddr=ffffffc4336eca40 len=264
           <...>-2135  [003] ...2  3658.360999: net_dev_xmit: dev=wlan0 skbaddr=ffffffc4336eca40 len=264 rc=0
           <...>-1779  [002] ....  3658.389958: netif_receive_skb: dev=wlan0 skbaddr=ffffffc4579dc040 len=307
           <...>-11236 [002] ....  3658.512007: net_dev_queue: dev=wlan0 skbaddr=ffffffc424304cc0 len=86
           <...>-11236 [002] ...2  3658.512315: net_dev_xmit: dev=wlan0 skbaddr=ffffffc424304cc0 len=86 rc=0
           <...>-2110  [002] ..s.  3658.516440: net_dev_queue: dev=wlan0 skbaddr=ffffffc4593b79c0 len=90
           <...>-2110  [002] ..s2  3658.516597: net_dev_xmit: dev=wlan0 skbaddr=ffffffc4593b79c0 len=90 rc=0
##### CPU 4 buffer started ####
           <...>-2517  [004] ....  3658.542476: net_dev_queue: dev=wlan0 skbaddr=ffffffc4593d96c0 len=328
           <...>-2517  [004] ...2  3658.542601: net_dev_xmit: dev=wlan0 skbaddr=ffffffc4593d96c0 len=328 rc=0
           <...>-1779  [003] ....  3658.546557: netif_receive_skb: dev=wlan0 skbaddr=ffffffc457938040 len=72
           <...>-1779  [003] ....  3658.546784: netif_receive_skb: dev=wlan0 skbaddr=ffffffc457938a40 len=42
           <...>-2517  [003] ....  3658.565438: net_dev_queue: dev=wlan0 skbaddr=ffffffc424307c40 len=340
           <...>-2517  [003] ...2  3658.565637: net_dev_xmit: dev=wlan0 skbaddr=ffffffc424307c40 len=340 rc=0
           <...>-11757 [003] ....  3658.662703: net_dev_queue: dev=wlan0 skbaddr=ffffffc4336ec040 len=42
           <...>-11757 [003] ...2  3658.662955: net_dev_xmit: dev=wlan0 skbaddr=ffffffc4336ec040 len=42 rc=0
           <...>-1779  [003] ....  3658.730385: netif_receive_skb: dev=wlan0 skbaddr=ffffffc4579defc0 len=46
           <...>-1779  [003] ....  3658.730502: net_dev_queue: dev=wlan0 skbaddr=ffffffc4220ba428 len=78
           <...>-1779  [003] .n.2  3658.730675: net_dev_xmit: dev=wlan0 skbaddr=ffffffc4220ba428 len=78 rc=0
           <...>-1779  [003] .n..  3658.730694: net_dev_queue: dev=wlan0 skbaddr=ffffffc4220b84a8 len=78
           <...>-1779  [003] .n.2  3658.730849: net_dev_xmit: dev=wlan0 skbaddr=ffffffc4220b84a8 len=78 rc=0
           <...>-1779  [003] .n..  3658.730864: net_dev_queue: dev=wlan0 skbaddr=ffffffc45793afc0 len=89
           <...>-1779  [003] .n.2  3658.731017: net_dev_xmit: dev=wlan0 skbaddr=ffffffc45793afc0 len=89 rc=0
           <...>-1779  [003] .n..  3658.731030: net_dev_queue: dev=wlan0 skbaddr=ffffffc43cc92d40 len=74
           <...>-1779  [003] .n.2  3658.731115: net_dev_xmit: dev=wlan0 skbaddr=ffffffc43cc92d40 len=74 rc=0
           <...>-1779  [003] .n..  3658.731128: net_dev_queue: dev=wlan0 skbaddr=ffffffc424304f40 len=76
           <...>-1779  [003] .n.2  3658.731211: net_dev_xmit: dev=wlan0 skbaddr=ffffffc424304f40 len=76 rc=0
           <...>-1779  [001] ....  3658.741879: netif_receive_skb: dev=wlan0 skbaddr=ffffffc4579ded40 len=46
           <...>-1779  [001] ....  3658.742174: netif_receive_skb: dev=wlan0 skbaddr=ffffffc4579dca40 len=91
           <...>-1779  [001] ....  3658.742310: netif_receive_skb: dev=wlan0 skbaddr=ffffffc457a111c0 len=76
           <...>-1779  [001] ....  3658.742443: netif_receive_skb: dev=wlan0 skbaddr=ffffffc457a10540 len=46
           <...>-1779  [002] ....  3658.754616: netif_receive_skb: dev=wlan0 skbaddr=ffffffc457a12340 len=126
##### CPU 6 buffer started ####
           <...>-11761 [006] ....  3658.756096: net_dev_queue: dev=wlan0 skbaddr=ffffffc4220ba428 len=74
           <...>-11761 [006] ...2  3658.756183: net_dev_xmit: dev=wlan0 skbaddr=ffffffc4220ba428 len=74 rc=0
           <...>-2294  [006] ....  3658.757649: net_dev_queue: dev=wlan0 skbaddr=ffffffc421cc8cc0 len=90
           <...>-2294  [006] ...2  3658.757705: net_dev_xmit: dev=wlan0 skbaddr=ffffffc421cc8cc0 len=90 rc=0
           <...>-11760 [001] ....  3658.772340: net_dev_queue: dev=wlan0 skbaddr=ffffffc4220bdc28 len=74
           <...>-11760 [001] .n.2  3658.772592: net_dev_xmit: dev=wlan0 skbaddr=ffffffc4220bdc28 len=74 rc=0
           <...>-11773 [002] ....  3658.826410: net_dev_queue: dev=wlan0 skbaddr=ffffffc4579dde40 len=77
           <...>-11773 [002] ...2  3658.826602: net_dev_xmit: dev=wlan0 skbaddr=ffffffc4579dde40 len=77 rc=0
           <...>-1779  [002] ....  3658.849147: netif_receive_skb: dev=wlan0 skbaddr=ffffffc45793aac0 len=314
           <...>-1779  [002] ....  3658.849555: netif_receive_skb: dev=wlan0 skbaddr=ffffffc45793b9c0 len=78
           <...>-1779  [002] ....  3658.850019: netif_receive_skb: dev=wlan0 skbaddr=ffffffc457939bc0 len=326
           <...>-1779  [002] ....  3658.857739: netif_receive_skb: dev=wlan0 skbaddr=ffffffc457a120c0 len=28
           <...>-1779  [002] ....  3658.857847: netif_receive_skb: dev=wlan0 skbaddr=ffffffc457a11940 len=28
           <...>-11775 [003] .n..  3658.874918: net_dev_queue: dev=wlan0 skbaddr=ffffffc4336eeac0 len=113
           <...>-11775 [003] .n.2  3658.875064: net_dev_xmit: dev=wlan0 skbaddr=ffffffc4336eeac0 len=113 rc=0
           <...>-1779  [001] ....  3658.929798: netif_receive_skb: dev=wlan0 skbaddr=ffffffc457a139c0 len=186
           <...>-1779  [003] ....  3658.960189: netif_receive_skb: dev=wlan0 skbaddr=ffffffc457a13740 len=115
           <...>-1779  [003] ....  3659.159060: netif_receive_skb: dev=wlan0 skbaddr=ffffffc45793a0c0 len=357
          <idle>-0     [002] ..s1  3659.336514: net_dev_queue: dev=wlan0 skbaddr=ffffffc4590bc2c0 len=90
          <idle>-0     [002] .ns3  3659.336819: net_dev_xmit: dev=wlan0 skbaddr=ffffffc4590bc2c0 len=90 rc=0
           <...>-11236 [002] ....  3659.528932: net_dev_queue: dev=wlan0 skbaddr=ffffffc421ccb740 len=90
           <...>-11236 [002] ...2  3659.529125: net_dev_xmit: dev=wlan0 skbaddr=ffffffc421ccb740 len=90 rc=0
           <...>-11236 [002] ....  3659.529273: net_dev_queue: dev=wlan0 skbaddr=ffffffc421cc87c0 len=70
           <...>-11236 [002] ...2  3659.529468: net_dev_xmit: dev=wlan0 skbaddr=ffffffc421cc87c0 len=70 rc=0
          <idle>-0     [006] .ns2  3659.753254: net_dev_queue: dev=wlan0 skbaddr=ffffffc4220ba428 len=74
          <idle>-0     [006] .ns4  3659.753378: net_dev_xmit: dev=wlan0 skbaddr=ffffffc4220ba428 len=74 rc=0
          <idle>-0     [001] ..s2  3659.784429: net_dev_queue: dev=wlan0 skbaddr=ffffffc4220bdc28 len=74
          <idle>-0     [001] .ns4  3659.784657: net_dev_xmit: dev=wlan0 skbaddr=ffffffc4220bdc28 len=74 rc=0
          <idle>-0     [002] ..s1  3660.040714: net_dev_queue: dev=wlan0 skbaddr=ffffffc4579de0c0 len=90
          <idle>-0     [002] ..s3  3660.040940: net_dev_xmit: dev=wlan0 skbaddr=ffffffc4579de0c0 len=90 rc=0
           <...>-1779  [001] ....  3661.617063: netif_receive_skb: dev=wlan0 skbaddr=ffffffc4579de5c0 len=78
           <...>-1779  [001] ....  3661.617258: netif_receive_skb: dev=wlan0 skbaddr=ffffffc4579df740 len=78
           <...>-1779  [001] ....  3661.617357: netif_receive_skb: dev=wlan0 skbaddr=ffffffc4579dcf40 len=78
           <...>-1779  [001] ....  3661.617425: netif_receive_skb: dev=wlan0 skbaddr=ffffffc4579dd940 len=78
